Archive member included to satisfy reference by file (symbol)

/Applications/Eclipse.app/Contents/Eclipse/plugins/fr.ac6.mcu.externaltools.arm-none.macos64_1.17.0.201812190825/tools/compiler/bin/../lib/gcc/arm-none-eabi/7.3.1/../../../../arm-none-eabi/lib/thumb/v7-m/libm.a(lib_a-s_sin.o)
                              Src/AD5933.o (sin)
/Applications/Eclipse.app/Contents/Eclipse/plugins/fr.ac6.mcu.externaltools.arm-none.macos64_1.17.0.201812190825/tools/compiler/bin/../lib/gcc/arm-none-eabi/7.3.1/../../../../arm-none-eabi/lib/thumb/v7-m/libm.a(lib_a-w_atan2.o)
                              Src/AD5933.o (atan2)
/Applications/Eclipse.app/Contents/Eclipse/plugins/fr.ac6.mcu.externaltools.arm-none.macos64_1.17.0.201812190825/tools/compiler/bin/../lib/gcc/arm-none-eabi/7.3.1/../../../../arm-none-eabi/lib/thumb/v7-m/libm.a(lib_a-w_sqrt.o)
                              Src/AD5933.o (sqrt)
/Applications/Eclipse.app/Contents/Eclipse/plugins/fr.ac6.mcu.externaltools.arm-none.macos64_1.17.0.201812190825/tools/compiler/bin/../lib/gcc/arm-none-eabi/7.3.1/../../../../arm-none-eabi/lib/thumb/v7-m/libm.a(lib_a-e_atan2.o)
                              /Applications/Eclipse.app/Contents/Eclipse/plugins/fr.ac6.mcu.externaltools.arm-none.macos64_1.17.0.201812190825/tools/compiler/bin/../lib/gcc/arm-none-eabi/7.3.1/../../../../arm-none-eabi/lib/thumb/v7-m/libm.a(lib_a-w_atan2.o) (__ieee754_atan2)
/Applications/Eclipse.app/Contents/Eclipse/plugins/fr.ac6.mcu.externaltools.arm-none.macos64_1.17.0.201812190825/tools/compiler/bin/../lib/gcc/arm-none-eabi/7.3.1/../../../../arm-none-eabi/lib/thumb/v7-m/libm.a(lib_a-e_rem_pio2.o)
                              /Applications/Eclipse.app/Contents/Eclipse/plugins/fr.ac6.mcu.externaltools.arm-none.macos64_1.17.0.201812190825/tools/compiler/bin/../lib/gcc/arm-none-eabi/7.3.1/../../../../arm-none-eabi/lib/thumb/v7-m/libm.a(lib_a-s_sin.o) (__ieee754_rem_pio2)
/Applications/Eclipse.app/Contents/Eclipse/plugins/fr.ac6.mcu.externaltools.arm-none.macos64_1.17.0.201812190825/tools/compiler/bin/../lib/gcc/arm-none-eabi/7.3.1/../../../../arm-none-eabi/lib/thumb/v7-m/libm.a(lib_a-e_sqrt.o)
                              /Applications/Eclipse.app/Contents/Eclipse/plugins/fr.ac6.mcu.externaltools.arm-none.macos64_1.17.0.201812190825/tools/compiler/bin/../lib/gcc/arm-none-eabi/7.3.1/../../../../arm-none-eabi/lib/thumb/v7-m/libm.a(lib_a-w_sqrt.o) (__ieee754_sqrt)
/Applications/Eclipse.app/Contents/Eclipse/plugins/fr.ac6.mcu.externaltools.arm-none.macos64_1.17.0.201812190825/tools/compiler/bin/../lib/gcc/arm-none-eabi/7.3.1/../../../../arm-none-eabi/lib/thumb/v7-m/libm.a(lib_a-k_cos.o)
                              /Applications/Eclipse.app/Contents/Eclipse/plugins/fr.ac6.mcu.externaltools.arm-none.macos64_1.17.0.201812190825/tools/compiler/bin/../lib/gcc/arm-none-eabi/7.3.1/../../../../arm-none-eabi/lib/thumb/v7-m/libm.a(lib_a-s_sin.o) (__kernel_cos)
/Applications/Eclipse.app/Contents/Eclipse/plugins/fr.ac6.mcu.externaltools.arm-none.macos64_1.17.0.201812190825/tools/compiler/bin/../lib/gcc/arm-none-eabi/7.3.1/../../../../arm-none-eabi/lib/thumb/v7-m/libm.a(lib_a-k_rem_pio2.o)
                              /Applications/Eclipse.app/Contents/Eclipse/plugins/fr.ac6.mcu.externaltools.arm-none.macos64_1.17.0.201812190825/tools/compiler/bin/../lib/gcc/arm-none-eabi/7.3.1/../../../../arm-none-eabi/lib/thumb/v7-m/libm.a(lib_a-e_rem_pio2.o) (__kernel_rem_pio2)
/Applications/Eclipse.app/Contents/Eclipse/plugins/fr.ac6.mcu.externaltools.arm-none.macos64_1.17.0.201812190825/tools/compiler/bin/../lib/gcc/arm-none-eabi/7.3.1/../../../../arm-none-eabi/lib/thumb/v7-m/libm.a(lib_a-k_sin.o)
                              /Applications/Eclipse.app/Contents/Eclipse/plugins/fr.ac6.mcu.externaltools.arm-none.macos64_1.17.0.201812190825/tools/compiler/bin/../lib/gcc/arm-none-eabi/7.3.1/../../../../arm-none-eabi/lib/thumb/v7-m/libm.a(lib_a-s_sin.o) (__kernel_sin)
/Applications/Eclipse.app/Contents/Eclipse/plugins/fr.ac6.mcu.externaltools.arm-none.macos64_1.17.0.201812190825/tools/compiler/bin/../lib/gcc/arm-none-eabi/7.3.1/../../../../arm-none-eabi/lib/thumb/v7-m/libm.a(lib_a-s_atan.o)
                              /Applications/Eclipse.app/Contents/Eclipse/plugins/fr.ac6.mcu.externaltools.arm-none.macos64_1.17.0.201812190825/tools/compiler/bin/../lib/gcc/arm-none-eabi/7.3.1/../../../../arm-none-eabi/lib/thumb/v7-m/libm.a(lib_a-e_atan2.o) (atan)
/Applications/Eclipse.app/Contents/Eclipse/plugins/fr.ac6.mcu.externaltools.arm-none.macos64_1.17.0.201812190825/tools/compiler/bin/../lib/gcc/arm-none-eabi/7.3.1/../../../../arm-none-eabi/lib/thumb/v7-m/libm.a(lib_a-s_fabs.o)
                              /Applications/Eclipse.app/Contents/Eclipse/plugins/fr.ac6.mcu.externaltools.arm-none.macos64_1.17.0.201812190825/tools/compiler/bin/../lib/gcc/arm-none-eabi/7.3.1/../../../../arm-none-eabi/lib/thumb/v7-m/libm.a(lib_a-e_atan2.o) (fabs)
[...]
Memory Configuration

Name             Origin             Length             Attributes
RAM              0x0000000020000000 0x000000000000c000 xrw
FLASH            0x0000000008000000 0x0000000000040000 xr
*default*        0x0000000000000000 0xffffffffffffffff

Linker script and memory map

LOAD /Applications/Eclipse.app/Contents/Eclipse/plugins/fr.ac6.mcu.externaltools.arm-none.macos64_1.17.0.201812190825/tools/compiler/bin/../lib/gcc/arm-none-eabi/7.3.1/thumb/v7-m/crti.o
LOAD /Applications/Eclipse.app/Contents/Eclipse/plugins/fr.ac6.mcu.externaltools.arm-none.macos64_1.17.0.201812190825/tools/compiler/bin/../lib/gcc/arm-none-eabi/7.3.1/thumb/v7-m/crtbegin.o
LOAD /Applications/Eclipse.app/Contents/Eclipse/plugins/fr.ac6.mcu.externaltools.arm-none.macos64_1.17.0.201812190825/tools/compiler/bin/../lib/gcc/arm-none-eabi/7.3.1/../../../../arm-none-eabi/lib/thumb/v7-m/crt0.o
LOAD Drivers/STM32F1xx_HAL_Driver/Src/stm32f1xx_hal.o
LOAD Drivers/STM32F1xx_HAL_Driver/Src/stm32f1xx_hal_adc.o
LOAD Drivers/STM32F1xx_HAL_Driver/Src/stm32f1xx_hal_adc_ex.o
LOAD Drivers/STM32F1xx_HAL_Driver/Src/stm32f1xx_hal_cortex.o
LOAD Drivers/STM32F1xx_HAL_Driver/Src/stm32f1xx_hal_dac.o
LOAD Drivers/STM32F1xx_HAL_Driver/Src/stm32f1xx_hal_dac_ex.o
LOAD Drivers/STM32F1xx_HAL_Driver/Src/stm32f1xx_hal_dma.o
LOAD Drivers/STM32F1xx_HAL_Driver/Src/stm32f1xx_hal_exti.o
LOAD Drivers/STM32F1xx_HAL_Driver/Src/stm32f1xx_hal_flash.o
LOAD Drivers/STM32F1xx_HAL_Driver/Src/stm32f1xx_hal_flash_ex.o
LOAD Drivers/STM32F1xx_HAL_Driver/Src/stm32f1xx_hal_gpio.o
LOAD Drivers/STM32F1xx_HAL_Driver/Src/stm32f1xx_hal_gpio_ex.o
LOAD Drivers/STM32F1xx_HAL_Driver/Src/stm32f1xx_hal_pwr.o
LOAD Drivers/STM32F1xx_HAL_Driver/Src/stm32f1xx_hal_rcc.o
LOAD Drivers/STM32F1xx_HAL_Driver/Src/stm32f1xx_hal_rcc_ex.o
LOAD Drivers/STM32F1xx_HAL_Driver/Src/stm32f1xx_hal_rtc.o
LOAD Drivers/STM32F1xx_HAL_Driver/Src/stm32f1xx_hal_rtc_ex.o
LOAD Drivers/STM32F1xx_HAL_Driver/Src/stm32f1xx_hal_spi.o
LOAD Drivers/STM32F1xx_HAL_Driver/Src/stm32f1xx_hal_spi_ex.o
LOAD Drivers/STM32F1xx_HAL_Driver/Src/stm32f1xx_hal_tim.o
LOAD Drivers/STM32F1xx_HAL_Driver/Src/stm32f1xx_hal_tim_ex.o
LOAD Drivers/STM32F1xx_HAL_Driver/Src/stm32f1xx_hal_uart.o
LOAD Src/AD5933.o
LOAD Src/adc.o
LOAD Src/bsp_rtc.o
LOAD Src/bsp_spi_flash.o
LOAD Src/dac.o
LOAD Src/delay.o
LOAD Src/dma.o
LOAD Src/gpio.o
LOAD Src/main.o
LOAD Src/rtc.o
LOAD Src/spi.o
LOAD Src/stm32f1xx_hal_msp.o
LOAD Src/stm32f1xx_it.o
LOAD Src/syscalls.o
LOAD Src/system_stm32f1xx.o
LOAD Src/tim.o
LOAD Src/usart.o
LOAD startup/startup_stm32f103xe.o
LOAD /Applications/Eclipse.app/Contents/Eclipse/plugins/fr.ac6.mcu.externaltools.arm-none.macos64_1.17.0.201812190825/tools/compiler/bin/../lib/gcc/arm-none-eabi/7.3.1/../../../../arm-none-eabi/lib/thumb/v7-m/libm.a
START GROUP
LOAD /Applications/Eclipse.app/Contents/Eclipse/plugins/fr.ac6.mcu.externaltools.arm-none.macos64_1.17.0.201812190825/tools/compiler/bin/../lib/gcc/arm-none-eabi/7.3.1/thumb/v7-m/libgcc.a
LOAD /Applications/Eclipse.app/Contents/Eclipse/plugins/fr.ac6.mcu.externaltools.arm-none.macos64_1.17.0.201812190825/tools/compiler/bin/../lib/gcc/arm-none-eabi/7.3.1/../../../../arm-none-eabi/lib/thumb/v7-m/libc_nano.a
END GROUP
START GROUP
LOAD /Applications/Eclipse.app/Contents/Eclipse/plugins/fr.ac6.mcu.externaltools.arm-none.macos64_1.17.0.201812190825/tools/compiler/bin/../lib/gcc/arm-none-eabi/7.3.1/thumb/v7-m/libgcc.a
LOAD /Applications/Eclipse.app/Contents/Eclipse/plugins/fr.ac6.mcu.externaltools.arm-none.macos64_1.17.0.201812190825/tools/compiler/bin/../lib/gcc/arm-none-eabi/7.3.1/../../../../arm-none-eabi/lib/thumb/v7-m/libc_nano.a
LOAD /Applications/Eclipse.app/Contents/Eclipse/plugins/fr.ac6.mcu.externaltools.arm-none.macos64_1.17.0.201812190825/tools/compiler/bin/../lib/gcc/arm-none-eabi/7.3.1/../../../../arm-none-eabi/lib/thumb/v7-m/libnosys.a
END GROUP
START GROUP
LOAD /Applications/Eclipse.app/Contents/Eclipse/plugins/fr.ac6.mcu.externaltools.arm-none.macos64_1.17.0.201812190825/tools/compiler/bin/../lib/gcc/arm-none-eabi/7.3.1/thumb/v7-m/libgcc.a
LOAD /Applications/Eclipse.app/Contents/Eclipse/plugins/fr.ac6.mcu.externaltools.arm-none.macos64_1.17.0.201812190825/tools/compiler/bin/../lib/gcc/arm-none-eabi/7.3.1/../../../../arm-none-eabi/lib/thumb/v7-m/libc_nano.a
LOAD /Applications/Eclipse.app/Contents/Eclipse/plugins/fr.ac6.mcu.externaltools.arm-none.macos64_1.17.0.201812190825/tools/compiler/bin/../lib/gcc/arm-none-eabi/7.3.1/../../../../arm-none-eabi/lib/thumb/v7-m/libnosys.a
END GROUP
LOAD /Applications/Eclipse.app/Contents/Eclipse/plugins/fr.ac6.mcu.externaltools.arm-none.macos64_1.17.0.201812190825/tools/compiler/bin/../lib/gcc/arm-none-eabi/7.3.1/thumb/v7-m/crtend.o
LOAD /Applications/Eclipse.app/Contents/Eclipse/plugins/fr.ac6.mcu.externaltools.arm-none.macos64_1.17.0.201812190825/tools/compiler/bin/../lib/gcc/arm-none-eabi/7.3.1/thumb/v7-m/crtn.o
                0x000000002000c000                _estack = 0x2000c000
                0x0000000000000200                _Min_Heap_Size = 0x200
                0x0000000000000400                _Min_Stack_Size = 0x400

.isr_vector     0x0000000008000000      0x1e4
                0x0000000008000000                . = ALIGN (0x4)
 *(.isr_vector)
 .isr_vector    0x0000000008000000      0x1e4 startup/startup_stm32f103xe.o
                0x0000000008000000                g_pfnVectors
                0x00000000080001e4                . = ALIGN (0x4)

.text           0x00000000080001e8     0xe174
                0x00000000080001e8                . = ALIGN (0x4)
 *(.text)
 .text          0x00000000080001e8       0x40 /Applications/Eclipse.app/Contents/Eclipse/plugins/fr.ac6.mcu.externaltools.arm-none.macos64_1.17.0.201812190825/tools/compiler/bin/../lib/gcc/arm-none-eabi/7.3.1/thumb/v7-m/crtbegin.o
 .text          0x0000000008000228      0x378 /Applications/Eclipse.app/Contents/Eclipse/plugins/fr.ac6.mcu.externaltools.arm-none.macos64_1.17.0.201812190825/tools/compiler/bin/../lib/gcc/arm-none-eabi/7.3.1/thumb/v7-m/libgcc.a(_arm_addsubdf3.o)
                0x0000000008000228                __aeabi_drsub
                0x0000000008000230                __subdf3
                0x0000000008000230                __aeabi_dsub
                0x0000000008000234                __aeabi_dadd
                0x0000000008000234                __adddf3
                0x00000000080004ac                __aeabi_ui2d
                0x00000000080004ac                __floatunsidf
                0x00000000080004cc                __floatsidf
                0x00000000080004cc                __aeabi_i2d
                0x00000000080004f0                __extendsfdf2
                0x00000000080004f0                __aeabi_f2d
                0x0000000008000534                __aeabi_ul2d
                0x0000000008000534                __floatundidf
                0x0000000008000544                __aeabi_l2d
                0x0000000008000544                __floatdidf
 .text          0x00000000080005a0      0x424 /Applications/Eclipse.app/Contents/Eclipse/plugins/fr.ac6.mcu.externaltools.arm-none.macos64_1.17.0.201812190825/tools/compiler/bin/../lib/gcc/arm-none-eabi/7.3.1/thumb/v7-m/libgcc.a(_arm_muldivdf3.o)
                0x00000000080005a0                __aeabi_dmul
                0x00000000080005a0                __muldf3
                0x00000000080007f4                __aeabi_ddiv
                0x00000000080007f4                __divdf3
 .text          0x00000000080009c4      0x110 /Applications/Eclipse.app/Contents/Eclipse/plugins/fr.ac6.mcu.externaltools.arm-none.macos64_1.17.0.201812190825/tools/compiler/bin/../lib/gcc/arm-none-eabi/7.3.1/thumb/v7-m/libgcc.a(_arm_cmpdf2.o)
                0x00000000080009c4                __gedf2
                0x00000000080009c4                __gtdf2
                0x00000000080009cc                __ledf2
                0x00000000080009cc                __ltdf2
                0x00000000080009d4                __cmpdf2
                0x00000000080009d4                __eqdf2
                0x00000000080009d4                __nedf2
                0x0000000008000a50                __aeabi_cdrcmple
                0x0000000008000a60                __aeabi_cdcmple
                0x0000000008000a60                __aeabi_cdcmpeq
                0x0000000008000a70                __aeabi_dcmpeq
                0x0000000008000a84                __aeabi_dcmplt
                0x0000000008000a98                __aeabi_dcmple
                0x0000000008000aac                __aeabi_dcmpge
                0x0000000008000ac0                __aeabi_dcmpgt
 .text          0x0000000008000ad4       0x2c /Applications/Eclipse.app/Contents/Eclipse/plugins/fr.ac6.mcu.externaltools.arm-none.macos64_1.17.0.201812190825/tools/compiler/bin/../lib/gcc/arm-none-eabi/7.3.1/thumb/v7-m/libgcc.a(_arm_unorddf2.o)
                0x0000000008000ad4                __aeabi_dcmpun
                0x0000000008000ad4                __unorddf2
 .text          0x0000000008000b00       0x40 /Applications/Eclipse.app/Contents/Eclipse/plugins/fr.ac6.mcu.externaltools.arm-none.macos64_1.17.0.201812190825/tools/compiler/bin/../lib/gcc/arm-none-eabi/7.3.1/thumb/v7-m/libgcc.a(_arm_fixunsdfsi.o)
                0x0000000008000b00                __fixunsdfsi
                0x0000000008000b00                __aeabi_d2uiz
 .text          0x0000000008000b40       0xa0 /Applications/Eclipse.app/Contents/Eclipse/plugins/fr.ac6.mcu.externaltools.arm-none.macos64_1.17.0.201812190825/tools/compiler/bin/../lib/gcc/arm-none-eabi/7.3.1/thumb/v7-m/libgcc.a(_arm_truncdfsf2.o)
                0x0000000008000b40                __aeabi_d2f
                0x0000000008000b40                __truncdfsf2
 .text          0x0000000008000be0      0x21c /Applications/Eclipse.app/Contents/Eclipse/plugins/fr.ac6.mcu.externaltools.arm-none.macos64_1.17.0.201812190825/tools/compiler/bin/../lib/gcc/arm-none-eabi/7.3.1/thumb/v7-m/libgcc.a(_arm_addsubsf3.o)
                0x0000000008000be0                __aeabi_frsub
                0x0000000008000be8                __aeabi_fsub
                0x0000000008000be8                __subsf3
                0x0000000008000bec                __aeabi_fadd
                0x0000000008000bec                __addsf3
                0x0000000008000d4c                __aeabi_ui2f
                0x0000000008000d4c                __floatunsisf
                0x0000000008000d54                __floatsisf
                0x0000000008000d54                __aeabi_i2f
                0x0000000008000d70                __aeabi_ul2f
                0x0000000008000d70                __floatundisf
                0x0000000008000d80                __aeabi_l2f
                0x0000000008000d80                __floatdisf
 .text          0x0000000008000dfc      0x2a0 /Applications/Eclipse.app/Contents/Eclipse/plugins/fr.ac6.mcu.externaltools.arm-none.macos64_1.17.0.201812190825/tools/compiler/bin/../lib/gcc/arm-none-eabi/7.3.1/thumb/v7-m/libgcc.a(_arm_muldivsf3.o)
                0x0000000008000dfc                __mulsf3
                0x0000000008000dfc                __aeabi_fmul
                0x0000000008000f64                __divsf3
                0x0000000008000f64                __aeabi_fdiv
 .text          0x000000000800109c       0xec /Applications/Eclipse.app/Contents/Eclipse/plugins/fr.ac6.mcu.externaltools.arm-none.macos64_1.17.0.201812190825/tools/compiler/bin/../lib/gcc/arm-none-eabi/7.3.1/thumb/v7-m/libgcc.a(_arm_cmpsf2.o)
                0x000000000800109c                __gesf2
                0x000000000800109c                __gtsf2
                0x00000000080010a4                __ltsf2
                0x00000000080010a4                __lesf2
                0x00000000080010ac                __nesf2
                0x00000000080010ac                __eqsf2
                0x00000000080010ac                __cmpsf2
                0x000000000800110c                __aeabi_cfrcmple
                0x0000000008001114                __aeabi_cfcmpeq
                0x0000000008001114                __aeabi_cfcmple
                0x0000000008001124                __aeabi_fcmpeq
                0x0000000008001138                __aeabi_fcmplt
                0x000000000800114c                __aeabi_fcmple
                0x0000000008001160                __aeabi_fcmpge
                0x0000000008001174                __aeabi_fcmpgt
 .text          0x0000000008001188       0x4c /Applications/Eclipse.app/Contents/Eclipse/plugins/fr.ac6.mcu.externaltools.arm-none.macos64_1.17.0.201812190825/tools/compiler/bin/../lib/gcc/arm-none-eabi/7.3.1/thumb/v7-m/libgcc.a(_arm_fixsfsi.o)
                0x0000000008001188                __fixsfsi
                0x0000000008001188                __aeabi_f2iz
 .text          0x00000000080011d4       0x40 /Applications/Eclipse.app/Contents/Eclipse/plugins/fr.ac6.mcu.externaltools.arm-none.macos64_1.17.0.201812190825/tools/compiler/bin/../lib/gcc/arm-none-eabi/7.3.1/thumb/v7-m/libgcc.a(_arm_fixunssfsi.o)
                0x00000000080011d4                __aeabi_f2uiz
                0x00000000080011d4                __fixunssfsi
 *(.text*)
 .text.HAL_InitTick
                0x0000000008001214       0x48 Drivers/STM32F1xx_HAL_Driver/Src/stm32f1xx_hal.o
                0x0000000008001214                HAL_InitTick
 .text.HAL_Init
                0x000000000800125c       0x24 Drivers/STM32F1xx_HAL_Driver/Src/stm32f1xx_hal.o
                0x000000000800125c                HAL_Init
 .text.HAL_IncTick
                0x0000000008001280       0x18 Drivers/STM32F1xx_HAL_Driver/Src/stm32f1xx_hal.o
                0x0000000008001280                HAL_IncTick
 .text.HAL_GetTick
                0x0000000008001298        0xc Drivers/STM32F1xx_HAL_Driver/Src/stm32f1xx_hal.o
                0x0000000008001298                HAL_GetTick
 .text.HAL_Delay
                0x00000000080012a4       0x28 Drivers/STM32F1xx_HAL_Driver/Src/stm32f1xx_hal.o
                0x00000000080012a4                HAL_Delay
 .text.HAL_ADC_PollForConversion
                0x00000000080012cc      0x170 Drivers/STM32F1xx_HAL_Driver/Src/stm32f1xx_hal_adc.o
                0x00000000080012cc                HAL_ADC_PollForConversion
 .text.HAL_ADC_GetValue
                0x000000000800143c        0x6 Drivers/STM32F1xx_HAL_Driver/Src/stm32f1xx_hal_adc.o
                0x000000000800143c                HAL_ADC_GetValue
 *fill*         0x0000000008001442        0x2 
 .text.HAL_ADC_ConfigChannel
                0x0000000008001444      0x138 Drivers/STM32F1xx_HAL_Driver/Src/stm32f1xx_hal_adc.o
                0x0000000008001444                HAL_ADC_ConfigChannel
 .text.ADC_Enable
                0x000000000800157c       0x80 Drivers/STM32F1xx_HAL_Driver/Src/stm32f1xx_hal_adc.o
                0x000000000800157c                ADC_Enable
 .text.HAL_ADC_Start
                0x00000000080015fc       0xec Drivers/STM32F1xx_HAL_Driver/Src/stm32f1xx_hal_adc.o
                0x00000000080015fc                HAL_ADC_Start
 .text.ADC_ConversionStop_Disable
                0x00000000080016e8       0x4c Drivers/STM32F1xx_HAL_Driver/Src/stm32f1xx_hal_adc.o
                0x00000000080016e8                ADC_ConversionStop_Disable
 .text.HAL_ADC_Init
                0x0000000008001734      0x12c Drivers/STM32F1xx_HAL_Driver/Src/stm32f1xx_hal_adc.o
                0x0000000008001734                HAL_ADC_Init
 .text.HAL_ADC_Stop
                0x0000000008001860       0x3a Drivers/STM32F1xx_HAL_Driver/Src/stm32f1xx_hal_adc.o
                0x0000000008001860                HAL_ADC_Stop
 *fill*         0x000000000800189a        0x2 
 .text.HAL_ADCEx_Calibration_Start
                0x000000000800189c       0xec Drivers/STM32F1xx_HAL_Driver/Src/stm32f1xx_hal_adc_ex.o
                0x000000000800189c                HAL_ADCEx_Calibration_Start
 .text.HAL_NVIC_SetPriorityGrouping
                0x0000000008001988       0x24 Drivers/STM32F1xx_HAL_Driver/Src/stm32f1xx_hal_cortex.o
                0x0000000008001988                HAL_NVIC_SetPriorityGrouping
 .text.HAL_NVIC_SetPriority
                0x00000000080019ac       0x68 Drivers/STM32F1xx_HAL_Driver/Src/stm32f1xx_hal_cortex.o
                0x00000000080019ac                HAL_NVIC_SetPriority
 .text.HAL_NVIC_EnableIRQ
                0x0000000008001a14       0x1c Drivers/STM32F1xx_HAL_Driver/Src/stm32f1xx_hal_cortex.o
                0x0000000008001a14                HAL_NVIC_EnableIRQ
 .text.HAL_NVIC_DisableIRQ
                0x0000000008001a30       0x24 Drivers/STM32F1xx_HAL_Driver/Src/stm32f1xx_hal_cortex.o
                0x0000000008001a30                HAL_NVIC_DisableIRQ
 .text.HAL_SYSTICK_Config
                0x0000000008001a54       0x2c Drivers/STM32F1xx_HAL_Driver/Src/stm32f1xx_hal_cortex.o
                0x0000000008001a54                HAL_SYSTICK_Config
 .text.HAL_SYSTICK_CLKSourceConfig
                0x0000000008001a80       0x20 Drivers/STM32F1xx_HAL_Driver/Src/stm32f1xx_hal_cortex.o
                0x0000000008001a80                HAL_SYSTICK_CLKSourceConfig
 .text.HAL_SYSTICK_Callback
                0x0000000008001aa0        0x2 Drivers/STM32F1xx_HAL_Driver/Src/stm32f1xx_hal_cortex.o
                0x0000000008001aa0                HAL_SYSTICK_Callback
 .text.HAL_SYSTICK_IRQHandler
                0x0000000008001aa2        0x8 Drivers/STM32F1xx_HAL_Driver/Src/stm32f1xx_hal_cortex.o
                0x0000000008001aa2                HAL_SYSTICK_IRQHandler
 .text.HAL_DAC_Init
                0x0000000008001aaa       0x24 Drivers/STM32F1xx_HAL_Driver/Src/stm32f1xx_hal_dac.o
                0x0000000008001aaa                HAL_DAC_Init
 .text.HAL_DAC_Start
                0x0000000008001ace       0x64 Drivers/STM32F1xx_HAL_Driver/Src/stm32f1xx_hal_dac.o
                0x0000000008001ace                HAL_DAC_Start
 .text.HAL_DAC_SetValue
                0x0000000008001b32       0x2c Drivers/STM32F1xx_HAL_Driver/Src/stm32f1xx_hal_dac.o
                0x0000000008001b32                HAL_DAC_SetValue
 .text.HAL_DAC_ConfigChannel
                0x0000000008001b5e       0x54 Drivers/STM32F1xx_HAL_Driver/Src/stm32f1xx_hal_dac.o
                0x0000000008001b5e                HAL_DAC_ConfigChannel
 *fill*         0x0000000008001bb2        0x2 
 .text.HAL_DMA_Init
                0x0000000008001bb4       0x98 Drivers/STM32F1xx_HAL_Driver/Src/stm32f1xx_hal_dma.o
                0x0000000008001bb4                HAL_DMA_Init
 .text.HAL_DMA_Abort_IT
                0x0000000008001c4c      0x168 Drivers/STM32F1xx_HAL_Driver/Src/stm32f1xx_hal_dma.o
                0x0000000008001c4c                HAL_DMA_Abort_IT
 .text.HAL_DMA_IRQHandler
                0x0000000008001db4      0x2ec Drivers/STM32F1xx_HAL_Driver/Src/stm32f1xx_hal_dma.o
                0x0000000008001db4                HAL_DMA_IRQHandler
 .text.FLASH_Program_HalfWord
                0x00000000080020a0       0x1c Drivers/STM32F1xx_HAL_Driver/Src/stm32f1xx_hal_flash.o
 .text.FLASH_SetErrorCode
                0x00000000080020bc       0x74 Drivers/STM32F1xx_HAL_Driver/Src/stm32f1xx_hal_flash.o
 .text.HAL_FLASH_Unlock
                0x0000000008002130       0x34 Drivers/STM32F1xx_HAL_Driver/Src/stm32f1xx_hal_flash.o
                0x0000000008002130                HAL_FLASH_Unlock
 .text.HAL_FLASH_Lock
                0x0000000008002164       0x14 Drivers/STM32F1xx_HAL_Driver/Src/stm32f1xx_hal_flash.o
                0x0000000008002164                HAL_FLASH_Lock
 .text.FLASH_WaitForLastOperation
                0x0000000008002178       0x6c Drivers/STM32F1xx_HAL_Driver/Src/stm32f1xx_hal_flash.o
                0x0000000008002178                FLASH_WaitForLastOperation
 .text.HAL_FLASH_Program
                0x00000000080021e4       0x9c Drivers/STM32F1xx_HAL_Driver/Src/stm32f1xx_hal_flash.o
                0x00000000080021e4                HAL_FLASH_Program
 .text.FLASH_MassErase
                0x0000000008002280       0x24 Drivers/STM32F1xx_HAL_Driver/Src/stm32f1xx_hal_flash_ex.o
 .text.FLASH_PageErase
                0x00000000080022a4       0x24 Drivers/STM32F1xx_HAL_Driver/Src/stm32f1xx_hal_flash_ex.o
                0x00000000080022a4                FLASH_PageErase
 .text.HAL_FLASHEx_Erase
                0x00000000080022c8       0xa4 Drivers/STM32F1xx_HAL_Driver/Src/stm32f1xx_hal_flash_ex.o
                0x00000000080022c8                HAL_FLASHEx_Erase
 .text.HAL_GPIO_Init
                0x000000000800236c      0x1f4 Drivers/STM32F1xx_HAL_Driver/Src/stm32f1xx_hal_gpio.o
                0x000000000800236c                HAL_GPIO_Init
 .text.HAL_GPIO_ReadPin
                0x0000000008002560        0xe Drivers/STM32F1xx_HAL_Driver/Src/stm32f1xx_hal_gpio.o
                0x0000000008002560                HAL_GPIO_ReadPin
 .text.HAL_GPIO_WritePin
                0x000000000800256e        0xc Drivers/STM32F1xx_HAL_Driver/Src/stm32f1xx_hal_gpio.o
                0x000000000800256e                HAL_GPIO_WritePin
 *fill*         0x000000000800257a        0x2 
 .text.HAL_PWR_EnableBkUpAccess
                0x000000000800257c        0xc Drivers/STM32F1xx_HAL_Driver/Src/stm32f1xx_hal_pwr.o
                0x000000000800257c                HAL_PWR_EnableBkUpAccess
 .text.RCC_Delay
                0x0000000008002588       0x2c Drivers/STM32F1xx_HAL_Driver/Src/stm32f1xx_hal_rcc.o
 .text.HAL_RCC_OscConfig
                0x00000000080025b4      0x410 Drivers/STM32F1xx_HAL_Driver/Src/stm32f1xx_hal_rcc.o
                0x00000000080025b4                HAL_RCC_OscConfig
 .text.HAL_RCC_GetSysClockFreq
                0x00000000080029c4       0x70 Drivers/STM32F1xx_HAL_Driver/Src/stm32f1xx_hal_rcc.o
                0x00000000080029c4                HAL_RCC_GetSysClockFreq
 .text.HAL_RCC_ClockConfig
                0x0000000008002a34      0x168 Drivers/STM32F1xx_HAL_Driver/Src/stm32f1xx_hal_rcc.o
                0x0000000008002a34                HAL_RCC_ClockConfig
 .text.HAL_RCC_GetHCLKFreq
                0x0000000008002b9c        0xc Drivers/STM32F1xx_HAL_Driver/Src/stm32f1xx_hal_rcc.o
                0x0000000008002b9c                HAL_RCC_GetHCLKFreq
 .text.HAL_RCC_GetPCLK1Freq
                0x0000000008002ba8       0x20 Drivers/STM32F1xx_HAL_Driver/Src/stm32f1xx_hal_rcc.o
                0x0000000008002ba8                HAL_RCC_GetPCLK1Freq
 .text.HAL_RCC_GetPCLK2Freq
                0x0000000008002bc8       0x20 Drivers/STM32F1xx_HAL_Driver/Src/stm32f1xx_hal_rcc.o
                0x0000000008002bc8                HAL_RCC_GetPCLK2Freq
 .text.HAL_RCCEx_PeriphCLKConfig
                0x0000000008002be8      0x114 Drivers/STM32F1xx_HAL_Driver/Src/stm32f1xx_hal_rcc_ex.o
                0x0000000008002be8                HAL_RCCEx_PeriphCLKConfig
 .text.HAL_RCCEx_GetPeriphCLKFreq
                0x0000000008002cfc      0x118 Drivers/STM32F1xx_HAL_Driver/Src/stm32f1xx_hal_rcc_ex.o
                0x0000000008002cfc                HAL_RCCEx_GetPeriphCLKFreq
 .text.RTC_ReadTimeCounter
                0x0000000008002e14       0x26 Drivers/STM32F1xx_HAL_Driver/Src/stm32f1xx_hal_rtc.o
 .text.RTC_ReadAlarmCounter
                0x0000000008002e3a        0xe Drivers/STM32F1xx_HAL_Driver/Src/stm32f1xx_hal_rtc.o
 .text.RTC_ByteToBcd2
                0x0000000008002e48       0x16 Drivers/STM32F1xx_HAL_Driver/Src/stm32f1xx_hal_rtc.o
 .text.RTC_Bcd2ToByte
                0x0000000008002e5e       0x12 Drivers/STM32F1xx_HAL_Driver/Src/stm32f1xx_hal_rtc.o
 .text.RTC_IsLeapYear
                0x0000000008002e70       0x40 Drivers/STM32F1xx_HAL_Driver/Src/stm32f1xx_hal_rtc.o
 .text.RTC_WeekDayNum
                0x0000000008002eb0       0x9c Drivers/STM32F1xx_HAL_Driver/Src/stm32f1xx_hal_rtc.o
 .text.RTC_DateUpdate
                0x0000000008002f4c       0xb4 Drivers/STM32F1xx_HAL_Driver/Src/stm32f1xx_hal_rtc.o
 .text.RTC_EnterInitMode
                0x0000000008003000       0x30 Drivers/STM32F1xx_HAL_Driver/Src/stm32f1xx_hal_rtc.o
 .text.RTC_ExitInitMode
                0x0000000008003030       0x32 Drivers/STM32F1xx_HAL_Driver/Src/stm32f1xx_hal_rtc.o
 .text.RTC_WriteTimeCounter
                0x0000000008003062       0x2e Drivers/STM32F1xx_HAL_Driver/Src/stm32f1xx_hal_rtc.o
 .text.RTC_WriteAlarmCounter
                0x0000000008003090       0x2e Drivers/STM32F1xx_HAL_Driver/Src/stm32f1xx_hal_rtc.o
 .text.HAL_RTC_SetTime
                0x00000000080030be       0xc2 Drivers/STM32F1xx_HAL_Driver/Src/stm32f1xx_hal_rtc.o
                0x00000000080030be                HAL_RTC_SetTime
 .text.HAL_RTC_GetTime
                0x0000000008003180      0x118 Drivers/STM32F1xx_HAL_Driver/Src/stm32f1xx_hal_rtc.o
                0x0000000008003180                HAL_RTC_GetTime
 .text.HAL_RTC_SetDate
                0x0000000008003298       0xd8 Drivers/STM32F1xx_HAL_Driver/Src/stm32f1xx_hal_rtc.o
                0x0000000008003298                HAL_RTC_SetDate
 .text.HAL_RTC_GetDate
                0x0000000008003370       0x66 Drivers/STM32F1xx_HAL_Driver/Src/stm32f1xx_hal_rtc.o
                0x0000000008003370                HAL_RTC_GetDate
 .text.HAL_RTC_WaitForSynchro
                0x00000000080033d6       0x38 Drivers/STM32F1xx_HAL_Driver/Src/stm32f1xx_hal_rtc.o
                0x00000000080033d6                HAL_RTC_WaitForSynchro
 *fill*         0x000000000800340e        0x2 
 .text.HAL_RTC_Init
                0x0000000008003410       0xc4 Drivers/STM32F1xx_HAL_Driver/Src/stm32f1xx_hal_rtc.o
                0x0000000008003410                HAL_RTC_Init
 .text.HAL_RTCEx_BKUPWrite
                0x00000000080034d4       0x10 Drivers/STM32F1xx_HAL_Driver/Src/stm32f1xx_hal_rtc_ex.o
                0x00000000080034d4                HAL_RTCEx_BKUPWrite
 .text.HAL_RTCEx_BKUPRead
                0x00000000080034e4       0x10 Drivers/STM32F1xx_HAL_Driver/Src/stm32f1xx_hal_rtc_ex.o
                0x00000000080034e4                HAL_RTCEx_BKUPRead
 .text.SPI_WaitFlagStateUntilTimeout
                0x00000000080034f4       0x96 Drivers/STM32F1xx_HAL_Driver/Src/stm32f1xx_hal_spi.o
 .text.SPI_CheckFlag_BSY
                0x000000000800358a       0x28 Drivers/STM32F1xx_HAL_Driver/Src/stm32f1xx_hal_spi.o
 .text.HAL_SPI_TransmitReceive
                0x00000000080035b2      0x238 Drivers/STM32F1xx_HAL_Driver/Src/stm32f1xx_hal_spi.o
                0x00000000080035b2                HAL_SPI_TransmitReceive
 .text.HAL_SPI_Init
                0x00000000080037ea       0x82 Drivers/STM32F1xx_HAL_Driver/Src/stm32f1xx_hal_spi_ex.o
                0x00000000080037ea                HAL_SPI_Init
 .text.UART_EndRxTransfer
                0x000000000800386c       0x1c Drivers/STM32F1xx_HAL_Driver/Src/stm32f1xx_hal_uart.o
 .text.UART_Transmit_IT
                0x0000000008003888       0x68 Drivers/STM32F1xx_HAL_Driver/Src/stm32f1xx_hal_uart.o
 .text.UART_SetConfig
                0x00000000080038f0       0xcc Drivers/STM32F1xx_HAL_Driver/Src/stm32f1xx_hal_uart.o
 .text.UART_WaitOnFlagUntilTimeout
                0x00000000080039bc       0x62 Drivers/STM32F1xx_HAL_Driver/Src/stm32f1xx_hal_uart.o
 .text.HAL_UART_Init
                0x0000000008003a1e       0x5e Drivers/STM32F1xx_HAL_Driver/Src/stm32f1xx_hal_uart.o
                0x0000000008003a1e                HAL_UART_Init
 .text.HAL_UART_Transmit
                0x0000000008003a7c       0xe0 Drivers/STM32F1xx_HAL_Driver/Src/stm32f1xx_hal_uart.o
                0x0000000008003a7c                HAL_UART_Transmit
 .text.HAL_UART_TxCpltCallback
                0x0000000008003b5c        0x2 Drivers/STM32F1xx_HAL_Driver/Src/stm32f1xx_hal_uart.o
                0x0000000008003b5c                HAL_UART_TxCpltCallback
 .text.UART_EndTransmit_IT
                0x0000000008003b5e       0x1a Drivers/STM32F1xx_HAL_Driver/Src/stm32f1xx_hal_uart.o
 .text.HAL_UART_RxCpltCallback
                0x0000000008003b78        0x2 Drivers/STM32F1xx_HAL_Driver/Src/stm32f1xx_hal_uart.o
                0x0000000008003b78                HAL_UART_RxCpltCallback
 .text.UART_Receive_IT
                0x0000000008003b7a       0x9c Drivers/STM32F1xx_HAL_Driver/Src/stm32f1xx_hal_uart.o
 .text.HAL_UART_ErrorCallback
                0x0000000008003c16        0x2 Drivers/STM32F1xx_HAL_Driver/Src/stm32f1xx_hal_uart.o
                0x0000000008003c16                HAL_UART_ErrorCallback
 .text.HAL_UART_IRQHandler
                0x0000000008003c18      0x120 Drivers/STM32F1xx_HAL_Driver/Src/stm32f1xx_hal_uart.o
                0x0000000008003c18                HAL_UART_IRQHandler
 .text.UART_DMAAbortOnError
                0x0000000008003d38       0x10 Drivers/STM32F1xx_HAL_Driver/Src/stm32f1xx_hal_uart.o
 .text.Ini_I2c  0x0000000008003d48       0xa8 Src/AD5933.o
                0x0000000008003d48                Ini_I2c
 .text.RangeSelect
                0x0000000008003df0      0x434 Src/AD5933.o
                0x0000000008003df0                RangeSelect
 .text.SendNACK
                0x0000000008004224       0x64 Src/AD5933.o
                0x0000000008004224                SendNACK
 .text.START    0x0000000008004288       0x60 Src/AD5933.o
                0x0000000008004288                START
 .text.STOP     0x00000000080042e8       0x60 Src/AD5933.o
                0x00000000080042e8                STOP
 .text.GetACK   0x0000000008004348       0x70 Src/AD5933.o
                0x0000000008004348                GetACK
 .text.SendByte
                0x00000000080043b8       0x90 Src/AD5933.o
                0x00000000080043b8                SendByte
 .text.ReadByte
                0x0000000008004448       0x74 Src/AD5933.o
                0x0000000008004448                ReadByte
 .text.Write_Byte
                0x00000000080044bc       0x2e Src/AD5933.o
                0x00000000080044bc                Write_Byte
 .text.SetPointer
                0x00000000080044ea       0x2c Src/AD5933.o
                0x00000000080044ea                SetPointer
 .text.Rece_Byte
                0x0000000008004516       0x26 Src/AD5933.o
                0x0000000008004516                Rece_Byte
 .text.Fre_To_Hex
                0x000000000800453c       0x24 Src/AD5933.o
                0x000000000800453c                Fre_To_Hex
 .text.Scale_imp
                0x0000000008004560      0x1d4 Src/AD5933.o
                0x0000000008004560                Scale_imp
 .text.AD5933_Sweep
                0x0000000008004734       0x4e Src/AD5933.o
                0x0000000008004734                AD5933_Sweep
 *fill*         0x0000000008004782        0x2 
 .text.DA5933_Get_Rs
                0x0000000008004784       0x50 Src/AD5933.o
                0x0000000008004784                DA5933_Get_Rs
 .text.MX_ADC1_Init
                0x00000000080047d4       0x88 Src/adc.o
                0x00000000080047d4                MX_ADC1_Init
 .text.HAL_ADC_MspInit
                0x000000000800485c       0x40 Src/adc.o
                0x000000000800485c                HAL_ADC_MspInit
 .text.SPI_FLASH_SendByte
                0x000000000800489c       0x34 Src/bsp_spi_flash.o
                0x000000000800489c                SPI_FLASH_SendByte
 .text.SPI_FLASH_BufferRead
                0x00000000080048d0       0x54 Src/bsp_spi_flash.o
                0x00000000080048d0                SPI_FLASH_BufferRead
 .text.SPI_FLASH_WriteEnable
                0x0000000008004924       0x24 Src/bsp_spi_flash.o
                0x0000000008004924                SPI_FLASH_WriteEnable
 .text.SPI_FLASH_WaitForWriteEnd
                0x0000000008004948       0x30 Src/bsp_spi_flash.o
                0x0000000008004948                SPI_FLASH_WaitForWriteEnd
 .text.SPI_FLASH_SectorErase
                0x0000000008004978       0x48 Src/bsp_spi_flash.o
                0x0000000008004978                SPI_FLASH_SectorErase
 .text.SPI_FLASH_PageWrite
                0x00000000080049c0       0x64 Src/bsp_spi_flash.o
                0x00000000080049c0                SPI_FLASH_PageWrite
 .text.SPI_FLASH_BufferWrite
                0x0000000008004a24       0xc4 Src/bsp_spi_flash.o
                0x0000000008004a24                SPI_FLASH_BufferWrite
 .text.SPI_Flash_PowerDown
                0x0000000008004ae8       0x24 Src/bsp_spi_flash.o
                0x0000000008004ae8                SPI_Flash_PowerDown
 .text.SPI_Flash_WAKEUP
                0x0000000008004b0c       0x24 Src/bsp_spi_flash.o
                0x0000000008004b0c                SPI_Flash_WAKEUP
 .text.MX_DAC_Init
                0x0000000008004b30       0x60 Src/dac.o
                0x0000000008004b30                MX_DAC_Init
 .text.HAL_DAC_MspInit
                0x0000000008004b90       0x44 Src/dac.o
                0x0000000008004b90                HAL_DAC_MspInit
 .text.delay_us
                0x0000000008004bd4       0x5c Src/delay.o
                0x0000000008004bd4                delay_us
 .text.MX_DMA_Init
                0x0000000008004c30       0x34 Src/dma.o
                0x0000000008004c30                MX_DMA_Init
 .text.MX_GPIO_Init
                0x0000000008004c64      0x1b0 Src/gpio.o
                0x0000000008004c64                MX_GPIO_Init
 .text.RTC_CalendarConfig
                0x0000000008004e14       0x68 Src/main.o
 .text.startCalc
                0x0000000008004e7c      0x148 Src/main.o
                0x0000000008004e7c                startCalc
 .text.writeConfig
                0x0000000008004fc4      0x2e4 Src/main.o
                0x0000000008004fc4                writeConfig
 .text.readConfig
                0x00000000080052a8      0x288 Src/main.o
                0x00000000080052a8                readConfig
 .text.factoryConfig
                0x0000000008005530      0x118 Src/main.o
                0x0000000008005530                factoryConfig
 .text.LCD_Update
                0x0000000008005648      0x744 Src/main.o
                0x0000000008005648                LCD_Update
 .text.ImA_Update
                0x0000000008005d8c      0x19c Src/main.o
                0x0000000008005d8c                ImA_Update
 .text.Relay_Update
                0x0000000008005f28      0x128 Src/main.o
                0x0000000008005f28                Relay_Update
 .text.RTC_Update
                0x0000000008006050      0x1fc Src/main.o
                0x0000000008006050                RTC_Update
 .text.calcTimeSpan
                0x000000000800624c       0x6c Src/main.o
                0x000000000800624c                calcTimeSpan
 .text.LCD_Init
                0x00000000080062b8      0x178 Src/main.o
                0x00000000080062b8                LCD_Init
 .text.getTemp  0x0000000008006430      0x238 Src/main.o
                0x0000000008006430                getTemp
 .text.getRs    0x0000000008006668      0x320 Src/main.o
                0x0000000008006668                getRs
 .text.Change_Conf_Unit
                0x0000000008006988       0x48 Src/main.o
                0x0000000008006988                Change_Conf_Unit
 .text.Change_Conf_TempMode
                0x00000000080069d0       0x50 Src/main.o
                0x00000000080069d0                Change_Conf_TempMode
 .text.Change_Conf_Temp
                0x0000000008006a20       0xd8 Src/main.o
                0x0000000008006a20                Change_Conf_Temp
 .text.Change_Conf_Temp_Now
                0x0000000008006af8       0xd8 Src/main.o
                0x0000000008006af8                Change_Conf_Temp_Now
 .text.Enter_Conf_Page1
                0x0000000008006bd0       0xa8 Src/main.o
                0x0000000008006bd0                Enter_Conf_Page1
 .text.Change_Conf_TempFactor
                0x0000000008006c78      0x160 Src/main.o
                0x0000000008006c78                Change_Conf_TempFactor
 .text.Change_Conf_TempFactorType
                0x0000000008006dd8       0x5c Src/main.o
                0x0000000008006dd8                Change_Conf_TempFactorType
 .text.Enter_Conf_Page1_2
                0x0000000008006e34       0x54 Src/main.o
                0x0000000008006e34                Enter_Conf_Page1_2
 .text.Change_Conf_PPM4mA
                0x0000000008006e88      0x24c Src/main.o
                0x0000000008006e88                Change_Conf_PPM4mA
 *fill*         0x00000000080070d4        0x4 
 .text.Change_Conf_ppm20mA
                0x00000000080070d8      0x24c Src/main.o
                0x00000000080070d8                Change_Conf_ppm20mA
 *fill*         0x0000000008007324        0x4 
 .text.Change_Conf_temp4mA
                0x0000000008007328       0xe8 Src/main.o
                0x0000000008007328                Change_Conf_temp4mA
 .text.Change_Conf_temp20mA
                0x0000000008007410       0xe8 Src/main.o
                0x0000000008007410                Change_Conf_temp20mA
 .text.Enter_Conf_Page2
                0x00000000080074f8      0x158 Src/main.o
                0x00000000080074f8                Enter_Conf_Page2
 .text.Change_Conf_ADMAX
                0x0000000008007650      0x184 Src/main.o
                0x0000000008007650                Change_Conf_ADMAX
 *fill*         0x00000000080077d4        0x4 
 .text.Change_Conf_ADMIN
                0x00000000080077d8      0x184 Src/main.o
                0x00000000080077d8                Change_Conf_ADMIN
 .text.Change_Conf_UpLimitAuto
                0x000000000800795c       0x34 Src/main.o
                0x000000000800795c                Change_Conf_UpLimitAuto
 .text.Change_Conf_UpLimit
                0x0000000008007990      0x24c Src/main.o
                0x0000000008007990                Change_Conf_UpLimit
 *fill*         0x0000000008007bdc        0x4 
 .text.Change_Conf_UpLimitDelay
                0x0000000008007be0      0x24c Src/main.o
                0x0000000008007be0                Change_Conf_UpLimitDelay
 .text.Enter_Conf_Page3
                0x0000000008007e2c      0x118 Src/main.o
                0x0000000008007e2c                Enter_Conf_Page3
 .text.Change_Conf_LowLimitAuto
                0x0000000008007f44       0x34 Src/main.o
                0x0000000008007f44                Change_Conf_LowLimitAuto
 .text.Change_Conf_LowLimit
                0x0000000008007f78      0x24c Src/main.o
                0x0000000008007f78                Change_Conf_LowLimit
 *fill*         0x00000000080081c4        0x4 
 .text.Change_Conf_LowLimitDelay
                0x00000000080081c8      0x24c Src/main.o
                0x00000000080081c8                Change_Conf_LowLimitDelay
 .text.Enter_Conf_Page4
                0x0000000008008414      0x118 Src/main.o
                0x0000000008008414                Enter_Conf_Page4
 .text.Change_Conf_WashHoldTime
                0x000000000800852c       0x74 Src/main.o
                0x000000000800852c                Change_Conf_WashHoldTime
 .text.Change_Conf_WashDelayTime
                0x00000000080085a0       0x74 Src/main.o
                0x00000000080085a0                Change_Conf_WashDelayTime
 .text.Change_Conf_Filter
                0x0000000008008614       0x74 Src/main.o
                0x0000000008008614                Change_Conf_Filter
 .text.Change_Conf_Brightness
                0x0000000008008688       0x78 Src/main.o
                0x0000000008008688                Change_Conf_Brightness
 .text.Enter_Conf_Page5
                0x0000000008008700       0x68 Src/main.o
                0x0000000008008700                Enter_Conf_Page5
 .text.Change_Conf_Year
                0x0000000008008768       0xc0 Src/main.o
                0x0000000008008768                Change_Conf_Year
 .text.Change_Conf_Month
                0x0000000008008828       0x8c Src/main.o
                0x0000000008008828                Change_Conf_Month
 .text.Change_Conf_Date
                0x00000000080088b4       0x8c Src/main.o
                0x00000000080088b4                Change_Conf_Date
 .text.Enter_Conf_Page7
                0x0000000008008940       0x58 Src/main.o
                0x0000000008008940                Enter_Conf_Page7
 .text.Change_Conf_Hours
                0x0000000008008998       0x8c Src/main.o
                0x0000000008008998                Change_Conf_Hours
 .text.Change_Conf_Minutes
                0x0000000008008a24       0x8c Src/main.o
                0x0000000008008a24                Change_Conf_Minutes
 .text.Change_Conf_Seconds
                0x0000000008008ab0       0x8c Src/main.o
                0x0000000008008ab0                Change_Conf_Seconds
 .text.Enter_Conf_Page8
                0x0000000008008b3c       0x58 Src/main.o
                0x0000000008008b3c                Enter_Conf_Page8
 .text.Change_Conf_Interval
                0x0000000008008b94       0x94 Src/main.o
                0x0000000008008b94                Change_Conf_Interval
 .text.Change_Conf_PassW
                0x0000000008008c28       0x3c Src/main.o
                0x0000000008008c28                Change_Conf_PassW
 .text.Enter_Conf_Page6
                0x0000000008008c64       0x88 Src/main.o
                0x0000000008008c64                Enter_Conf_Page6
 .text.Change_CalType
                0x0000000008008cec       0x58 Src/main.o
                0x0000000008008cec                Change_CalType
 .text.Enter_Cal_Page1
                0x0000000008008d44       0x48 Src/main.o
                0x0000000008008d44                Enter_Cal_Page1
 .text.Change_LastCell
                0x0000000008008d8c      0x210 Src/main.o
                0x0000000008008d8c                Change_LastCell
 .text.Change_PreCell
                0x0000000008008f9c      0x210 Src/main.o
                0x0000000008008f9c                Change_PreCell
 .text.Enter_Cal_Page2
                0x00000000080091ac       0x78 Src/main.o
                0x00000000080091ac                Enter_Cal_Page2
 .text.Change_Cal_Temp
                0x0000000008009224      0x108 Src/main.o
                0x0000000008009224                Change_Cal_Temp
 .text.Select_Next
                0x000000000800932c       0xa0 Src/main.o
                0x000000000800932c                Select_Next
 .text.Enter_PasW_Page
                0x00000000080093cc      0x47c Src/main.o
                0x00000000080093cc                Enter_PasW_Page
 .text.Cal_UI   0x0000000008009848      0xec0 Src/main.o
                0x0000000008009848                Cal_UI
 .text.DrawLine
                0x000000000800a708       0x5c Src/main.o
                0x000000000800a708                DrawLine
 *fill*         0x000000000800a764        0x4 
 .text.Enter_History_Page1
                0x000000000800a768      0x674 Src/main.o
                0x000000000800a768                Enter_History_Page1
 .text.History_UI
                0x000000000800addc       0xf0 Src/main.o
                0x000000000800addc                History_UI
 .text.UART_RxIDLECallback
                0x000000000800aecc        0x2 Src/main.o
                0x000000000800aecc                UART_RxIDLECallback
 *fill*         0x000000000800aece        0x2 
 .text.eepromReadSetting
                0x000000000800aed0       0xc4 Src/main.o
                0x000000000800aed0                eepromReadSetting
 .text.eepromWriteSetting
                0x000000000800af94       0xc0 Src/main.o
                0x000000000800af94                eepromWriteSetting
 *fill*         0x000000000800b054        0x4 
 .text.Conf_UI  0x000000000800b058     0x1eb8 Src/main.o
                0x000000000800b058                Conf_UI
 .text.Button_Scan
                0x000000000800cf10      0x210 Src/main.o
                0x000000000800cf10                Button_Scan
 .text.application
                0x000000000800d120      0x394 Src/main.o
                0x000000000800d120                application
 .text._Error_Handler
                0x000000000800d4b4        0x2 Src/main.o
                0x000000000800d4b4                _Error_Handler
 *fill*         0x000000000800d4b6        0x2 
 .text.SystemClock_Config
                0x000000000800d4b8       0xa8 Src/main.o
                0x000000000800d4b8                SystemClock_Config
 .text.main     0x000000000800d560      0x184 Src/main.o
                0x000000000800d560                main
 .text.MX_RTC_Init
                0x000000000800d6e4       0x34 Src/rtc.o
                0x000000000800d6e4                MX_RTC_Init
 .text.HAL_RTC_MspInit
                0x000000000800d718       0x40 Src/rtc.o
                0x000000000800d718                HAL_RTC_MspInit
 .text.MX_SPI2_Init
                0x000000000800d758       0x48 Src/spi.o
                0x000000000800d758                MX_SPI2_Init
 .text.HAL_SPI_MspInit
                0x000000000800d7a0       0x5c Src/spi.o
                0x000000000800d7a0                HAL_SPI_MspInit
 .text.HAL_MspInit
                0x000000000800d7fc       0x9c Src/stm32f1xx_hal_msp.o
                0x000000000800d7fc                HAL_MspInit
 .text.NMI_Handler
                0x000000000800d898        0x2 Src/stm32f1xx_it.o
                0x000000000800d898                NMI_Handler
 .text.HardFault_Handler
                0x000000000800d89a        0x2 Src/stm32f1xx_it.o
                0x000000000800d89a                HardFault_Handler
 .text.MemManage_Handler
                0x000000000800d89c        0x2 Src/stm32f1xx_it.o
                0x000000000800d89c                MemManage_Handler
 .text.BusFault_Handler
                0x000000000800d89e        0x2 Src/stm32f1xx_it.o
                0x000000000800d89e                BusFault_Handler
 .text.UsageFault_Handler
                0x000000000800d8a0        0x2 Src/stm32f1xx_it.o
                0x000000000800d8a0                UsageFault_Handler
 .text.SVC_Handler
                0x000000000800d8a2        0x2 Src/stm32f1xx_it.o
                0x000000000800d8a2                SVC_Handler
 .text.DebugMon_Handler
                0x000000000800d8a4        0x2 Src/stm32f1xx_it.o
                0x000000000800d8a4                DebugMon_Handler
 .text.PendSV_Handler
                0x000000000800d8a6        0x2 Src/stm32f1xx_it.o
                0x000000000800d8a6                PendSV_Handler
 .text.SysTick_Handler
                0x000000000800d8a8        0xc Src/stm32f1xx_it.o
                0x000000000800d8a8                SysTick_Handler
 .text.DMA1_Channel3_IRQHandler
                0x000000000800d8b4       0x10 Src/stm32f1xx_it.o
                0x000000000800d8b4                DMA1_Channel3_IRQHandler
 .text.DMA1_Channel5_IRQHandler
                0x000000000800d8c4       0x10 Src/stm32f1xx_it.o
                0x000000000800d8c4                DMA1_Channel5_IRQHandler
 .text.DMA1_Channel6_IRQHandler
                0x000000000800d8d4       0x10 Src/stm32f1xx_it.o
                0x000000000800d8d4                DMA1_Channel6_IRQHandler
 .text.USART1_IRQHandler
                0x000000000800d8e4       0x10 Src/stm32f1xx_it.o
                0x000000000800d8e4                USART1_IRQHandler
 .text.USART2_IRQHandler
                0x000000000800d8f4       0x18 Src/stm32f1xx_it.o
                0x000000000800d8f4                USART2_IRQHandler
 .text.USART3_IRQHandler
                0x000000000800d90c       0x10 Src/stm32f1xx_it.o
                0x000000000800d90c                USART3_IRQHandler
 .text.SystemInit
                0x000000000800d91c       0x4c Src/system_stm32f1xx.o
                0x000000000800d91c                SystemInit
 .text.MX_USART1_UART_Init
                0x000000000800d968       0x3c Src/usart.o
                0x000000000800d968                MX_USART1_UART_Init
 .text.HAL_UART_MspInit
                0x000000000800d9a4      0x1c8 Src/usart.o
                0x000000000800d9a4                HAL_UART_MspInit
 .text.Reset_Handler
                0x000000000800db6c       0x48 startup/startup_stm32f103xe.o
                0x000000000800db6c                Reset_Handler
 .text.Default_Handler
                0x000000000800dbb4        0x2 startup/startup_stm32f103xe.o
                0x000000000800dbb4                DMA2_Channel3_IRQHandler
                0x000000000800dbb4                EXTI2_IRQHandler
                0x000000000800dbb4                TIM8_TRG_COM_IRQHandler
                0x000000000800dbb4                TIM8_CC_IRQHandler
                0x000000000800dbb4                TIM1_CC_IRQHandler
                0x000000000800dbb4                TIM6_IRQHandler
                0x000000000800dbb4                PVD_IRQHandler
                0x000000000800dbb4                SDIO_IRQHandler
                0x000000000800dbb4                EXTI3_IRQHandler
                0x000000000800dbb4                EXTI0_IRQHandler
                0x000000000800dbb4                I2C2_EV_IRQHandler
                0x000000000800dbb4                ADC1_2_IRQHandler
                0x000000000800dbb4                SPI1_IRQHandler
                0x000000000800dbb4                TAMPER_IRQHandler
                0x000000000800dbb4                TIM8_UP_IRQHandler
                0x000000000800dbb4                DMA2_Channel2_IRQHandler
                0x000000000800dbb4                DMA1_Channel4_IRQHandler
                0x000000000800dbb4                RTC_IRQHandler
                0x000000000800dbb4                DMA1_Channel7_IRQHandler
                0x000000000800dbb4                CAN1_RX1_IRQHandler
                0x000000000800dbb4                UART5_IRQHandler
                0x000000000800dbb4                ADC3_IRQHandler
                0x000000000800dbb4                TIM4_IRQHandler
                0x000000000800dbb4                DMA2_Channel1_IRQHandler
                0x000000000800dbb4                I2C1_EV_IRQHandler
                0x000000000800dbb4                UART4_IRQHandler
                0x000000000800dbb4                TIM3_IRQHandler
                0x000000000800dbb4                RCC_IRQHandler
                0x000000000800dbb4                TIM1_TRG_COM_IRQHandler
                0x000000000800dbb4                DMA1_Channel1_IRQHandler
                0x000000000800dbb4                Default_Handler
                0x000000000800dbb4                EXTI15_10_IRQHandler
                0x000000000800dbb4                TIM7_IRQHandler
                0x000000000800dbb4                TIM5_IRQHandler
                0x000000000800dbb4                EXTI9_5_IRQHandler
                0x000000000800dbb4                SPI2_IRQHandler
                0x000000000800dbb4                EXTI4_IRQHandler
                0x000000000800dbb4                USB_LP_CAN1_RX0_IRQHandler
                0x000000000800dbb4                USB_HP_CAN1_TX_IRQHandler
                0x000000000800dbb4                FSMC_IRQHandler
                0x000000000800dbb4                TIM1_UP_IRQHandler
                0x000000000800dbb4                WWDG_IRQHandler
                0x000000000800dbb4                TIM2_IRQHandler
                0x000000000800dbb4                TIM1_BRK_IRQHandler
                0x000000000800dbb4                EXTI1_IRQHandler
                0x000000000800dbb4                DMA2_Channel4_5_IRQHandler
                0x000000000800dbb4                I2C2_ER_IRQHandler
                0x000000000800dbb4                DMA1_Channel2_IRQHandler
                0x000000000800dbb4                TIM8_BRK_IRQHandler
                0x000000000800dbb4                CAN1_SCE_IRQHandler
                0x000000000800dbb4                FLASH_IRQHandler
                0x000000000800dbb4                SPI3_IRQHandler
                0x000000000800dbb4                I2C1_ER_IRQHandler
                0x000000000800dbb4                USBWakeUp_IRQHandler
                0x000000000800dbb4                RTC_Alarm_IRQHandler
 *fill*         0x000000000800dbb6        0x2 
 .text.atan2    0x000000000800dbb8        0x4 /Applications/Eclipse.app/Contents/Eclipse/plugins/fr.ac6.mcu.externaltools.arm-none.macos64_1.17.0.201812190825/tools/compiler/bin/../lib/gcc/arm-none-eabi/7.3.1/../../../../arm-none-eabi/lib/thumb/v7-m/libm.a(lib_a-w_atan2.o)
                0x000000000800dbb8                atan2
 .text.sqrt     0x000000000800dbbc       0xbc /Applications/Eclipse.app/Contents/Eclipse/plugins/fr.ac6.mcu.externaltools.arm-none.macos64_1.17.0.201812190825/tools/compiler/bin/../lib/gcc/arm-none-eabi/7.3.1/../../../../arm-none-eabi/lib/thumb/v7-m/libm.a(lib_a-w_sqrt.o)
                0x000000000800dbbc                sqrt
 .text.__ieee754_atan2
                0x000000000800dc78      0x1b4 /Applications/Eclipse.app/Contents/Eclipse/plugins/fr.ac6.mcu.externaltools.arm-none.macos64_1.17.0.201812190825/tools/compiler/bin/../lib/gcc/arm-none-eabi/7.3.1/../../../../arm-none-eabi/lib/thumb/v7-m/libm.a(lib_a-e_atan2.o)
                0x000000000800dc78                __ieee754_atan2
 .text.__ieee754_sqrt
                0x000000000800de2c      0x184 /Applications/Eclipse.app/Contents/Eclipse/plugins/fr.ac6.mcu.externaltools.arm-none.macos64_1.17.0.201812190825/tools/compiler/bin/../lib/gcc/arm-none-eabi/7.3.1/../../../../arm-none-eabi/lib/thumb/v7-m/libm.a(lib_a-e_sqrt.o)
                0x000000000800de2c                __ieee754_sqrt
 .text.atan     0x000000000800dfb0      0x31c /Applications/Eclipse.app/Contents/Eclipse/plugins/fr.ac6.mcu.externaltools.arm-none.macos64_1.17.0.201812190825/tools/compiler/bin/../lib/gcc/arm-none-eabi/7.3.1/../../../../arm-none-eabi/lib/thumb/v7-m/libm.a(lib_a-s_atan.o)
                0x000000000800dfb0                atan
 .text.fabs     0x000000000800e2cc        0x8 /Applications/Eclipse.app/Contents/Eclipse/plugins/fr.ac6.mcu.externaltools.arm-none.macos64_1.17.0.201812190825/tools/compiler/bin/../lib/gcc/arm-none-eabi/7.3.1/../../../../arm-none-eabi/lib/thumb/v7-m/libm.a(lib_a-s_fabs.o)
                0x000000000800e2cc                fabs
 .text.matherr  0x000000000800e2d4        0x4 /Applications/Eclipse.app/Contents/Eclipse/plugins/fr.ac6.mcu.externaltools.arm-none.macos64_1.17.0.201812190825/tools/compiler/bin/../lib/gcc/arm-none-eabi/7.3.1/../../../../arm-none-eabi/lib/thumb/v7-m/libm.a(lib_a-s_matherr.o)
                0x000000000800e2d4                matherr
 .text.__errno  0x000000000800e2d8        0xc /Applications/Eclipse.app/Contents/Eclipse/plugins/fr.ac6.mcu.externaltools.arm-none.macos64_1.17.0.201812190825/tools/compiler/bin/../lib/gcc/arm-none-eabi/7.3.1/../../../../arm-none-eabi/lib/thumb/v7-m/libc_nano.a(lib_a-errno.o)
                0x000000000800e2d8                __errno
 .text.__libc_init_array
                0x000000000800e2e4       0x48 /Applications/Eclipse.app/Contents/Eclipse/plugins/fr.ac6.mcu.externaltools.arm-none.macos64_1.17.0.201812190825/tools/compiler/bin/../lib/gcc/arm-none-eabi/7.3.1/../../../../arm-none-eabi/lib/thumb/v7-m/libc_nano.a(lib_a-init.o)
                0x000000000800e2e4                __libc_init_array
 .text.memcpy   0x000000000800e32c       0x16 /Applications/Eclipse.app/Contents/Eclipse/plugins/fr.ac6.mcu.externaltools.arm-none.macos64_1.17.0.201812190825/tools/compiler/bin/../lib/gcc/arm-none-eabi/7.3.1/../../../../arm-none-eabi/lib/thumb/v7-m/libc_nano.a(lib_a-memcpy-stub.o)
                0x000000000800e32c                memcpy
 *(.glue_7)
 .glue_7        0x000000000800e342        0x0 linker stubs
 *(.glue_7t)
 .glue_7t       0x000000000800e342        0x0 linker stubs
 *(.eh_frame)
 *fill*         0x000000000800e342        0x2 
 .eh_frame      0x000000000800e344        0x0 /Applications/Eclipse.app/Contents/Eclipse/plugins/fr.ac6.mcu.externaltools.arm-none.macos64_1.17.0.201812190825/tools/compiler/bin/../lib/gcc/arm-none-eabi/7.3.1/thumb/v7-m/crtbegin.o
 *(.init)
 .init          0x000000000800e344        0x4 /Applications/Eclipse.app/Contents/Eclipse/plugins/fr.ac6.mcu.externaltools.arm-none.macos64_1.17.0.201812190825/tools/compiler/bin/../lib/gcc/arm-none-eabi/7.3.1/thumb/v7-m/crti.o
                0x000000000800e344                _init
 .init          0x000000000800e348        0x8 /Applications/Eclipse.app/Contents/Eclipse/plugins/fr.ac6.mcu.externaltools.arm-none.macos64_1.17.0.201812190825/tools/compiler/bin/../lib/gcc/arm-none-eabi/7.3.1/thumb/v7-m/crtn.o
 *(.fini)
 .fini          0x000000000800e350        0x4 /Applications/Eclipse.app/Contents/Eclipse/plugins/fr.ac6.mcu.externaltools.arm-none.macos64_1.17.0.201812190825/tools/compiler/bin/../lib/gcc/arm-none-eabi/7.3.1/thumb/v7-m/crti.o
                0x000000000800e350                _fini
 .fini          0x000000000800e354        0x8 /Applications/Eclipse.app/Contents/Eclipse/plugins/fr.ac6.mcu.externaltools.arm-none.macos64_1.17.0.201812190825/tools/compiler/bin/../lib/gcc/arm-none-eabi/7.3.1/thumb/v7-m/crtn.o
                0x000000000800e35c                . = ALIGN (0x4)
                0x000000000800e35c                _etext = .

.vfp11_veneer   0x000000000800e35c        0x0
 .vfp11_veneer  0x000000000800e35c        0x0 linker stubs

.v4_bx          0x000000000800e35c        0x0
 .v4_bx         0x000000000800e35c        0x0 linker stubs

.iplt           0x000000000800e35c        0x0
 .iplt          0x000000000800e35c        0x0 /Applications/Eclipse.app/Contents/Eclipse/plugins/fr.ac6.mcu.externaltools.arm-none.macos64_1.17.0.201812190825/tools/compiler/bin/../lib/gcc/arm-none-eabi/7.3.1/thumb/v7-m/crtbegin.o

.rodata         0x000000000800e360      0x5b8
                0x000000000800e360                . = ALIGN (0x4)
 *(.rodata)
 .rodata        0x000000000800e360       0x12 Drivers/STM32F1xx_HAL_Driver/Src/stm32f1xx_hal_rcc.o
 *fill*         0x000000000800e372        0x2 
 .rodata        0x000000000800e374       0x12 Drivers/STM32F1xx_HAL_Driver/Src/stm32f1xx_hal_rcc_ex.o
 *fill*         0x000000000800e386        0x2 
 .rodata        0x000000000800e388      0x4d0 Src/main.o
 .rodata        0x000000000800e858       0x18 Src/system_stm32f1xx.o
                0x000000000800e858                AHBPrescTable
                0x000000000800e868                APBPrescTable
 *(.rodata*)
 .rodata.str1.4
                0x000000000800e870        0xd Src/adc.o
 *fill*         0x000000000800e87d        0x3 
 .rodata.str1.4
                0x000000000800e880        0xd Src/dac.o
 *fill*         0x000000000800e88d        0x3 
 .rodata.str1.4
                0x000000000800e890        0xe Src/main.o
 *fill*         0x000000000800e89e        0x2 
 .rodata.str1.4
                0x000000000800e8a0        0xd Src/rtc.o
 *fill*         0x000000000800e8ad        0x3 
 .rodata.str1.4
                0x000000000800e8b0        0xd Src/spi.o
 *fill*         0x000000000800e8bd        0x3 
 .rodata.str1.4
                0x000000000800e8c0        0xf Src/usart.o
 *fill*         0x000000000800e8cf        0x1 
 .rodata.sqrt.str1.4
                0x000000000800e8d0        0x8 /Applications/Eclipse.app/Contents/Eclipse/plugins/fr.ac6.mcu.externaltools.arm-none.macos64_1.17.0.201812190825/tools/compiler/bin/../lib/gcc/arm-none-eabi/7.3.1/../../../../arm-none-eabi/lib/thumb/v7-m/libm.a(lib_a-w_sqrt.o)
                                          0x5 (size before relaxing)
 .rodata.atanhi
                0x000000000800e8d8       0x20 /Applications/Eclipse.app/Contents/Eclipse/plugins/fr.ac6.mcu.externaltools.arm-none.macos64_1.17.0.201812190825/tools/compiler/bin/../lib/gcc/arm-none-eabi/7.3.1/../../../../arm-none-eabi/lib/thumb/v7-m/libm.a(lib_a-s_atan.o)
 .rodata.atanlo
                0x000000000800e8f8       0x20 /Applications/Eclipse.app/Contents/Eclipse/plugins/fr.ac6.mcu.externaltools.arm-none.macos64_1.17.0.201812190825/tools/compiler/bin/../lib/gcc/arm-none-eabi/7.3.1/../../../../arm-none-eabi/lib/thumb/v7-m/libm.a(lib_a-s_atan.o)
                0x000000000800e918                . = ALIGN (0x4)

.rel.dyn        0x000000000800e918        0x0
 .rel.iplt      0x000000000800e918        0x0 /Applications/Eclipse.app/Contents/Eclipse/plugins/fr.ac6.mcu.externaltools.arm-none.macos64_1.17.0.201812190825/tools/compiler/bin/../lib/gcc/arm-none-eabi/7.3.1/thumb/v7-m/crtbegin.o

.ARM.extab
 *(.ARM.extab* .gnu.linkonce.armextab.*)

.ARM            0x000000000800e918        0x0
                0x000000000800e918                __exidx_start = .
 *(.ARM.exidx*)
                0x000000000800e918                __exidx_end = .

.preinit_array  0x000000000800e918        0x0
                0x000000000800e918                PROVIDE (__preinit_array_start = .)
 *(.preinit_array*)
                0x000000000800e918                PROVIDE (__preinit_array_end = .)

.init_array     0x000000000800e918        0x4
                0x000000000800e918                PROVIDE (__init_array_start = .)
 *(SORT_BY_NAME(.init_array.*))
 *(.init_array*)
 .init_array    0x000000000800e918        0x4 /Applications/Eclipse.app/Contents/Eclipse/plugins/fr.ac6.mcu.externaltools.arm-none.macos64_1.17.0.201812190825/tools/compiler/bin/../lib/gcc/arm-none-eabi/7.3.1/thumb/v7-m/crtbegin.o
                0x000000000800e91c                PROVIDE (__init_array_end = .)

.fini_array     0x000000000800e91c        0x4
                [!provide]                        PROVIDE (__fini_array_start = .)
 *(SORT_BY_NAME(.fini_array.*))
 *(.fini_array*)
 .fini_array    0x000000000800e91c        0x4 /Applications/Eclipse.app/Contents/Eclipse/plugins/fr.ac6.mcu.externaltools.arm-none.macos64_1.17.0.201812190825/tools/compiler/bin/../lib/gcc/arm-none-eabi/7.3.1/thumb/v7-m/crtbegin.o
                [!provide]                        PROVIDE (__fini_array_end = .)
                0x000000000800e920                _sidata = LOADADDR (.data)

.data           0x0000000020000000      0xe18 load address 0x000000000800e920
                0x0000000020000000                . = ALIGN (0x4)
                0x0000000020000000                _sdata = .
 *(.data)
 .data          0x0000000020000000        0x8 Drivers/STM32F1xx_HAL_Driver/Src/stm32f1xx_hal.o
                0x0000000020000000                uwTickFreq
                0x0000000020000004                uwTickPrio
 .data          0x0000000020000008       0x40 Src/AD5933.o
                0x0000000020000008                R_Correction
 .data          0x0000000020000048      0xd61 Src/main.o
                0x0000000020000048                ShowPageStatusCMD
                0x0000000020000058                ShowMainUnitCMD
                0x0000000020000068                ShowMainNum1CMD
                0x0000000020000078                ShowMainNum2CMD
                0x0000000020000088                ShowMainNum3CMD
                0x0000000020000098                ShowMainNum4CMD
                0x00000000200000a8                ShowMainNum5CMD
                0x00000000200000b8                ShowElectrodeStatusCMD
                0x00000000200000c5                Relay_Flag
                0x00000000200000c8                ShowmANum1CMD
                0x00000000200000d8                ShowmANum2CMD
                0x00000000200000e8                ShowmANum4CMD
                0x00000000200000f8                ShowTempNum1CMD
                0x0000000020000108                ShowTempNum2CMD
                0x0000000020000118                ShowTempNum4CMD
                0x0000000020000128                ShowTempNum3CMD
                0x0000000020000138                ShowmANum3CMD
                0x0000000020000148                ShowTimeNum3CMD
                0x0000000020000158                ShowTimeNum2CMD
                0x0000000020000168                ShowTimeNum1CMD
                0x0000000020000178                ShowTimeNum5CMD
                0x0000000020000188                ShowTimeNum4CMD
                0x0000000020000198                ShowDateNum4CMD
                0x00000000200001a8                ShowDateNum3CMD
                0x00000000200001b8                ShowDateNum7CMD
                0x00000000200001c8                ShowDateNum6CMD
                0x00000000200001d8                ShowDateNum10CMD
                0x00000000200001e8                ShowDateNum9CMD
                0x00000000200001f8                ShowDateNum1CMD
                0x0000000020000208                ShowDateNum2CMD
                0x0000000020000218                ShowDateNum5CMD
                0x0000000020000228                ShowDateNum8CMD
                0x0000000020000238                ChangeBrightnessCMD
                0x0000000020000244                SetBackWhiteCMD
                0x000000002000024c                ClearBackBlackCMD
                0x0000000020000254                ShowTempUnitCMD
                0x0000000020000264                ShowmAUnitCMD
                0x0000000020000274                NTC30K
                0x0000000020000404                range
                0x0000000020000408                ShowConfModeCMD
                0x0000000020000418                ShowConfTempModeCMD
                0x0000000020000428                ShowConfTempNum1CMD
                0x0000000020000438                ShowConfTempNum4CMD
                0x0000000020000448                ShowConfTempNum2CMD
                0x0000000020000458                ShowConfTempNum3CMD
                0x0000000020000468                ShowConfTempNowNum1CMD
                0x0000000020000478                ShowConfTempNowNum4CMD
                0x0000000020000488                ShowConfTempNowNum2CMD
                0x0000000020000498                ShowConfTempNowNum3CMD
                0x00000000200004a8                ShowConfPage1CMD
                0x00000000200004b8                ShowConfTempUnitCMD
                0x00000000200004c8                ShowConfTempNowUnitCMD
                0x00000000200004d8                ShowConfigSelect1CMD
                0x00000000200004e8                ShowConfigSelect2CMD
                0x00000000200004f8                ShowConf20mANum1CMD
                0x0000000020000508                ShowConf20mANum5CMD
                0x0000000020000518                ShowConf20mANum4CMD
                0x0000000020000528                ShowConf20mANum2CMD
                0x0000000020000538                ShowConf20mANum3CMD
                0x0000000020000548                ShowConf20mAUnitCMD
                0x0000000020000558                ShowConfPage1_2CMD
                0x0000000020000568                ShowConf4mAUnitCMD
                0x0000000020000578                ShowConf4mANum00CMD
                0x0000000020000588                ShowConf4mANum0CMD
                0x0000000020000598                ShowConf4mANum1CMD
                0x00000000200005a8                ShowConf4mANum5CMD
                0x00000000200005b8                ShowConf4mANum4CMD
                0x00000000200005c8                ShowConf4mANum2CMD
                0x00000000200005d8                ShowConf4mANum3CMD
                0x00000000200005e8                ShowConf20mANum00CMD
                0x00000000200005f8                ShowConf20mANum0CMD
                0x0000000020000608                ShowConf4mATempNum1CMD
                0x0000000020000618                ShowConf4mATempNum4CMD
                0x0000000020000628                ShowConf4mATempNum2CMD
                0x0000000020000638                ShowConf4mATempNum3CMD
                0x0000000020000648                ShowConf4mATempUnitCMD
                0x0000000020000658                ShowConf20mATempNum1CMD
                0x0000000020000668                ShowConf20mATempNum4CMD
                0x0000000020000678                ShowConf20mATempNum2CMD
                0x0000000020000688                ShowConf20mATempNum3CMD
                0x0000000020000698                ShowConf20mATempUnitCMD
                0x00000000200006a8                ShowConfigPage2CMD
                0x00000000200006b8                ShowConfUpLimitAutoCMD
                0x00000000200006c8                ShowConfUpLimitUnitCMD
                0x00000000200006d8                ShowConfUpLimitNum00CMD
                0x00000000200006e8                ShowConfUpLimitNum0CMD
                0x00000000200006f8                ShowConfUpLimitNum1CMD
                0x0000000020000708                ShowConfUpLimitNum5CMD
                0x0000000020000718                ShowConfUpLimitNum4CMD
                0x0000000020000728                ShowConfUpLimitNum2CMD
                0x0000000020000738                ShowConfUpLimitNum3CMD
                0x0000000020000748                ShowConfLimitDelayUnitCMD
                0x0000000020000758                ShowConfUpLimitDelayNum00CMD
                0x0000000020000768                ShowConfUpLimitDelayNum0CMD
                0x0000000020000778                ShowConfUpLimitDelayNum1CMD
                0x0000000020000788                ShowConfUpLimitDelayNum5CMD
                0x0000000020000798                ShowConfUpLimitDelayNum4CMD
                0x00000000200007a8                ShowConfUpLimitDelayNum2CMD
                0x00000000200007b8                ShowConfUpLimitDelayNum3CMD
                0x00000000200007c8                ShowConfigPage3CMD
                0x00000000200007d8                ShowConfLowLimitAutoCMD
                0x00000000200007e8                ShowConfLowLimitUnitCMD
                0x00000000200007f8                ShowConfLowLimitNum00CMD
                0x0000000020000808                ShowConfLowLimitNum0CMD
                0x0000000020000818                ShowConfLowLimitNum1CMD
                0x0000000020000828                ShowConfLowLimitNum5CMD
                0x0000000020000838                ShowConfLowLimitNum4CMD
                0x0000000020000848                ShowConfLowLimitNum2CMD
                0x0000000020000858                ShowConfLowLimitNum3CMD
                0x0000000020000868                ShowConfLowLimitDelayNum00CMD
                0x0000000020000878                ShowConfLowLimitDelayNum0CMD
                0x0000000020000888                ShowConfLowLimitDelayNum1CMD
                0x0000000020000898                ShowConfLowLimitDelayNum5CMD
                0x00000000200008a8                ShowConfLowLimitDelayNum4CMD
                0x00000000200008b8                ShowConfLowLimitDelayNum2CMD
                0x00000000200008c8                ShowConfLowLimitDelayNum3CMD
                0x00000000200008d8                ShowConfigPage4CMD
                0x00000000200008e8                ShowConfWashHoldTimeNum1CMD
                0x00000000200008f8                ShowConfWashHoldTimeNum2CMD
                0x0000000020000908                ShowConfWashHoldTimeUnitCMD
                0x0000000020000918                ShowConfWashDelayTimeNum1CMD
                0x0000000020000928                ShowConfWashDelayTimeNum2CMD
                0x0000000020000938                ShowConfWashDelayTimeUnitCMD
                0x0000000020000948                ShowConfFilterNum1CMD
                0x0000000020000958                ShowConfFilterNum2CMD
                0x0000000020000968                ShowConfFilterUnitCMD
                0x0000000020000978                ShowConfBrightnessNum2CMD
                0x0000000020000988                ShowConfBrightnessNum1CMD
                0x0000000020000998                ShowConfigPage5CMD
                0x00000000200009a8                ShowConfigPage7CMD
                0x00000000200009b8                ShowConfigPage8CMD
                0x00000000200009c8                ShowConfigPage6CMD
                0x00000000200009d8                ShowCalTypeCMD
                0x00000000200009e8                ShowCalPage2CMD
                0x00000000200009f8                ShowCalPage1CMD
                0x0000000020000a08                ShowLastCellNum0CMD
                0x0000000020000a18                ShowLastCellNum2CMD
                0x0000000020000a28                ShowLastCellNum6CMD
                0x0000000020000a38                ShowLastCellNum5CMD
                0x0000000020000a48                ShowLastCellNum4CMD
                0x0000000020000a58                ShowLastCellNum3CMD
                0x0000000020000a68                ShowLastCellNum1CMD
                0x0000000020000a78                ShowPreCellNum0CMD
                0x0000000020000a88                ShowPreCellNum2CMD
                0x0000000020000a98                ShowPreCellNum6CMD
                0x0000000020000aa8                ShowPreCellNum5CMD
                0x0000000020000ab8                ShowPreCellNum4CMD
                0x0000000020000ac8                ShowPreCellNum3CMD
                0x0000000020000ad8                ShowPreCellNum1CMD
                0x0000000020000ae8                ShowConf4mATempNum5CMD
                0x0000000020000af8                ShowCalPPMFixedUnitCMD
                0x0000000020000b08                SetForeBlackCMD
                0x0000000020000b10                ShowConfigUnselect1CMD
                0x0000000020000b20                ShowConfigSelect3CMD
                0x0000000020000b30                ShowConfigUnselect2CMD
                0x0000000020000b40                ShowConfigSelect4CMD
                0x0000000020000b50                ShowConfigUnselect3CMD
                0x0000000020000b60                ShowConfigSelect5CMD
                0x0000000020000b70                ShowPassWPageCMD
                0x0000000020000b80                ShowCalingStatusCMD
                0x0000000020000b90                ShowCalFinishStatus1CMD
                0x0000000020000ba0                ShowCalFinishStatus2CMD
                0x0000000020000bb0                ShowHistoryPage1CMD
                0x0000000020000bc0                SetForeGrayCMD
                0x0000000020000bc8                Show200mScmCMD
                0x0000000020000bdc                Show150mScmCMD
                0x0000000020000bf0                Show100mScmCMD
                0x0000000020000c04                Show50mScmCMD
                0x0000000020000c18                Show0mScmCMD
                0x0000000020000c2c                Show20MRCMD
                0x0000000020000c40                Show15MRCMD
                0x0000000020000c54                Show10MRCMD
                0x0000000020000c68                Show5MRCMD
                0x0000000020000c7c                Show0MRCMD
                0x0000000020000c90                Show700pptCMD
                0x0000000020000ca4                Show525pptCMD
                0x0000000020000cb8                Show350pptCMD
                0x0000000020000ccc                Show175pptCMD
                0x0000000020000ce0                Show0pptCMD
                0x0000000020000cf4                SetForeRedCMD
                0x0000000020000cfc                ShowHistoryTime1CMD
                0x0000000020000d1c                ShowHistoryTime2CMD
                0x0000000020000d38                SetForeBlueCMD
                0x0000000020000d40                lastHours
                0x0000000020000d44                GetSensor
                0x0000000020000d4c                ShowConf20mATempNum5CMD
                0x0000000020000d5c                ShowConfigUnselect4CMD
                0x0000000020000d6c                ShowmATextCMD
                0x0000000020000d7c                ShowElectrodeTextCMD
                0x0000000020000d8c                ShowWashStatusCMD
                0x0000000020000d9c                ShowAlarmStatusCMD
 *fill*         0x0000000020000da9        0x3 
 .data          0x0000000020000dac        0x4 Src/system_stm32f1xx.o
                0x0000000020000dac                SystemCoreClock
 *(.data*)
 .data.__fdlib_version
                0x0000000020000db0        0x1 /Applications/Eclipse.app/Contents/Eclipse/plugins/fr.ac6.mcu.externaltools.arm-none.macos64_1.17.0.201812190825/tools/compiler/bin/../lib/gcc/arm-none-eabi/7.3.1/../../../../arm-none-eabi/lib/thumb/v7-m/libm.a(lib_a-s_lib_ver.o)
                0x0000000020000db0                __fdlib_version
 *fill*         0x0000000020000db1        0x3 
 .data._impure_ptr
                0x0000000020000db4        0x4 /Applications/Eclipse.app/Contents/Eclipse/plugins/fr.ac6.mcu.externaltools.arm-none.macos64_1.17.0.201812190825/tools/compiler/bin/../lib/gcc/arm-none-eabi/7.3.1/../../../../arm-none-eabi/lib/thumb/v7-m/libc_nano.a(lib_a-impure.o)
                0x0000000020000db4                _impure_ptr
 .data.impure_data
                0x0000000020000db8       0x60 /Applications/Eclipse.app/Contents/Eclipse/plugins/fr.ac6.mcu.externaltools.arm-none.macos64_1.17.0.201812190825/tools/compiler/bin/../lib/gcc/arm-none-eabi/7.3.1/../../../../arm-none-eabi/lib/thumb/v7-m/libc_nano.a(lib_a-impure.o)
                0x0000000020000e18                . = ALIGN (0x4)
                0x0000000020000e18                _edata = .

.igot.plt       0x0000000020000e18        0x0 load address 0x000000000800f738
 .igot.plt      0x0000000020000e18        0x0 /Applications/Eclipse.app/Contents/Eclipse/plugins/fr.ac6.mcu.externaltools.arm-none.macos64_1.17.0.201812190825/tools/compiler/bin/../lib/gcc/arm-none-eabi/7.3.1/thumb/v7-m/crtbegin.o
                0x0000000020000e18                . = ALIGN (0x4)

.bss            0x0000000020000e18     0x22f0 load address 0x000000000800f738
                0x0000000020000e18                _sbss = .
                0x0000000020000e18                __bss_start__ = _sbss
 *(.bss)
 .bss           0x0000000020000e18       0x1c /Applications/Eclipse.app/Contents/Eclipse/plugins/fr.ac6.mcu.externaltools.arm-none.macos64_1.17.0.201812190825/tools/compiler/bin/../lib/gcc/arm-none-eabi/7.3.1/thumb/v7-m/crtbegin.o
 *fill*         0x0000000020000e34        0x4 
 .bss           0x0000000020000e38       0x3c Src/main.o
                0x0000000020000e38                Flashed
                0x0000000020000e3c                Sensor_Status
                0x0000000020000e40                Relay_Flag_Low
                0x0000000020000e41                Relay_Flag_Up
                0x0000000020000e42                Relay_WASH_Flag
                0x0000000020000e43                refreshFlag
                0x0000000020000e44                result
                0x0000000020000e45                filterCNT
                0x0000000020000e46                calFlag
                0x0000000020000e54                historyFlag
                0x0000000020000e55                SPI_Flashed
                0x0000000020000e56                configFlag
                0x0000000020000e58                Button_Cal_Flag
                0x0000000020000e60                Button_Conf_Flag
                0x0000000020000e68                Button_Right_Flag
                0x0000000020000e70                Sensor_Time
 *(.bss*)
 *(COMMON)
 COMMON         0x0000000020000e74        0x4 Drivers/STM32F1xx_HAL_Driver/Src/stm32f1xx_hal.o
                0x0000000020000e74                uwTick
 COMMON         0x0000000020000e78       0x20 Drivers/STM32F1xx_HAL_Driver/Src/stm32f1xx_hal_flash.o
                0x0000000020000e78                pFlash
 COMMON         0x0000000020000e98      0xc80 Src/AD5933.o
                0x0000000020000e98                rads
                0x00000000200011b8                AD5933_Dat_Im
                0x00000000200014d8                resistance
                0x00000000200017f8                AD5933_Dat_Re
 COMMON         0x0000000020001b18       0x74 Src/adc.o
                0x0000000020001b18                hadc1
                0x0000000020001b48                hdma_adc1
 COMMON         0x0000000020001b8c       0x14 Src/bsp_rtc.o
                0x0000000020001b8c                hrtc
 COMMON         0x0000000020001ba0       0x14 Src/dac.o
                0x0000000020001ba0                hdac
 COMMON         0x0000000020001bb4     0x1370 Src/main.o
                0x0000000020001bb4                sdateconftempstructureget
                0x0000000020001bb8                sdatewashholdstructureget
                0x0000000020001bbc                sdateconfstructureget
                0x0000000020001bc0                f_Temp
                0x0000000020001bc4                History_TIME
                0x0000000020002074                sTime
                0x0000000020002078                tempdata
                0x00000000200020d8                f_Rs_filter
                0x00000000200020dc                sensorRevBuf
                0x0000000020002110                f_Rs
                0x0000000020002114                History_DATE
                0x0000000020002754                sdatestructureget
                0x0000000020002758                DateToUpdate
                0x000000002000275c                stimelowlimitdelaystructureget
                0x0000000020002760                f_Rs_fixed
                0x0000000020002850                stimeuplimitdelaystructureget
                0x0000000020002854                stimewashstructureget
                0x0000000020002858                History_PPM
                0x0000000020002e98                f_Temp_fixed
                0x0000000020002e9c                stimestructureget
                0x0000000020002ea0                sdatelowlimitdelaystructureget
                0x0000000020002ea4                ADC_ConvertedValue
                0x0000000020002eac                sdateuplimitdelaystructureget
                0x0000000020002eb0                stimewashholdstructureget
                0x0000000020002eb4                sdatewashstructureget
                0x0000000020002eb8                f_k
                0x0000000020002ebc                stimeconftempstructureget
                0x0000000020002ec0                stimeconfstructureget
                0x0000000020002ec4                savedata
 COMMON         0x0000000020002f24       0x58 Src/spi.o
                0x0000000020002f24                hspi2
 COMMON         0x0000000020002f7c      0x18c Src/usart.o
                0x0000000020002f7c                hdma_usart2_rx
                0x0000000020002fc0                hdma_usart3_rx
                0x0000000020003004                huart3
                0x0000000020003044                hdma_usart1_rx
                0x0000000020003088                huart1
                0x00000000200030c8                huart2
                0x0000000020003108                . = ALIGN (0x4)
                0x0000000020003108                _ebss = .
                0x0000000020003108                __bss_end__ = _ebss

._user_heap_stack
                0x0000000020003108      0x600 load address 0x000000000800f738
                0x0000000020003108                . = ALIGN (0x8)
                0x0000000020003108                PROVIDE (end = .)
                [!provide]                        PROVIDE (_end = .)
                0x0000000020003308                . = (. + _Min_Heap_Size)
 *fill*         0x0000000020003108      0x200 
                0x0000000020003708                . = (. + _Min_Stack_Size)
 *fill*         0x0000000020003308      0x400 
                0x0000000020003708                . = ALIGN (0x8)

/DISCARD/
 libc.a(*)
 libm.a(*)
 libgcc.a(*)

.ARM.attributes
                0x0000000000000000       0x29
 *(.ARM.attributes)
 .ARM.attributes
                0x0000000000000000       0x1d /Applications/Eclipse.app/Contents/Eclipse/plugins/fr.ac6.mcu.externaltools.arm-none.macos64_1.17.0.201812190825/tools/compiler/bin/../lib/gcc/arm-none-eabi/7.3.1/thumb/v7-m/crti.o
 .ARM.attributes
                0x000000000000001d       0x2d /Applications/Eclipse.app/Contents/Eclipse/plugins/fr.ac6.mcu.externaltools.arm-none.macos64_1.17.0.201812190825/tools/compiler/bin/../lib/gcc/arm-none-eabi/7.3.1/thumb/v7-m/crtbegin.o
 .ARM.attributes
                0x000000000000004a       0x33 Drivers/STM32F1xx_HAL_Driver/Src/stm32f1xx_hal.o
 .ARM.attributes
                0x000000000000007d       0x33 Drivers/STM32F1xx_HAL_Driver/Src/stm32f1xx_hal_adc.o
 .ARM.attributes
                0x00000000000000b0       0x33 Drivers/STM32F1xx_HAL_Driver/Src/stm32f1xx_hal_adc_ex.o
 .ARM.attributes
                0x00000000000000e3       0x33 Drivers/STM32F1xx_HAL_Driver/Src/stm32f1xx_hal_cortex.o
 .ARM.attributes
                0x0000000000000116       0x33 Drivers/STM32F1xx_HAL_Driver/Src/stm32f1xx_hal_dac.o
 .ARM.attributes
                0x0000000000000149       0x33 Drivers/STM32F1xx_HAL_Driver/Src/stm32f1xx_hal_dma.o
 .ARM.attributes
                0x000000000000017c       0x33 Drivers/STM32F1xx_HAL_Driver/Src/stm32f1xx_hal_flash.o
 .ARM.attributes
                0x00000000000001af       0x33 Drivers/STM32F1xx_HAL_Driver/Src/stm32f1xx_hal_flash_ex.o
 .ARM.attributes
                0x00000000000001e2       0x33 Drivers/STM32F1xx_HAL_Driver/Src/stm32f1xx_hal_gpio.o
 .ARM.attributes
                0x0000000000000215       0x33 Drivers/STM32F1xx_HAL_Driver/Src/stm32f1xx_hal_pwr.o
 .ARM.attributes
                0x0000000000000248       0x33 Drivers/STM32F1xx_HAL_Driver/Src/stm32f1xx_hal_rcc.o
 .ARM.attributes
                0x000000000000027b       0x33 Drivers/STM32F1xx_HAL_Driver/Src/stm32f1xx_hal_rcc_ex.o
 .ARM.attributes
                0x00000000000002ae       0x33 Drivers/STM32F1xx_HAL_Driver/Src/stm32f1xx_hal_rtc.o
 .ARM.attributes
                0x00000000000002e1       0x33 Drivers/STM32F1xx_HAL_Driver/Src/stm32f1xx_hal_rtc_ex.o
 .ARM.attributes
                0x0000000000000314       0x33 Drivers/STM32F1xx_HAL_Driver/Src/stm32f1xx_hal_spi.o
 .ARM.attributes
                0x0000000000000347       0x33 Drivers/STM32F1xx_HAL_Driver/Src/stm32f1xx_hal_spi_ex.o
 .ARM.attributes
                0x000000000000037a       0x33 Drivers/STM32F1xx_HAL_Driver/Src/stm32f1xx_hal_uart.o
 .ARM.attributes
                0x00000000000003ad       0x33 Src/AD5933.o
 .ARM.attributes
                0x00000000000003e0       0x33 Src/adc.o
 .ARM.attributes
                0x0000000000000413       0x33 Src/bsp_rtc.o
 .ARM.attributes
                0x0000000000000446       0x33 Src/bsp_spi_flash.o
 .ARM.attributes
                0x0000000000000479       0x33 Src/dac.o
 .ARM.attributes
                0x00000000000004ac       0x33 Src/delay.o
 .ARM.attributes
                0x00000000000004df       0x33 Src/dma.o
 .ARM.attributes
                0x0000000000000512       0x33 Src/gpio.o
 .ARM.attributes
                0x0000000000000545       0x33 Src/main.o
 .ARM.attributes
                0x0000000000000578       0x33 Src/rtc.o
 .ARM.attributes
                0x00000000000005ab       0x33 Src/spi.o
 .ARM.attributes
                0x00000000000005de       0x33 Src/stm32f1xx_hal_msp.o
 .ARM.attributes
                0x0000000000000611       0x33 Src/stm32f1xx_it.o
 .ARM.attributes
                0x0000000000000644       0x33 Src/system_stm32f1xx.o
 .ARM.attributes
                0x0000000000000677       0x33 Src/usart.o
 .ARM.attributes
                0x00000000000006aa       0x21 startup/startup_stm32f103xe.o
 .ARM.attributes
                0x00000000000006cb       0x2d /Applications/Eclipse.app/Contents/Eclipse/plugins/fr.ac6.mcu.externaltools.arm-none.macos64_1.17.0.201812190825/tools/compiler/bin/../lib/gcc/arm-none-eabi/7.3.1/../../../../arm-none-eabi/lib/thumb/v7-m/libm.a(lib_a-w_atan2.o)
 .ARM.attributes
                0x00000000000006f8       0x2d /Applications/Eclipse.app/Contents/Eclipse/plugins/fr.ac6.mcu.externaltools.arm-none.macos64_1.17.0.201812190825/tools/compiler/bin/../lib/gcc/arm-none-eabi/7.3.1/../../../../arm-none-eabi/lib/thumb/v7-m/libm.a(lib_a-w_sqrt.o)
 .ARM.attributes
                0x0000000000000725       0x2d /Applications/Eclipse.app/Contents/Eclipse/plugins/fr.ac6.mcu.externaltools.arm-none.macos64_1.17.0.201812190825/tools/compiler/bin/../lib/gcc/arm-none-eabi/7.3.1/../../../../arm-none-eabi/lib/thumb/v7-m/libm.a(lib_a-e_atan2.o)
 .ARM.attributes
                0x0000000000000752       0x2d /Applications/Eclipse.app/Contents/Eclipse/plugins/fr.ac6.mcu.externaltools.arm-none.macos64_1.17.0.201812190825/tools/compiler/bin/../lib/gcc/arm-none-eabi/7.3.1/../../../../arm-none-eabi/lib/thumb/v7-m/libm.a(lib_a-e_sqrt.o)
 .ARM.attributes
                0x000000000000077f       0x2d /Applications/Eclipse.app/Contents/Eclipse/plugins/fr.ac6.mcu.externaltools.arm-none.macos64_1.17.0.201812190825/tools/compiler/bin/../lib/gcc/arm-none-eabi/7.3.1/../../../../arm-none-eabi/lib/thumb/v7-m/libm.a(lib_a-s_atan.o)
 .ARM.attributes
                0x00000000000007ac       0x2d /Applications/Eclipse.app/Contents/Eclipse/plugins/fr.ac6.mcu.externaltools.arm-none.macos64_1.17.0.201812190825/tools/compiler/bin/../lib/gcc/arm-none-eabi/7.3.1/../../../../arm-none-eabi/lib/thumb/v7-m/libm.a(lib_a-s_fabs.o)
 .ARM.attributes
                0x00000000000007d9       0x2d /Applications/Eclipse.app/Contents/Eclipse/plugins/fr.ac6.mcu.externaltools.arm-none.macos64_1.17.0.201812190825/tools/compiler/bin/../lib/gcc/arm-none-eabi/7.3.1/../../../../arm-none-eabi/lib/thumb/v7-m/libm.a(lib_a-s_lib_ver.o)
 .ARM.attributes
                0x0000000000000806       0x2d /Applications/Eclipse.app/Contents/Eclipse/plugins/fr.ac6.mcu.externaltools.arm-none.macos64_1.17.0.201812190825/tools/compiler/bin/../lib/gcc/arm-none-eabi/7.3.1/../../../../arm-none-eabi/lib/thumb/v7-m/libm.a(lib_a-s_matherr.o)
 .ARM.attributes
                0x0000000000000833       0x1d /Applications/Eclipse.app/Contents/Eclipse/plugins/fr.ac6.mcu.externaltools.arm-none.macos64_1.17.0.201812190825/tools/compiler/bin/../lib/gcc/arm-none-eabi/7.3.1/thumb/v7-m/libgcc.a(_arm_addsubdf3.o)
 .ARM.attributes
                0x0000000000000850       0x1d /Applications/Eclipse.app/Contents/Eclipse/plugins/fr.ac6.mcu.externaltools.arm-none.macos64_1.17.0.201812190825/tools/compiler/bin/../lib/gcc/arm-none-eabi/7.3.1/thumb/v7-m/libgcc.a(_arm_muldivdf3.o)
 .ARM.attributes
                0x000000000000086d       0x1d /Applications/Eclipse.app/Contents/Eclipse/plugins/fr.ac6.mcu.externaltools.arm-none.macos64_1.17.0.201812190825/tools/compiler/bin/../lib/gcc/arm-none-eabi/7.3.1/thumb/v7-m/libgcc.a(_arm_cmpdf2.o)
 .ARM.attributes
                0x000000000000088a       0x1d /Applications/Eclipse.app/Contents/Eclipse/plugins/fr.ac6.mcu.externaltools.arm-none.macos64_1.17.0.201812190825/tools/compiler/bin/../lib/gcc/arm-none-eabi/7.3.1/thumb/v7-m/libgcc.a(_arm_unorddf2.o)
 .ARM.attributes
                0x00000000000008a7       0x1d /Applications/Eclipse.app/Contents/Eclipse/plugins/fr.ac6.mcu.externaltools.arm-none.macos64_1.17.0.201812190825/tools/compiler/bin/../lib/gcc/arm-none-eabi/7.3.1/thumb/v7-m/libgcc.a(_arm_fixunsdfsi.o)
 .ARM.attributes
                0x00000000000008c4       0x1d /Applications/Eclipse.app/Contents/Eclipse/plugins/fr.ac6.mcu.externaltools.arm-none.macos64_1.17.0.201812190825/tools/compiler/bin/../lib/gcc/arm-none-eabi/7.3.1/thumb/v7-m/libgcc.a(_arm_truncdfsf2.o)
 .ARM.attributes
                0x00000000000008e1       0x1d /Applications/Eclipse.app/Contents/Eclipse/plugins/fr.ac6.mcu.externaltools.arm-none.macos64_1.17.0.201812190825/tools/compiler/bin/../lib/gcc/arm-none-eabi/7.3.1/thumb/v7-m/libgcc.a(_arm_addsubsf3.o)
 .ARM.attributes
                0x00000000000008fe       0x1d /Applications/Eclipse.app/Contents/Eclipse/plugins/fr.ac6.mcu.externaltools.arm-none.macos64_1.17.0.201812190825/tools/compiler/bin/../lib/gcc/arm-none-eabi/7.3.1/thumb/v7-m/libgcc.a(_arm_muldivsf3.o)
 .ARM.attributes
                0x000000000000091b       0x1d /Applications/Eclipse.app/Contents/Eclipse/plugins/fr.ac6.mcu.externaltools.arm-none.macos64_1.17.0.201812190825/tools/compiler/bin/../lib/gcc/arm-none-eabi/7.3.1/thumb/v7-m/libgcc.a(_arm_cmpsf2.o)
 .ARM.attributes
                0x0000000000000938       0x1d /Applications/Eclipse.app/Contents/Eclipse/plugins/fr.ac6.mcu.externaltools.arm-none.macos64_1.17.0.201812190825/tools/compiler/bin/../lib/gcc/arm-none-eabi/7.3.1/thumb/v7-m/libgcc.a(_arm_fixsfsi.o)
 .ARM.attributes
                0x0000000000000955       0x1d /Applications/Eclipse.app/Contents/Eclipse/plugins/fr.ac6.mcu.externaltools.arm-none.macos64_1.17.0.201812190825/tools/compiler/bin/../lib/gcc/arm-none-eabi/7.3.1/thumb/v7-m/libgcc.a(_arm_fixunssfsi.o)
 .ARM.attributes
                0x0000000000000972       0x2d /Applications/Eclipse.app/Contents/Eclipse/plugins/fr.ac6.mcu.externaltools.arm-none.macos64_1.17.0.201812190825/tools/compiler/bin/../lib/gcc/arm-none-eabi/7.3.1/../../../../arm-none-eabi/lib/thumb/v7-m/libc_nano.a(lib_a-errno.o)
 .ARM.attributes
                0x000000000000099f       0x2d /Applications/Eclipse.app/Contents/Eclipse/plugins/fr.ac6.mcu.externaltools.arm-none.macos64_1.17.0.201812190825/tools/compiler/bin/../lib/gcc/arm-none-eabi/7.3.1/../../../../arm-none-eabi/lib/thumb/v7-m/libc_nano.a(lib_a-impure.o)
 .ARM.attributes
                0x00000000000009cc       0x2d /Applications/Eclipse.app/Contents/Eclipse/plugins/fr.ac6.mcu.externaltools.arm-none.macos64_1.17.0.201812190825/tools/compiler/bin/../lib/gcc/arm-none-eabi/7.3.1/../../../../arm-none-eabi/lib/thumb/v7-m/libc_nano.a(lib_a-init.o)
 .ARM.attributes
                0x00000000000009f9       0x2d /Applications/Eclipse.app/Contents/Eclipse/plugins/fr.ac6.mcu.externaltools.arm-none.macos64_1.17.0.201812190825/tools/compiler/bin/../lib/gcc/arm-none-eabi/7.3.1/../../../../arm-none-eabi/lib/thumb/v7-m/libc_nano.a(lib_a-memcpy-stub.o)
 .ARM.attributes
                0x0000000000000a26       0x1d /Applications/Eclipse.app/Contents/Eclipse/plugins/fr.ac6.mcu.externaltools.arm-none.macos64_1.17.0.201812190825/tools/compiler/bin/../lib/gcc/arm-none-eabi/7.3.1/thumb/v7-m/crtn.o
OUTPUT(5000-01.elf elf32-littlearm)

.debug_info     0x0000000000000000    0x1e1da
 .debug_info    0x0000000000000000      0x80f Drivers/STM32F1xx_HAL_Driver/Src/stm32f1xx_hal.o
 .debug_info    0x000000000000080f      0xe60 Drivers/STM32F1xx_HAL_Driver/Src/stm32f1xx_hal_adc.o
 .debug_info    0x000000000000166f      0xb8a Drivers/STM32F1xx_HAL_Driver/Src/stm32f1xx_hal_adc_ex.o
 .debug_info    0x00000000000021f9      0xd10 Drivers/STM32F1xx_HAL_Driver/Src/stm32f1xx_hal_cortex.o
 .debug_info    0x0000000000002f09      0xa87 Drivers/STM32F1xx_HAL_Driver/Src/stm32f1xx_hal_dac.o
 .debug_info    0x0000000000003990      0x83b Drivers/STM32F1xx_HAL_Driver/Src/stm32f1xx_hal_dma.o
 .debug_info    0x00000000000041cb      0x6da Drivers/STM32F1xx_HAL_Driver/Src/stm32f1xx_hal_flash.o
 .debug_info    0x00000000000048a5      0xacb Drivers/STM32F1xx_HAL_Driver/Src/stm32f1xx_hal_flash_ex.o
 .debug_info    0x0000000000005370      0x690 Drivers/STM32F1xx_HAL_Driver/Src/stm32f1xx_hal_gpio.o
 .debug_info    0x0000000000005a00      0x6f4 Drivers/STM32F1xx_HAL_Driver/Src/stm32f1xx_hal_pwr.o