Archive member included to satisfy reference by file (symbol)

/Applications/Eclipse.app/Contents/Eclipse/plugins/fr.ac6.mcu.externaltools.arm-none.macos64_1.17.0.201812190825/tools/compiler/bin/../lib/gcc/arm-none-eabi/7.3.1/../../../../arm-none-eabi/lib/thumb/v7-m/libm.a(lib_a-w_atan2.o)
                              Src/AD5933.o (atan2)
/Applications/Eclipse.app/Contents/Eclipse/plugins/fr.ac6.mcu.externaltools.arm-none.macos64_1.17.0.201812190825/tools/compiler/bin/../lib/gcc/arm-none-eabi/7.3.1/../../../../arm-none-eabi/lib/thumb/v7-m/libm.a(lib_a-w_pow.o)
                              Src/main.o (pow)
/Applications/Eclipse.app/Contents/Eclipse/plugins/fr.ac6.mcu.externaltools.arm-none.macos64_1.17.0.201812190825/tools/compiler/bin/../lib/gcc/arm-none-eabi/7.3.1/../../../../arm-none-eabi/lib/thumb/v7-m/libm.a(lib_a-w_sqrt.o)
                              Src/AD5933.o (sqrt)
/Applications/Eclipse.app/Contents/Eclipse/plugins/fr.ac6.mcu.externaltools.arm-none.macos64_1.17.0.201812190825/tools/compiler/bin/../lib/gcc/arm-none-eabi/7.3.1/../../../../arm-none-eabi/lib/thumb/v7-m/libm.a(lib_a-e_atan2.o)
                              /Applications/Eclipse.app/Contents/Eclipse/plugins/fr.ac6.mcu.externaltools.arm-none.macos64_1.17.0.201812190825/tools/compiler/bin/../lib/gcc/arm-none-eabi/7.3.1/../../../../arm-none-eabi/lib/thumb/v7-m/libm.a(lib_a-w_atan2.o) (__ieee754_atan2)
/Applications/Eclipse.app/Contents/Eclipse/plugins/fr.ac6.mcu.externaltools.arm-none.macos64_1.17.0.201812190825/tools/compiler/bin/../lib/gcc/arm-none-eabi/7.3.1/../../../../arm-none-eabi/lib/thumb/v7-m/libm.a(lib_a-e_pow.o)
                              /Applications/Eclipse.app/Contents/Eclipse/plugins/fr.ac6.mcu.externaltools.arm-none.macos64_1.17.0.201812190825/tools/compiler/bin/../lib/gcc/arm-none-eabi/7.3.1/../../../../arm-none-eabi/lib/thumb/v7-m/libm.a(lib_a-w_pow.o) (__ieee754_pow)
/Applications/Eclipse.app/Contents/Eclipse/plugins/fr.ac6.mcu.externaltools.arm-none.macos64_1.17.0.201812190825/tools/compiler/bin/../lib/gcc/arm-none-eabi/7.3.1/../../../../arm-none-eabi/lib/thumb/v7-m/libm.a(lib_a-e_sqrt.o)
                              /Applications/Eclipse.app/Contents/Eclipse/plugins/fr.ac6.mcu.externaltools.arm-none.macos64_1.17.0.201812190825/tools/compiler/bin/../lib/gcc/arm-none-eabi/7.3.1/../../../../arm-none-eabi/lib/thumb/v7-m/libm.a(lib_a-w_sqrt.o) (__ieee754_sqrt)
/Applications/Eclipse.app/Contents/Eclipse/plugins/fr.ac6.mcu.externaltools.arm-none.macos64_1.17.0.201812190825/tools/compiler/bin/../lib/gcc/arm-none-eabi/7.3.1/../../../../arm-none-eabi/lib/thumb/v7-m/libm.a(lib_a-s_atan.o)
                              /Applications/Eclipse.app/Contents/Eclipse/plugins/fr.ac6.mcu.externaltools.arm-none.macos64_1.17.0.201812190825/tools/compiler/bin/../lib/gcc/arm-none-eabi/7.3.1/../../../../arm-none-eabi/lib/thumb/v7-m/libm.a(lib_a-e_atan2.o) (atan)
/Applications/Eclipse.app/Contents/Eclipse/plugins/fr.ac6.mcu.externaltools.arm-none.macos64_1.17.0.201812190825/tools/compiler/bin/../lib/gcc/arm-none-eabi/7.3.1/../../../../arm-none-eabi/lib/thumb/v7-m/libm.a(lib_a-s_fabs.o)
                              /Applications/Eclipse.app/Contents/Eclipse/plugins/fr.ac6.mcu.externaltools.arm-none.macos64_1.17.0.201812190825/tools/compiler/bin/../lib/gcc/arm-none-eabi/7.3.1/../../../../arm-none-eabi/lib/thumb/v7-m/libm.a(lib_a-e_atan2.o) (fabs)
/Applications/Eclipse.app/Contents/Eclipse/plugins/fr.ac6.mcu.externaltools.arm-none.macos64_1.17.0.201812190825/tools/compiler/bin/../lib/gcc/arm-none-eabi/7.3.1/../../../../arm-none-eabi/lib/thumb/v7-m/libm.a(lib_a-s_finite.o)
                              /Applications/Eclipse.app/Contents/Eclipse/plugins/fr.ac6.mcu.externaltools.arm-none.macos64_1.17.0.201812190825/tools/compiler/bin/../lib/gcc/arm-none-eabi/7.3.1/../../../../arm-none-eabi/lib/thumb/v7-m/libm.a(lib_a-w_pow.o) (finite)
/Applications/Eclipse.app/Contents/Eclipse/plugins/fr.ac6.mcu.externaltools.arm-none.macos64_1.17.0.201812190825/tools/compiler/bin/../lib/gcc/arm-none-eabi/7.3.1/../../../../arm-none-eabi/lib/thumb/v7-m/libm.a(lib_a-s_lib_ver.o)
                              /Applications/Eclipse.app/Contents/Eclipse/plugins/fr.ac6.mcu.externaltools.arm-none.macos64_1.17.0.201812190825/tools/compiler/bin/../lib/gcc/arm-none-eabi/7.3.1/../../../../arm-none-eabi/lib/thumb/v7-m/libm.a(lib_a-w_pow.o) (__fdlib_version)
/Applications/Eclipse.app/Contents/Eclipse/plugins/fr.ac6.mcu.externaltools.arm-none.macos64_1.17.0.201812190825/tools/compiler/bin/../lib/gcc/arm-none-eabi/7.3.1/../../../../arm-none-eabi/lib/thumb/v7-m/libm.a(lib_a-s_matherr.o)
                              /Applications/Eclipse.app/Contents/Eclipse/plugins/fr.ac6.mcu.externaltools.arm-none.macos64_1.17.0.201812190825/tools/compiler/bin/../lib/gcc/arm-none-eabi/7.3.1/../../../../arm-none-eabi/lib/thumb/v7-m/libm.a(lib_a-w_pow.o) (matherr)
[...]
Memory Configuration

Name             Origin             Length             Attributes
RAM              0x0000000020000000 0x000000000000c000 xrw
FLASH            0x0000000008000000 0x0000000000040000 xr
*default*        0x0000000000000000 0xffffffffffffffff

Linker script and memory map

LOAD /Applications/Eclipse.app/Contents/Eclipse/plugins/fr.ac6.mcu.externaltools.arm-none.macos64_1.17.0.201812190825/tools/compiler/bin/../lib/gcc/arm-none-eabi/7.3.1/thumb/v7-m/crti.o
LOAD /Applications/Eclipse.app/Contents/Eclipse/plugins/fr.ac6.mcu.externaltools.arm-none.macos64_1.17.0.201812190825/tools/compiler/bin/../lib/gcc/arm-none-eabi/7.3.1/thumb/v7-m/crtbegin.o
LOAD /Applications/Eclipse.app/Contents/Eclipse/plugins/fr.ac6.mcu.externaltools.arm-none.macos64_1.17.0.201812190825/tools/compiler/bin/../lib/gcc/arm-none-eabi/7.3.1/../../../../arm-none-eabi/lib/thumb/v7-m/crt0.o
LOAD Drivers/STM32F1xx_HAL_Driver/Src/stm32f1xx_hal.o
LOAD Drivers/STM32F1xx_HAL_Driver/Src/stm32f1xx_hal_adc.o
LOAD Drivers/STM32F1xx_HAL_Driver/Src/stm32f1xx_hal_adc_ex.o
LOAD Drivers/STM32F1xx_HAL_Driver/Src/stm32f1xx_hal_cortex.o
LOAD Drivers/STM32F1xx_HAL_Driver/Src/stm32f1xx_hal_dac.o
LOAD Drivers/STM32F1xx_HAL_Driver/Src/stm32f1xx_hal_dac_ex.o
LOAD Drivers/STM32F1xx_HAL_Driver/Src/stm32f1xx_hal_dma.o
LOAD Drivers/STM32F1xx_HAL_Driver/Src/stm32f1xx_hal_exti.o
LOAD Drivers/STM32F1xx_HAL_Driver/Src/stm32f1xx_hal_flash.o
LOAD Drivers/STM32F1xx_HAL_Driver/Src/stm32f1xx_hal_flash_ex.o
LOAD Drivers/STM32F1xx_HAL_Driver/Src/stm32f1xx_hal_gpio.o
LOAD Drivers/STM32F1xx_HAL_Driver/Src/stm32f1xx_hal_gpio_ex.o
LOAD Drivers/STM32F1xx_HAL_Driver/Src/stm32f1xx_hal_pwr.o
LOAD Drivers/STM32F1xx_HAL_Driver/Src/stm32f1xx_hal_rcc.o
LOAD Drivers/STM32F1xx_HAL_Driver/Src/stm32f1xx_hal_rcc_ex.o
LOAD Drivers/STM32F1xx_HAL_Driver/Src/stm32f1xx_hal_rtc.o
LOAD Drivers/STM32F1xx_HAL_Driver/Src/stm32f1xx_hal_rtc_ex.o
LOAD Drivers/STM32F1xx_HAL_Driver/Src/stm32f1xx_hal_spi.o
LOAD Drivers/STM32F1xx_HAL_Driver/Src/stm32f1xx_hal_spi_ex.o
LOAD Drivers/STM32F1xx_HAL_Driver/Src/stm32f1xx_hal_tim.o
LOAD Drivers/STM32F1xx_HAL_Driver/Src/stm32f1xx_hal_tim_ex.o
LOAD Drivers/STM32F1xx_HAL_Driver/Src/stm32f1xx_hal_uart.o
LOAD Src/AD5933.o
LOAD Src/adc.o
LOAD Src/bsp_rtc.o
LOAD Src/bsp_spi_flash.o
LOAD Src/dac.o
LOAD Src/delay.o
LOAD Src/dma.o
LOAD Src/gpio.o
LOAD Src/main.o
LOAD Src/rtc.o
LOAD Src/spi.o
LOAD Src/stm32f1xx_hal_msp.o
LOAD Src/stm32f1xx_it.o
LOAD Src/syscalls.o
LOAD Src/system_stm32f1xx.o
LOAD Src/tim.o
LOAD Src/usart.o
LOAD startup/startup_stm32f103xe.o
LOAD /Applications/Eclipse.app/Contents/Eclipse/plugins/fr.ac6.mcu.externaltools.arm-none.macos64_1.17.0.201812190825/tools/compiler/bin/../lib/gcc/arm-none-eabi/7.3.1/../../../../arm-none-eabi/lib/thumb/v7-m/libm.a
START GROUP
LOAD /Applications/Eclipse.app/Contents/Eclipse/plugins/fr.ac6.mcu.externaltools.arm-none.macos64_1.17.0.201812190825/tools/compiler/bin/../lib/gcc/arm-none-eabi/7.3.1/thumb/v7-m/libgcc.a
LOAD /Applications/Eclipse.app/Contents/Eclipse/plugins/fr.ac6.mcu.externaltools.arm-none.macos64_1.17.0.201812190825/tools/compiler/bin/../lib/gcc/arm-none-eabi/7.3.1/../../../../arm-none-eabi/lib/thumb/v7-m/libc_nano.a
END GROUP
START GROUP
LOAD /Applications/Eclipse.app/Contents/Eclipse/plugins/fr.ac6.mcu.externaltools.arm-none.macos64_1.17.0.201812190825/tools/compiler/bin/../lib/gcc/arm-none-eabi/7.3.1/thumb/v7-m/libgcc.a
LOAD /Applications/Eclipse.app/Contents/Eclipse/plugins/fr.ac6.mcu.externaltools.arm-none.macos64_1.17.0.201812190825/tools/compiler/bin/../lib/gcc/arm-none-eabi/7.3.1/../../../../arm-none-eabi/lib/thumb/v7-m/libc_nano.a
LOAD /Applications/Eclipse.app/Contents/Eclipse/plugins/fr.ac6.mcu.externaltools.arm-none.macos64_1.17.0.201812190825/tools/compiler/bin/../lib/gcc/arm-none-eabi/7.3.1/../../../../arm-none-eabi/lib/thumb/v7-m/libnosys.a
END GROUP
START GROUP
LOAD /Applications/Eclipse.app/Contents/Eclipse/plugins/fr.ac6.mcu.externaltools.arm-none.macos64_1.17.0.201812190825/tools/compiler/bin/../lib/gcc/arm-none-eabi/7.3.1/thumb/v7-m/libgcc.a
LOAD /Applications/Eclipse.app/Contents/Eclipse/plugins/fr.ac6.mcu.externaltools.arm-none.macos64_1.17.0.201812190825/tools/compiler/bin/../lib/gcc/arm-none-eabi/7.3.1/../../../../arm-none-eabi/lib/thumb/v7-m/libc_nano.a
LOAD /Applications/Eclipse.app/Contents/Eclipse/plugins/fr.ac6.mcu.externaltools.arm-none.macos64_1.17.0.201812190825/tools/compiler/bin/../lib/gcc/arm-none-eabi/7.3.1/../../../../arm-none-eabi/lib/thumb/v7-m/libnosys.a
END GROUP
LOAD /Applications/Eclipse.app/Contents/Eclipse/plugins/fr.ac6.mcu.externaltools.arm-none.macos64_1.17.0.201812190825/tools/compiler/bin/../lib/gcc/arm-none-eabi/7.3.1/thumb/v7-m/crtend.o
LOAD /Applications/Eclipse.app/Contents/Eclipse/plugins/fr.ac6.mcu.externaltools.arm-none.macos64_1.17.0.201812190825/tools/compiler/bin/../lib/gcc/arm-none-eabi/7.3.1/thumb/v7-m/crtn.o
                0x000000002000c000                _estack = 0x2000c000
                0x0000000000000200                _Min_Heap_Size = 0x200
                0x0000000000000400                _Min_Stack_Size = 0x400

.isr_vector     0x0000000008000000      0x1e4
                0x0000000008000000                . = ALIGN (0x4)
 *(.isr_vector)
 .isr_vector    0x0000000008000000      0x1e4 startup/startup_stm32f103xe.o
                0x0000000008000000                g_pfnVectors
                0x00000000080001e4                . = ALIGN (0x4)

.text           0x00000000080001e8    0x10170
                0x00000000080001e8                . = ALIGN (0x4)
 *(.text)
 .text          0x00000000080001e8       0x40 /Applications/Eclipse.app/Contents/Eclipse/plugins/fr.ac6.mcu.externaltools.arm-none.macos64_1.17.0.201812190825/tools/compiler/bin/../lib/gcc/arm-none-eabi/7.3.1/thumb/v7-m/crtbegin.o
 .text          0x0000000008000228      0x378 /Applications/Eclipse.app/Contents/Eclipse/plugins/fr.ac6.mcu.externaltools.arm-none.macos64_1.17.0.201812190825/tools/compiler/bin/../lib/gcc/arm-none-eabi/7.3.1/thumb/v7-m/libgcc.a(_arm_addsubdf3.o)
                0x0000000008000228                __aeabi_drsub
                0x0000000008000230                __subdf3
                0x0000000008000230                __aeabi_dsub
                0x0000000008000234                __aeabi_dadd
                0x0000000008000234                __adddf3
                0x00000000080004ac                __aeabi_ui2d
                0x00000000080004ac                __floatunsidf
                0x00000000080004cc                __floatsidf
                0x00000000080004cc                __aeabi_i2d
                0x00000000080004f0                __extendsfdf2
                0x00000000080004f0                __aeabi_f2d
                0x0000000008000534                __aeabi_ul2d
                0x0000000008000534                __floatundidf
                0x0000000008000544                __aeabi_l2d
                0x0000000008000544                __floatdidf
 .text          0x00000000080005a0      0x424 /Applications/Eclipse.app/Contents/Eclipse/plugins/fr.ac6.mcu.externaltools.arm-none.macos64_1.17.0.201812190825/tools/compiler/bin/../lib/gcc/arm-none-eabi/7.3.1/thumb/v7-m/libgcc.a(_arm_muldivdf3.o)
                0x00000000080005a0                __aeabi_dmul
                0x00000000080005a0                __muldf3
                0x00000000080007f4                __aeabi_ddiv
                0x00000000080007f4                __divdf3
 .text          0x00000000080009c4      0x110 /Applications/Eclipse.app/Contents/Eclipse/plugins/fr.ac6.mcu.externaltools.arm-none.macos64_1.17.0.201812190825/tools/compiler/bin/../lib/gcc/arm-none-eabi/7.3.1/thumb/v7-m/libgcc.a(_arm_cmpdf2.o)
                0x00000000080009c4                __gedf2
                0x00000000080009c4                __gtdf2
                0x00000000080009cc                __ledf2
                0x00000000080009cc                __ltdf2
                0x00000000080009d4                __cmpdf2
                0x00000000080009d4                __eqdf2
                0x00000000080009d4                __nedf2
                0x0000000008000a50                __aeabi_cdrcmple
                0x0000000008000a60                __aeabi_cdcmple
                0x0000000008000a60                __aeabi_cdcmpeq
                0x0000000008000a70                __aeabi_dcmpeq
                0x0000000008000a84                __aeabi_dcmplt
                0x0000000008000a98                __aeabi_dcmple
                0x0000000008000aac                __aeabi_dcmpge
                0x0000000008000ac0                __aeabi_dcmpgt
 .text          0x0000000008000ad4       0x2c /Applications/Eclipse.app/Contents/Eclipse/plugins/fr.ac6.mcu.externaltools.arm-none.macos64_1.17.0.201812190825/tools/compiler/bin/../lib/gcc/arm-none-eabi/7.3.1/thumb/v7-m/libgcc.a(_arm_unorddf2.o)
                0x0000000008000ad4                __aeabi_dcmpun
                0x0000000008000ad4                __unorddf2
 .text          0x0000000008000b00       0x40 /Applications/Eclipse.app/Contents/Eclipse/plugins/fr.ac6.mcu.externaltools.arm-none.macos64_1.17.0.201812190825/tools/compiler/bin/../lib/gcc/arm-none-eabi/7.3.1/thumb/v7-m/libgcc.a(_arm_fixunsdfsi.o)
                0x0000000008000b00                __fixunsdfsi
                0x0000000008000b00                __aeabi_d2uiz
 .text          0x0000000008000b40       0xa0 /Applications/Eclipse.app/Contents/Eclipse/plugins/fr.ac6.mcu.externaltools.arm-none.macos64_1.17.0.201812190825/tools/compiler/bin/../lib/gcc/arm-none-eabi/7.3.1/thumb/v7-m/libgcc.a(_arm_truncdfsf2.o)
                0x0000000008000b40                __aeabi_d2f
                0x0000000008000b40                __truncdfsf2
 .text          0x0000000008000be0      0x21c /Applications/Eclipse.app/Contents/Eclipse/plugins/fr.ac6.mcu.externaltools.arm-none.macos64_1.17.0.201812190825/tools/compiler/bin/../lib/gcc/arm-none-eabi/7.3.1/thumb/v7-m/libgcc.a(_arm_addsubsf3.o)
                0x0000000008000be0                __aeabi_frsub
                0x0000000008000be8                __aeabi_fsub
                0x0000000008000be8                __subsf3
                0x0000000008000bec                __aeabi_fadd
                0x0000000008000bec                __addsf3
                0x0000000008000d4c                __aeabi_ui2f
                0x0000000008000d4c                __floatunsisf
                0x0000000008000d54                __floatsisf
                0x0000000008000d54                __aeabi_i2f
                0x0000000008000d70                __aeabi_ul2f
                0x0000000008000d70                __floatundisf
                0x0000000008000d80                __aeabi_l2f
                0x0000000008000d80                __floatdisf
 .text          0x0000000008000dfc      0x2a0 /Applications/Eclipse.app/Contents/Eclipse/plugins/fr.ac6.mcu.externaltools.arm-none.macos64_1.17.0.201812190825/tools/compiler/bin/../lib/gcc/arm-none-eabi/7.3.1/thumb/v7-m/libgcc.a(_arm_muldivsf3.o)
                0x0000000008000dfc                __mulsf3
                0x0000000008000dfc                __aeabi_fmul
                0x0000000008000f64                __divsf3
                0x0000000008000f64                __aeabi_fdiv
 .text          0x000000000800109c       0xec /Applications/Eclipse.app/Contents/Eclipse/plugins/fr.ac6.mcu.externaltools.arm-none.macos64_1.17.0.201812190825/tools/compiler/bin/../lib/gcc/arm-none-eabi/7.3.1/thumb/v7-m/libgcc.a(_arm_cmpsf2.o)
                0x000000000800109c                __gesf2
                0x000000000800109c                __gtsf2
                0x00000000080010a4                __ltsf2
                0x00000000080010a4                __lesf2
                0x00000000080010ac                __nesf2
                0x00000000080010ac                __eqsf2
                0x00000000080010ac                __cmpsf2
                0x000000000800110c                __aeabi_cfrcmple
                0x0000000008001114                __aeabi_cfcmpeq
                0x0000000008001114                __aeabi_cfcmple
                0x0000000008001124                __aeabi_fcmpeq
                0x0000000008001138                __aeabi_fcmplt
                0x000000000800114c                __aeabi_fcmple
                0x0000000008001160                __aeabi_fcmpge
                0x0000000008001174                __aeabi_fcmpgt
 .text          0x0000000008001188       0x4c /Applications/Eclipse.app/Contents/Eclipse/plugins/fr.ac6.mcu.externaltools.arm-none.macos64_1.17.0.201812190825/tools/compiler/bin/../lib/gcc/arm-none-eabi/7.3.1/thumb/v7-m/libgcc.a(_arm_fixsfsi.o)
                0x0000000008001188                __fixsfsi
                0x0000000008001188                __aeabi_f2iz
 .text          0x00000000080011d4       0x40 /Applications/Eclipse.app/Contents/Eclipse/plugins/fr.ac6.mcu.externaltools.arm-none.macos64_1.17.0.201812190825/tools/compiler/bin/../lib/gcc/arm-none-eabi/7.3.1/thumb/v7-m/libgcc.a(_arm_fixunssfsi.o)
                0x00000000080011d4                __aeabi_f2uiz
                0x00000000080011d4                __fixunssfsi
 *(.text*)
 .text.HAL_InitTick
                0x0000000008001214       0x48 Drivers/STM32F1xx_HAL_Driver/Src/stm32f1xx_hal.o
                0x0000000008001214                HAL_InitTick
 .text.HAL_Init
                0x000000000800125c       0x24 Drivers/STM32F1xx_HAL_Driver/Src/stm32f1xx_hal.o
                0x000000000800125c                HAL_Init
 .text.HAL_IncTick
                0x0000000008001280       0x18 Drivers/STM32F1xx_HAL_Driver/Src/stm32f1xx_hal.o
                0x0000000008001280                HAL_IncTick
 .text.HAL_GetTick
                0x0000000008001298        0xc Drivers/STM32F1xx_HAL_Driver/Src/stm32f1xx_hal.o
                0x0000000008001298                HAL_GetTick
 .text.HAL_Delay
                0x00000000080012a4       0x28 Drivers/STM32F1xx_HAL_Driver/Src/stm32f1xx_hal.o
                0x00000000080012a4                HAL_Delay
 .text.HAL_ADC_PollForConversion
                0x00000000080012cc      0x170 Drivers/STM32F1xx_HAL_Driver/Src/stm32f1xx_hal_adc.o
                0x00000000080012cc                HAL_ADC_PollForConversion
 .text.HAL_ADC_GetValue
                0x000000000800143c        0x6 Drivers/STM32F1xx_HAL_Driver/Src/stm32f1xx_hal_adc.o
                0x000000000800143c                HAL_ADC_GetValue
 *fill*         0x0000000008001442        0x2 
 .text.HAL_ADC_ConfigChannel
                0x0000000008001444      0x138 Drivers/STM32F1xx_HAL_Driver/Src/stm32f1xx_hal_adc.o
                0x0000000008001444                HAL_ADC_ConfigChannel
 .text.ADC_Enable
                0x000000000800157c       0x80 Drivers/STM32F1xx_HAL_Driver/Src/stm32f1xx_hal_adc.o
                0x000000000800157c                ADC_Enable
 .text.HAL_ADC_Start
                0x00000000080015fc       0xec Drivers/STM32F1xx_HAL_Driver/Src/stm32f1xx_hal_adc.o
                0x00000000080015fc                HAL_ADC_Start
 .text.ADC_ConversionStop_Disable
                0x00000000080016e8       0x4c Drivers/STM32F1xx_HAL_Driver/Src/stm32f1xx_hal_adc.o
                0x00000000080016e8                ADC_ConversionStop_Disable
 .text.HAL_ADC_Init
                0x0000000008001734      0x12c Drivers/STM32F1xx_HAL_Driver/Src/stm32f1xx_hal_adc.o
                0x0000000008001734                HAL_ADC_Init
 .text.HAL_ADC_Stop
                0x0000000008001860       0x3a Drivers/STM32F1xx_HAL_Driver/Src/stm32f1xx_hal_adc.o
                0x0000000008001860                HAL_ADC_Stop
 *fill*         0x000000000800189a        0x2 
 .text.HAL_ADCEx_Calibration_Start
                0x000000000800189c       0xec Drivers/STM32F1xx_HAL_Driver/Src/stm32f1xx_hal_adc_ex.o
                0x000000000800189c                HAL_ADCEx_Calibration_Start
 .text.HAL_NVIC_SetPriorityGrouping
                0x0000000008001988       0x24 Drivers/STM32F1xx_HAL_Driver/Src/stm32f1xx_hal_cortex.o
                0x0000000008001988                HAL_NVIC_SetPriorityGrouping
 .text.HAL_NVIC_SetPriority
                0x00000000080019ac       0x68 Drivers/STM32F1xx_HAL_Driver/Src/stm32f1xx_hal_cortex.o
                0x00000000080019ac                HAL_NVIC_SetPriority
 .text.HAL_NVIC_EnableIRQ
                0x0000000008001a14       0x1c Drivers/STM32F1xx_HAL_Driver/Src/stm32f1xx_hal_cortex.o
                0x0000000008001a14                HAL_NVIC_EnableIRQ
 .text.HAL_NVIC_DisableIRQ
                0x0000000008001a30       0x24 Drivers/STM32F1xx_HAL_Driver/Src/stm32f1xx_hal_cortex.o
                0x0000000008001a30                HAL_NVIC_DisableIRQ
 .text.HAL_SYSTICK_Config
                0x0000000008001a54       0x2c Drivers/STM32F1xx_HAL_Driver/Src/stm32f1xx_hal_cortex.o
                0x0000000008001a54                HAL_SYSTICK_Config
 .text.HAL_SYSTICK_CLKSourceConfig
                0x0000000008001a80       0x20 Drivers/STM32F1xx_HAL_Driver/Src/stm32f1xx_hal_cortex.o
                0x0000000008001a80                HAL_SYSTICK_CLKSourceConfig
 .text.HAL_SYSTICK_Callback
                0x0000000008001aa0        0x2 Drivers/STM32F1xx_HAL_Driver/Src/stm32f1xx_hal_cortex.o
                0x0000000008001aa0                HAL_SYSTICK_Callback
 .text.HAL_SYSTICK_IRQHandler
                0x0000000008001aa2        0x8 Drivers/STM32F1xx_HAL_Driver/Src/stm32f1xx_hal_cortex.o
                0x0000000008001aa2                HAL_SYSTICK_IRQHandler
 .text.HAL_DAC_Init
                0x0000000008001aaa       0x24 Drivers/STM32F1xx_HAL_Driver/Src/stm32f1xx_hal_dac.o
                0x0000000008001aaa                HAL_DAC_Init
 .text.HAL_DAC_Start
                0x0000000008001ace       0x64 Drivers/STM32F1xx_HAL_Driver/Src/stm32f1xx_hal_dac.o
                0x0000000008001ace                HAL_DAC_Start
 .text.HAL_DAC_SetValue
                0x0000000008001b32       0x2c Drivers/STM32F1xx_HAL_Driver/Src/stm32f1xx_hal_dac.o
                0x0000000008001b32                HAL_DAC_SetValue
 .text.HAL_DAC_ConfigChannel
                0x0000000008001b5e       0x54 Drivers/STM32F1xx_HAL_Driver/Src/stm32f1xx_hal_dac.o
                0x0000000008001b5e                HAL_DAC_ConfigChannel
 *fill*         0x0000000008001bb2        0x2 
 .text.HAL_DMA_Init
                0x0000000008001bb4       0x98 Drivers/STM32F1xx_HAL_Driver/Src/stm32f1xx_hal_dma.o
                0x0000000008001bb4                HAL_DMA_Init
 .text.HAL_DMA_Abort_IT
                0x0000000008001c4c      0x168 Drivers/STM32F1xx_HAL_Driver/Src/stm32f1xx_hal_dma.o
                0x0000000008001c4c                HAL_DMA_Abort_IT
 .text.FLASH_Program_HalfWord
                0x0000000008001db4       0x1c Drivers/STM32F1xx_HAL_Driver/Src/stm32f1xx_hal_flash.o
 .text.FLASH_SetErrorCode
                0x0000000008001dd0       0x74 Drivers/STM32F1xx_HAL_Driver/Src/stm32f1xx_hal_flash.o
 .text.HAL_FLASH_Unlock
                0x0000000008001e44       0x34 Drivers/STM32F1xx_HAL_Driver/Src/stm32f1xx_hal_flash.o
                0x0000000008001e44                HAL_FLASH_Unlock
 .text.HAL_FLASH_Lock
                0x0000000008001e78       0x14 Drivers/STM32F1xx_HAL_Driver/Src/stm32f1xx_hal_flash.o
                0x0000000008001e78                HAL_FLASH_Lock
 .text.FLASH_WaitForLastOperation
                0x0000000008001e8c       0x6c Drivers/STM32F1xx_HAL_Driver/Src/stm32f1xx_hal_flash.o
                0x0000000008001e8c                FLASH_WaitForLastOperation
 .text.HAL_FLASH_Program
                0x0000000008001ef8       0x9c Drivers/STM32F1xx_HAL_Driver/Src/stm32f1xx_hal_flash.o
                0x0000000008001ef8                HAL_FLASH_Program
 .text.FLASH_MassErase
                0x0000000008001f94       0x24 Drivers/STM32F1xx_HAL_Driver/Src/stm32f1xx_hal_flash_ex.o
 .text.FLASH_PageErase
                0x0000000008001fb8       0x24 Drivers/STM32F1xx_HAL_Driver/Src/stm32f1xx_hal_flash_ex.o
                0x0000000008001fb8                FLASH_PageErase
 .text.HAL_FLASHEx_Erase
                0x0000000008001fdc       0xa4 Drivers/STM32F1xx_HAL_Driver/Src/stm32f1xx_hal_flash_ex.o
                0x0000000008001fdc                HAL_FLASHEx_Erase
 .text.HAL_GPIO_Init
                0x0000000008002080      0x1f4 Drivers/STM32F1xx_HAL_Driver/Src/stm32f1xx_hal_gpio.o
                0x0000000008002080                HAL_GPIO_Init
 .text.HAL_GPIO_ReadPin
                0x0000000008002274        0xe Drivers/STM32F1xx_HAL_Driver/Src/stm32f1xx_hal_gpio.o
                0x0000000008002274                HAL_GPIO_ReadPin
 .text.HAL_GPIO_WritePin
                0x0000000008002282        0xc Drivers/STM32F1xx_HAL_Driver/Src/stm32f1xx_hal_gpio.o
                0x0000000008002282                HAL_GPIO_WritePin
 *fill*         0x000000000800228e        0x2 
 .text.HAL_PWR_EnableBkUpAccess
                0x0000000008002290        0xc Drivers/STM32F1xx_HAL_Driver/Src/stm32f1xx_hal_pwr.o
                0x0000000008002290                HAL_PWR_EnableBkUpAccess
 .text.RCC_Delay
                0x000000000800229c       0x2c Drivers/STM32F1xx_HAL_Driver/Src/stm32f1xx_hal_rcc.o
 .text.HAL_RCC_OscConfig
                0x00000000080022c8      0x410 Drivers/STM32F1xx_HAL_Driver/Src/stm32f1xx_hal_rcc.o
                0x00000000080022c8                HAL_RCC_OscConfig
 .text.HAL_RCC_GetSysClockFreq
                0x00000000080026d8       0x70 Drivers/STM32F1xx_HAL_Driver/Src/stm32f1xx_hal_rcc.o
                0x00000000080026d8                HAL_RCC_GetSysClockFreq
 .text.HAL_RCC_ClockConfig
                0x0000000008002748      0x168 Drivers/STM32F1xx_HAL_Driver/Src/stm32f1xx_hal_rcc.o
                0x0000000008002748                HAL_RCC_ClockConfig
 .text.HAL_RCC_GetHCLKFreq
                0x00000000080028b0        0xc Drivers/STM32F1xx_HAL_Driver/Src/stm32f1xx_hal_rcc.o
                0x00000000080028b0                HAL_RCC_GetHCLKFreq
 .text.HAL_RCC_GetPCLK1Freq
                0x00000000080028bc       0x20 Drivers/STM32F1xx_HAL_Driver/Src/stm32f1xx_hal_rcc.o
                0x00000000080028bc                HAL_RCC_GetPCLK1Freq
 .text.HAL_RCC_GetPCLK2Freq
                0x00000000080028dc       0x20 Drivers/STM32F1xx_HAL_Driver/Src/stm32f1xx_hal_rcc.o
                0x00000000080028dc                HAL_RCC_GetPCLK2Freq
 .text.HAL_RCCEx_PeriphCLKConfig
                0x00000000080028fc      0x114 Drivers/STM32F1xx_HAL_Driver/Src/stm32f1xx_hal_rcc_ex.o
                0x00000000080028fc                HAL_RCCEx_PeriphCLKConfig
 .text.HAL_RCCEx_GetPeriphCLKFreq
                0x0000000008002a10      0x118 Drivers/STM32F1xx_HAL_Driver/Src/stm32f1xx_hal_rcc_ex.o
                0x0000000008002a10                HAL_RCCEx_GetPeriphCLKFreq
 .text.RTC_ReadTimeCounter
                0x0000000008002b28       0x26 Drivers/STM32F1xx_HAL_Driver/Src/stm32f1xx_hal_rtc.o
 .text.RTC_ReadAlarmCounter
                0x0000000008002b4e        0xe Drivers/STM32F1xx_HAL_Driver/Src/stm32f1xx_hal_rtc.o
 .text.RTC_ByteToBcd2
                0x0000000008002b5c       0x16 Drivers/STM32F1xx_HAL_Driver/Src/stm32f1xx_hal_rtc.o
 .text.RTC_Bcd2ToByte
                0x0000000008002b72       0x12 Drivers/STM32F1xx_HAL_Driver/Src/stm32f1xx_hal_rtc.o
 .text.RTC_IsLeapYear
                0x0000000008002b84       0x40 Drivers/STM32F1xx_HAL_Driver/Src/stm32f1xx_hal_rtc.o
 .text.RTC_WeekDayNum
                0x0000000008002bc4       0x9c Drivers/STM32F1xx_HAL_Driver/Src/stm32f1xx_hal_rtc.o
 .text.RTC_DateUpdate
                0x0000000008002c60       0xb4 Drivers/STM32F1xx_HAL_Driver/Src/stm32f1xx_hal_rtc.o
 .text.RTC_EnterInitMode
                0x0000000008002d14       0x30 Drivers/STM32F1xx_HAL_Driver/Src/stm32f1xx_hal_rtc.o
 .text.RTC_ExitInitMode
                0x0000000008002d44       0x32 Drivers/STM32F1xx_HAL_Driver/Src/stm32f1xx_hal_rtc.o
 .text.RTC_WriteTimeCounter
                0x0000000008002d76       0x2e Drivers/STM32F1xx_HAL_Driver/Src/stm32f1xx_hal_rtc.o
 .text.RTC_WriteAlarmCounter
                0x0000000008002da4       0x2e Drivers/STM32F1xx_HAL_Driver/Src/stm32f1xx_hal_rtc.o
 .text.HAL_RTC_SetTime
                0x0000000008002dd2       0xc2 Drivers/STM32F1xx_HAL_Driver/Src/stm32f1xx_hal_rtc.o
                0x0000000008002dd2                HAL_RTC_SetTime
 .text.HAL_RTC_GetTime
                0x0000000008002e94      0x118 Drivers/STM32F1xx_HAL_Driver/Src/stm32f1xx_hal_rtc.o
                0x0000000008002e94                HAL_RTC_GetTime
 .text.HAL_RTC_SetDate
                0x0000000008002fac       0xd8 Drivers/STM32F1xx_HAL_Driver/Src/stm32f1xx_hal_rtc.o
                0x0000000008002fac                HAL_RTC_SetDate
 .text.HAL_RTC_GetDate
                0x0000000008003084       0x66 Drivers/STM32F1xx_HAL_Driver/Src/stm32f1xx_hal_rtc.o
                0x0000000008003084                HAL_RTC_GetDate
 .text.HAL_RTC_WaitForSynchro
                0x00000000080030ea       0x38 Drivers/STM32F1xx_HAL_Driver/Src/stm32f1xx_hal_rtc.o
                0x00000000080030ea                HAL_RTC_WaitForSynchro
 *fill*         0x0000000008003122        0x2 
 .text.HAL_RTC_Init
                0x0000000008003124       0xc4 Drivers/STM32F1xx_HAL_Driver/Src/stm32f1xx_hal_rtc.o
                0x0000000008003124                HAL_RTC_Init
 .text.HAL_RTCEx_BKUPWrite
                0x00000000080031e8       0x10 Drivers/STM32F1xx_HAL_Driver/Src/stm32f1xx_hal_rtc_ex.o
                0x00000000080031e8                HAL_RTCEx_BKUPWrite
 .text.HAL_RTCEx_BKUPRead
                0x00000000080031f8       0x10 Drivers/STM32F1xx_HAL_Driver/Src/stm32f1xx_hal_rtc_ex.o
                0x00000000080031f8                HAL_RTCEx_BKUPRead
 .text.SPI_WaitFlagStateUntilTimeout
                0x0000000008003208       0x96 Drivers/STM32F1xx_HAL_Driver/Src/stm32f1xx_hal_spi.o
 .text.SPI_CheckFlag_BSY
                0x000000000800329e       0x28 Drivers/STM32F1xx_HAL_Driver/Src/stm32f1xx_hal_spi.o
 .text.HAL_SPI_TransmitReceive
                0x00000000080032c6      0x238 Drivers/STM32F1xx_HAL_Driver/Src/stm32f1xx_hal_spi.o
                0x00000000080032c6                HAL_SPI_TransmitReceive
 .text.HAL_SPI_Init
                0x00000000080034fe       0x82 Drivers/STM32F1xx_HAL_Driver/Src/stm32f1xx_hal_spi_ex.o
                0x00000000080034fe                HAL_SPI_Init
 .text.UART_EndRxTransfer
                0x0000000008003580       0x1c Drivers/STM32F1xx_HAL_Driver/Src/stm32f1xx_hal_uart.o
 .text.UART_Transmit_IT
                0x000000000800359c       0x68 Drivers/STM32F1xx_HAL_Driver/Src/stm32f1xx_hal_uart.o
 .text.UART_SetConfig
                0x0000000008003604       0xcc Drivers/STM32F1xx_HAL_Driver/Src/stm32f1xx_hal_uart.o
 .text.UART_WaitOnFlagUntilTimeout
                0x00000000080036d0       0x62 Drivers/STM32F1xx_HAL_Driver/Src/stm32f1xx_hal_uart.o
 .text.HAL_UART_Init
                0x0000000008003732       0x5e Drivers/STM32F1xx_HAL_Driver/Src/stm32f1xx_hal_uart.o
                0x0000000008003732                HAL_UART_Init
 .text.HAL_UART_Transmit
                0x0000000008003790       0xe0 Drivers/STM32F1xx_HAL_Driver/Src/stm32f1xx_hal_uart.o
                0x0000000008003790                HAL_UART_Transmit
 .text.HAL_UART_TxCpltCallback
                0x0000000008003870        0x2 Drivers/STM32F1xx_HAL_Driver/Src/stm32f1xx_hal_uart.o
                0x0000000008003870                HAL_UART_TxCpltCallback
 .text.UART_EndTransmit_IT
                0x0000000008003872       0x1a Drivers/STM32F1xx_HAL_Driver/Src/stm32f1xx_hal_uart.o
 .text.HAL_UART_RxCpltCallback
                0x000000000800388c        0x2 Drivers/STM32F1xx_HAL_Driver/Src/stm32f1xx_hal_uart.o
                0x000000000800388c                HAL_UART_RxCpltCallback
 .text.UART_Receive_IT
                0x000000000800388e       0x9c Drivers/STM32F1xx_HAL_Driver/Src/stm32f1xx_hal_uart.o
 .text.HAL_UART_ErrorCallback
                0x000000000800392a        0x2 Drivers/STM32F1xx_HAL_Driver/Src/stm32f1xx_hal_uart.o
                0x000000000800392a                HAL_UART_ErrorCallback
 .text.HAL_UART_IRQHandler
                0x000000000800392c      0x120 Drivers/STM32F1xx_HAL_Driver/Src/stm32f1xx_hal_uart.o
                0x000000000800392c                HAL_UART_IRQHandler
 .text.UART_DMAAbortOnError
                0x0000000008003a4c       0x10 Drivers/STM32F1xx_HAL_Driver/Src/stm32f1xx_hal_uart.o
 .text.Ini_I2c  0x0000000008003a5c       0xa8 Src/AD5933.o
                0x0000000008003a5c                Ini_I2c
 .text.RangeSelect
                0x0000000008003b04      0x5d8 Src/AD5933.o
                0x0000000008003b04                RangeSelect
 .text.SendNACK
                0x00000000080040dc       0x64 Src/AD5933.o
                0x00000000080040dc                SendNACK
 .text.START    0x0000000008004140       0x60 Src/AD5933.o
                0x0000000008004140                START
 .text.STOP     0x00000000080041a0       0x60 Src/AD5933.o
                0x00000000080041a0                STOP
 .text.GetACK   0x0000000008004200       0x70 Src/AD5933.o
                0x0000000008004200                GetACK
 .text.SendByte
                0x0000000008004270       0x90 Src/AD5933.o
                0x0000000008004270                SendByte
 .text.ReadByte
                0x0000000008004300       0x74 Src/AD5933.o
                0x0000000008004300                ReadByte
 .text.Write_Byte
                0x0000000008004374       0x2e Src/AD5933.o
                0x0000000008004374                Write_Byte
 .text.SetPointer
                0x00000000080043a2       0x2c Src/AD5933.o
                0x00000000080043a2                SetPointer
 .text.Rece_Byte
                0x00000000080043ce       0x26 Src/AD5933.o
                0x00000000080043ce                Rece_Byte
 .text.Maopao_Paixu
                0x00000000080043f4       0x5c Src/AD5933.o
                0x00000000080043f4                Maopao_Paixu
 .text.Get_resistance
                0x0000000008004450       0x54 Src/AD5933.o
                0x0000000008004450                Get_resistance
 *fill*         0x00000000080044a4        0x4 
 .text.Fre_To_Hex
                0x00000000080044a8       0x30 Src/AD5933.o
                0x00000000080044a8                Fre_To_Hex
 .text.Scale_imp
                0x00000000080044d8      0x19c Src/AD5933.o
                0x00000000080044d8                Scale_imp
 .text.AD5933_Sweep
                0x0000000008004674       0x4e Src/AD5933.o
                0x0000000008004674                AD5933_Sweep
 *fill*         0x00000000080046c2        0x2 
 .text.DA5933_Get_Rs
                0x00000000080046c4       0x48 Src/AD5933.o
                0x00000000080046c4                DA5933_Get_Rs
 .text.MX_ADC1_Init
                0x000000000800470c       0x88 Src/adc.o
                0x000000000800470c                MX_ADC1_Init
 .text.HAL_ADC_MspInit
                0x0000000008004794       0x40 Src/adc.o
                0x0000000008004794                HAL_ADC_MspInit
 .text.SPI_FLASH_SendByte
                0x00000000080047d4       0x34 Src/bsp_spi_flash.o
                0x00000000080047d4                SPI_FLASH_SendByte
 .text.SPI_FLASH_BufferRead
                0x0000000008004808       0x54 Src/bsp_spi_flash.o
                0x0000000008004808                SPI_FLASH_BufferRead
 .text.SPI_FLASH_WriteEnable
                0x000000000800485c       0x24 Src/bsp_spi_flash.o
                0x000000000800485c                SPI_FLASH_WriteEnable
 .text.SPI_FLASH_WaitForWriteEnd
                0x0000000008004880       0x30 Src/bsp_spi_flash.o
                0x0000000008004880                SPI_FLASH_WaitForWriteEnd
 .text.SPI_FLASH_SectorErase
                0x00000000080048b0       0x48 Src/bsp_spi_flash.o
                0x00000000080048b0                SPI_FLASH_SectorErase
 .text.SPI_FLASH_PageWrite
                0x00000000080048f8       0x64 Src/bsp_spi_flash.o
                0x00000000080048f8                SPI_FLASH_PageWrite
 .text.SPI_FLASH_BufferWrite
                0x000000000800495c       0xc4 Src/bsp_spi_flash.o
                0x000000000800495c                SPI_FLASH_BufferWrite
 .text.SPI_Flash_PowerDown
                0x0000000008004a20       0x24 Src/bsp_spi_flash.o
                0x0000000008004a20                SPI_Flash_PowerDown
 .text.SPI_Flash_WAKEUP
                0x0000000008004a44       0x24 Src/bsp_spi_flash.o
                0x0000000008004a44                SPI_Flash_WAKEUP
 .text.MX_DAC_Init
                0x0000000008004a68       0x60 Src/dac.o
                0x0000000008004a68                MX_DAC_Init
 .text.HAL_DAC_MspInit
                0x0000000008004ac8       0x44 Src/dac.o
                0x0000000008004ac8                HAL_DAC_MspInit
 .text.delay_us
                0x0000000008004b0c       0x5c Src/delay.o
                0x0000000008004b0c                delay_us
 .text.MX_GPIO_Init
                0x0000000008004b68      0x1b0 Src/gpio.o
                0x0000000008004b68                MX_GPIO_Init
 .text.RTC_CalendarConfig
                0x0000000008004d18       0x68 Src/main.o
 .text.startCalc
                0x0000000008004d80      0x18c Src/main.o
                0x0000000008004d80                startCalc
 .text.writeConfig
                0x0000000008004f0c      0x31c Src/main.o
                0x0000000008004f0c                writeConfig
 .text.readConfig
                0x0000000008005228      0x28c Src/main.o
                0x0000000008005228                readConfig
 .text.factoryConfig
                0x00000000080054b4      0x108 Src/main.o
                0x00000000080054b4                factoryConfig
 *fill*         0x00000000080055bc        0x4 
 .text.LCD_Update
                0x00000000080055c0      0x700 Src/main.o
                0x00000000080055c0                LCD_Update
 .text.ImA_Update
                0x0000000008005cc0      0x1c4 Src/main.o
                0x0000000008005cc0                ImA_Update
 .text.Relay_Update
                0x0000000008005e84      0x124 Src/main.o
                0x0000000008005e84                Relay_Update
 .text.RTC_Update
                0x0000000008005fa8      0x1fc Src/main.o
                0x0000000008005fa8                RTC_Update
 .text.calcTimeSpan
                0x00000000080061a4       0x6c Src/main.o
                0x00000000080061a4                calcTimeSpan
 .text.LCD_Init
                0x0000000008006210      0x1f4 Src/main.o
                0x0000000008006210                LCD_Init
 *fill*         0x0000000008006404        0x4 
 .text.getTemp  0x0000000008006408      0x280 Src/main.o
                0x0000000008006408                getTemp
 .text.getRs    0x0000000008006688      0x218 Src/main.o
                0x0000000008006688                getRs
 .text.ProcessData
                0x00000000080068a0      0x5d4 Src/main.o
                0x00000000080068a0                ProcessData
 .text.Change_Conf_Unit
                0x0000000008006e74       0x48 Src/main.o
                0x0000000008006e74                Change_Conf_Unit
 .text.Change_Conf_TempMode
                0x0000000008006ebc       0x50 Src/main.o
                0x0000000008006ebc                Change_Conf_TempMode
 *fill*         0x0000000008006f0c        0x4 
 .text.Change_Conf_Temp
                0x0000000008006f10       0xd8 Src/main.o
                0x0000000008006f10                Change_Conf_Temp
 .text.Change_Conf_Temp_Now
                0x0000000008006fe8       0xd8 Src/main.o
                0x0000000008006fe8                Change_Conf_Temp_Now
 .text.Enter_Conf_Page1
                0x00000000080070c0       0xa8 Src/main.o
                0x00000000080070c0                Enter_Conf_Page1
 .text.Change_Conf_TempFactor
                0x0000000008007168      0x160 Src/main.o
                0x0000000008007168                Change_Conf_TempFactor
 .text.Change_Conf_TempFactorType
                0x00000000080072c8       0x5c Src/main.o
                0x00000000080072c8                Change_Conf_TempFactorType
 .text.Enter_Conf_Page1_2
                0x0000000008007324       0x54 Src/main.o
                0x0000000008007324                Enter_Conf_Page1_2
 .text.Change_Conf_PPM4mA
                0x0000000008007378      0x24c Src/main.o
                0x0000000008007378                Change_Conf_PPM4mA
 *fill*         0x00000000080075c4        0x4 
 .text.Change_Conf_ppm20mA
                0x00000000080075c8      0x24c Src/main.o
                0x00000000080075c8                Change_Conf_ppm20mA
 *fill*         0x0000000008007814        0x4 
 .text.Change_Conf_temp4mA
                0x0000000008007818       0xe8 Src/main.o
                0x0000000008007818                Change_Conf_temp4mA
 .text.Change_Conf_temp20mA
                0x0000000008007900       0xe8 Src/main.o
                0x0000000008007900                Change_Conf_temp20mA
 .text.Enter_Conf_Page2
                0x00000000080079e8      0x158 Src/main.o
                0x00000000080079e8                Enter_Conf_Page2
 .text.Change_Conf_ADMAX
                0x0000000008007b40      0x19c Src/main.o
                0x0000000008007b40                Change_Conf_ADMAX
 *fill*         0x0000000008007cdc        0x4 
 .text.Change_Conf_ADMIN
                0x0000000008007ce0      0x19c Src/main.o
                0x0000000008007ce0                Change_Conf_ADMIN
 .text.Change_Conf_UpLimitAuto
                0x0000000008007e7c       0x34 Src/main.o
                0x0000000008007e7c                Change_Conf_UpLimitAuto
 .text.Change_Conf_UpLimit
                0x0000000008007eb0      0x24c Src/main.o
                0x0000000008007eb0                Change_Conf_UpLimit
 *fill*         0x00000000080080fc        0x4 
 .text.Change_Conf_UpLimitDelay
                0x0000000008008100      0x24c Src/main.o
                0x0000000008008100                Change_Conf_UpLimitDelay
 .text.Enter_Conf_Page3
                0x000000000800834c      0x118 Src/main.o
                0x000000000800834c                Enter_Conf_Page3
 .text.Change_Conf_LowLimitAuto
                0x0000000008008464       0x34 Src/main.o
                0x0000000008008464                Change_Conf_LowLimitAuto
 .text.Change_Conf_LowLimit
                0x0000000008008498      0x24c Src/main.o
                0x0000000008008498                Change_Conf_LowLimit
 *fill*         0x00000000080086e4        0x4 
 .text.Change_Conf_LowLimitDelay
                0x00000000080086e8      0x24c Src/main.o
                0x00000000080086e8                Change_Conf_LowLimitDelay
 .text.Enter_Conf_Page4
                0x0000000008008934      0x118 Src/main.o
                0x0000000008008934                Enter_Conf_Page4
 .text.Change_Conf_WashHoldTime
                0x0000000008008a4c       0x74 Src/main.o
                0x0000000008008a4c                Change_Conf_WashHoldTime
 .text.Change_Conf_WashDelayTime
                0x0000000008008ac0       0x74 Src/main.o
                0x0000000008008ac0                Change_Conf_WashDelayTime
 .text.Change_Conf_Filter
                0x0000000008008b34       0x74 Src/main.o
                0x0000000008008b34                Change_Conf_Filter
 .text.Change_Conf_Brightness
                0x0000000008008ba8       0x78 Src/main.o
                0x0000000008008ba8                Change_Conf_Brightness
 .text.Enter_Conf_Page5
                0x0000000008008c20       0x68 Src/main.o
                0x0000000008008c20                Enter_Conf_Page5
 .text.Change_Conf_Year
                0x0000000008008c88       0xc0 Src/main.o
                0x0000000008008c88                Change_Conf_Year
 .text.Change_Conf_Month
                0x0000000008008d48       0x8c Src/main.o
                0x0000000008008d48                Change_Conf_Month
 .text.Change_Conf_Date
                0x0000000008008dd4       0x8c Src/main.o
                0x0000000008008dd4                Change_Conf_Date
 .text.Enter_Conf_Page7
                0x0000000008008e60       0x58 Src/main.o
                0x0000000008008e60                Enter_Conf_Page7
 .text.Change_Conf_Hours
                0x0000000008008eb8       0x8c Src/main.o
                0x0000000008008eb8                Change_Conf_Hours
 .text.Change_Conf_Minutes
                0x0000000008008f44       0x8c Src/main.o
                0x0000000008008f44                Change_Conf_Minutes
 .text.Change_Conf_Seconds
                0x0000000008008fd0       0x8c Src/main.o
                0x0000000008008fd0                Change_Conf_Seconds
 .text.Enter_Conf_Page8
                0x000000000800905c       0x58 Src/main.o
                0x000000000800905c                Enter_Conf_Page8
 .text.Change_Conf_Interval
                0x00000000080090b4       0x94 Src/main.o
                0x00000000080090b4                Change_Conf_Interval
 .text.Change_Conf_PassW
                0x0000000008009148       0x3c Src/main.o
                0x0000000008009148                Change_Conf_PassW
 .text.Enter_Conf_Page6
                0x0000000008009184      0x158 Src/main.o
                0x0000000008009184                Enter_Conf_Page6
 .text.Change_CalType
                0x00000000080092dc       0x58 Src/main.o
                0x00000000080092dc                Change_CalType
 .text.Enter_Cal_Page1
                0x0000000008009334       0x48 Src/main.o
                0x0000000008009334                Enter_Cal_Page1
 .text.Change_LastCell
                0x000000000800937c      0x258 Src/main.o
                0x000000000800937c                Change_LastCell
 .text.Change_PreCell
                0x00000000080095d4      0x258 Src/main.o
                0x00000000080095d4                Change_PreCell
 .text.Enter_Cal_Page2
                0x000000000800982c       0x78 Src/main.o
                0x000000000800982c                Enter_Cal_Page2
 .text.Change_Cal_Temp
                0x00000000080098a4      0x108 Src/main.o
                0x00000000080098a4                Change_Cal_Temp
 .text.Select_Next
                0x00000000080099ac       0xa0 Src/main.o
                0x00000000080099ac                Select_Next
 .text.Enter_PasW_Page
                0x0000000008009a4c      0x72c Src/main.o
                0x0000000008009a4c                Enter_PasW_Page
 .text.Cal_UI   0x000000000800a178     0x14c8 Src/main.o
                0x000000000800a178                Cal_UI
 .text.DrawLine
                0x000000000800b640       0x5c Src/main.o
                0x000000000800b640                DrawLine
 *fill*         0x000000000800b69c        0x4 
 .text.Enter_History_Page1
                0x000000000800b6a0      0x674 Src/main.o
                0x000000000800b6a0                Enter_History_Page1
 .text.History_UI
                0x000000000800bd14       0xf0 Src/main.o
                0x000000000800bd14                History_UI
 .text.eepromReadSetting
                0x000000000800be04       0x94 Src/main.o
                0x000000000800be04                eepromReadSetting
 .text.eepromWriteSetting
                0x000000000800be98       0x90 Src/main.o
                0x000000000800be98                eepromWriteSetting
 .text.Conf_UI  0x000000000800bf28     0x20ec Src/main.o
                0x000000000800bf28                Conf_UI
 .text.Button_Scan
                0x000000000800e014      0x21c Src/main.o
                0x000000000800e014                Button_Scan
 .text.application
                0x000000000800e230      0x3a4 Src/main.o
                0x000000000800e230                application
 .text._Error_Handler
                0x000000000800e5d4        0x2 Src/main.o
                0x000000000800e5d4                _Error_Handler
 *fill*         0x000000000800e5d6        0x2 
 .text.SystemClock_Config
                0x000000000800e5d8       0xa8 Src/main.o
                0x000000000800e5d8                SystemClock_Config
 .text.main     0x000000000800e680      0x188 Src/main.o
                0x000000000800e680                main
 .text.MX_RTC_Init
                0x000000000800e808       0x34 Src/rtc.o
                0x000000000800e808                MX_RTC_Init
 .text.HAL_RTC_MspInit
                0x000000000800e83c       0x40 Src/rtc.o
                0x000000000800e83c                HAL_RTC_MspInit
 .text.MX_SPI2_Init
                0x000000000800e87c       0x48 Src/spi.o
                0x000000000800e87c                MX_SPI2_Init
 .text.HAL_SPI_MspInit
                0x000000000800e8c4       0x5c Src/spi.o
                0x000000000800e8c4                HAL_SPI_MspInit
 .text.HAL_MspInit
                0x000000000800e920       0x9c Src/stm32f1xx_hal_msp.o
                0x000000000800e920                HAL_MspInit
 .text.NMI_Handler
                0x000000000800e9bc        0x2 Src/stm32f1xx_it.o
                0x000000000800e9bc                NMI_Handler
 .text.HardFault_Handler
                0x000000000800e9be        0x2 Src/stm32f1xx_it.o
                0x000000000800e9be                HardFault_Handler
 .text.MemManage_Handler
                0x000000000800e9c0        0x2 Src/stm32f1xx_it.o
                0x000000000800e9c0                MemManage_Handler
 .text.BusFault_Handler
                0x000000000800e9c2        0x2 Src/stm32f1xx_it.o
                0x000000000800e9c2                BusFault_Handler
 .text.UsageFault_Handler
                0x000000000800e9c4        0x2 Src/stm32f1xx_it.o
                0x000000000800e9c4                UsageFault_Handler
 .text.SVC_Handler
                0x000000000800e9c6        0x2 Src/stm32f1xx_it.o
                0x000000000800e9c6                SVC_Handler
 .text.DebugMon_Handler
                0x000000000800e9c8        0x2 Src/stm32f1xx_it.o
                0x000000000800e9c8                DebugMon_Handler
 .text.PendSV_Handler
                0x000000000800e9ca        0x2 Src/stm32f1xx_it.o
                0x000000000800e9ca                PendSV_Handler
 .text.SysTick_Handler
                0x000000000800e9cc        0xc Src/stm32f1xx_it.o
                0x000000000800e9cc                SysTick_Handler
 .text.DMA1_Channel3_IRQHandler
                0x000000000800e9d8        0x2 Src/stm32f1xx_it.o
                0x000000000800e9d8                DMA1_Channel3_IRQHandler
 .text.DMA1_Channel5_IRQHandler
                0x000000000800e9da        0x2 Src/stm32f1xx_it.o
                0x000000000800e9da                DMA1_Channel5_IRQHandler
 .text.DMA1_Channel6_IRQHandler
                0x000000000800e9dc        0x2 Src/stm32f1xx_it.o
                0x000000000800e9dc                DMA1_Channel6_IRQHandler
 *fill*         0x000000000800e9de        0x2 
 .text.USART1_IRQHandler
                0x000000000800e9e0       0x10 Src/stm32f1xx_it.o
                0x000000000800e9e0                USART1_IRQHandler
 .text.USART2_IRQHandler
                0x000000000800e9f0        0x2 Src/stm32f1xx_it.o
                0x000000000800e9f0                USART2_IRQHandler
 .text.USART3_IRQHandler
                0x000000000800e9f2        0x2 Src/stm32f1xx_it.o
                0x000000000800e9f2                USART3_IRQHandler
 .text.SystemInit
                0x000000000800e9f4       0x4c Src/system_stm32f1xx.o
                0x000000000800e9f4                SystemInit
 .text.MX_USART1_UART_Init
                0x000000000800ea40       0x3c Src/usart.o
                0x000000000800ea40                MX_USART1_UART_Init
 .text.HAL_UART_MspInit
                0x000000000800ea7c       0xa8 Src/usart.o
                0x000000000800ea7c                HAL_UART_MspInit
 .text.Reset_Handler
                0x000000000800eb24       0x48 startup/startup_stm32f103xe.o
                0x000000000800eb24                Reset_Handler
 .text.Default_Handler
                0x000000000800eb6c        0x2 startup/startup_stm32f103xe.o
                0x000000000800eb6c                DMA2_Channel3_IRQHandler
                0x000000000800eb6c                EXTI2_IRQHandler
                0x000000000800eb6c                TIM8_TRG_COM_IRQHandler
                0x000000000800eb6c                TIM8_CC_IRQHandler
                0x000000000800eb6c                TIM1_CC_IRQHandler
                0x000000000800eb6c                TIM6_IRQHandler
                0x000000000800eb6c                PVD_IRQHandler
                0x000000000800eb6c                SDIO_IRQHandler
                0x000000000800eb6c                EXTI3_IRQHandler
                0x000000000800eb6c                EXTI0_IRQHandler
                0x000000000800eb6c                I2C2_EV_IRQHandler
                0x000000000800eb6c                ADC1_2_IRQHandler
                0x000000000800eb6c                SPI1_IRQHandler
                0x000000000800eb6c                TAMPER_IRQHandler
                0x000000000800eb6c                TIM8_UP_IRQHandler
                0x000000000800eb6c                DMA2_Channel2_IRQHandler
                0x000000000800eb6c                DMA1_Channel4_IRQHandler
                0x000000000800eb6c                RTC_IRQHandler
                0x000000000800eb6c                DMA1_Channel7_IRQHandler
                0x000000000800eb6c                CAN1_RX1_IRQHandler
                0x000000000800eb6c                UART5_IRQHandler
                0x000000000800eb6c                ADC3_IRQHandler
                0x000000000800eb6c                TIM4_IRQHandler
                0x000000000800eb6c                DMA2_Channel1_IRQHandler
                0x000000000800eb6c                I2C1_EV_IRQHandler
                0x000000000800eb6c                UART4_IRQHandler
                0x000000000800eb6c                TIM3_IRQHandler
                0x000000000800eb6c                RCC_IRQHandler
                0x000000000800eb6c                TIM1_TRG_COM_IRQHandler
                0x000000000800eb6c                DMA1_Channel1_IRQHandler
                0x000000000800eb6c                Default_Handler
                0x000000000800eb6c                EXTI15_10_IRQHandler
                0x000000000800eb6c                TIM7_IRQHandler
                0x000000000800eb6c                TIM5_IRQHandler
                0x000000000800eb6c                EXTI9_5_IRQHandler
                0x000000000800eb6c                SPI2_IRQHandler
                0x000000000800eb6c                EXTI4_IRQHandler
                0x000000000800eb6c                USB_LP_CAN1_RX0_IRQHandler
                0x000000000800eb6c                USB_HP_CAN1_TX_IRQHandler
                0x000000000800eb6c                FSMC_IRQHandler
                0x000000000800eb6c                TIM1_UP_IRQHandler
                0x000000000800eb6c                WWDG_IRQHandler
                0x000000000800eb6c                TIM2_IRQHandler
                0x000000000800eb6c                TIM1_BRK_IRQHandler
                0x000000000800eb6c                EXTI1_IRQHandler
                0x000000000800eb6c                DMA2_Channel4_5_IRQHandler
                0x000000000800eb6c                I2C2_ER_IRQHandler
                0x000000000800eb6c                DMA1_Channel2_IRQHandler
                0x000000000800eb6c                TIM8_BRK_IRQHandler
                0x000000000800eb6c                CAN1_SCE_IRQHandler
                0x000000000800eb6c                FLASH_IRQHandler
                0x000000000800eb6c                SPI3_IRQHandler
                0x000000000800eb6c                I2C1_ER_IRQHandler
                0x000000000800eb6c                USBWakeUp_IRQHandler
                0x000000000800eb6c                RTC_Alarm_IRQHandler
 *fill*         0x000000000800eb6e        0x2 
 .text.atan2    0x000000000800eb70        0x4 /Applications/Eclipse.app/Contents/Eclipse/plugins/fr.ac6.mcu.externaltools.arm-none.macos64_1.17.0.201812190825/tools/compiler/bin/../lib/gcc/arm-none-eabi/7.3.1/../../../../arm-none-eabi/lib/thumb/v7-m/libm.a(lib_a-w_atan2.o)
                0x000000000800eb70                atan2
 .text.pow      0x000000000800eb74      0x334 /Applications/Eclipse.app/Contents/Eclipse/plugins/fr.ac6.mcu.externaltools.arm-none.macos64_1.17.0.201812190825/tools/compiler/bin/../lib/gcc/arm-none-eabi/7.3.1/../../../../arm-none-eabi/lib/thumb/v7-m/libm.a(lib_a-w_pow.o)
                0x000000000800eb74                pow
 .text.sqrt     0x000000000800eea8       0xbc /Applications/Eclipse.app/Contents/Eclipse/plugins/fr.ac6.mcu.externaltools.arm-none.macos64_1.17.0.201812190825/tools/compiler/bin/../lib/gcc/arm-none-eabi/7.3.1/../../../../arm-none-eabi/lib/thumb/v7-m/libm.a(lib_a-w_sqrt.o)
                0x000000000800eea8                sqrt
 *fill*         0x000000000800ef64        0x4 
 .text.__ieee754_atan2
                0x000000000800ef68      0x1b4 /Applications/Eclipse.app/Contents/Eclipse/plugins/fr.ac6.mcu.externaltools.arm-none.macos64_1.17.0.201812190825/tools/compiler/bin/../lib/gcc/arm-none-eabi/7.3.1/../../../../arm-none-eabi/lib/thumb/v7-m/libm.a(lib_a-e_atan2.o)
                0x000000000800ef68                __ieee754_atan2
 *fill*         0x000000000800f11c        0x4 
 .text.__ieee754_pow
                0x000000000800f120      0xae4 /Applications/Eclipse.app/Contents/Eclipse/plugins/fr.ac6.mcu.externaltools.arm-none.macos64_1.17.0.201812190825/tools/compiler/bin/../lib/gcc/arm-none-eabi/7.3.1/../../../../arm-none-eabi/lib/thumb/v7-m/libm.a(lib_a-e_pow.o)
                0x000000000800f120                __ieee754_pow
 .text.__ieee754_sqrt
                0x000000000800fc04      0x184 /Applications/Eclipse.app/Contents/Eclipse/plugins/fr.ac6.mcu.externaltools.arm-none.macos64_1.17.0.201812190825/tools/compiler/bin/../lib/gcc/arm-none-eabi/7.3.1/../../../../arm-none-eabi/lib/thumb/v7-m/libm.a(lib_a-e_sqrt.o)
                0x000000000800fc04                __ieee754_sqrt
 .text.atan     0x000000000800fd88      0x31c /Applications/Eclipse.app/Contents/Eclipse/plugins/fr.ac6.mcu.externaltools.arm-none.macos64_1.17.0.201812190825/tools/compiler/bin/../lib/gcc/arm-none-eabi/7.3.1/../../../../arm-none-eabi/lib/thumb/v7-m/libm.a(lib_a-s_atan.o)
                0x000000000800fd88                atan
 .text.fabs     0x00000000080100a4        0x8 /Applications/Eclipse.app/Contents/Eclipse/plugins/fr.ac6.mcu.externaltools.arm-none.macos64_1.17.0.201812190825/tools/compiler/bin/../lib/gcc/arm-none-eabi/7.3.1/../../../../arm-none-eabi/lib/thumb/v7-m/libm.a(lib_a-s_fabs.o)
                0x00000000080100a4                fabs
 .text.finite   0x00000000080100ac        0xc /Applications/Eclipse.app/Contents/Eclipse/plugins/fr.ac6.mcu.externaltools.arm-none.macos64_1.17.0.201812190825/tools/compiler/bin/../lib/gcc/arm-none-eabi/7.3.1/../../../../arm-none-eabi/lib/thumb/v7-m/libm.a(lib_a-s_finite.o)
                0x00000000080100ac                finite
 .text.matherr  0x00000000080100b8        0x4 /Applications/Eclipse.app/Contents/Eclipse/plugins/fr.ac6.mcu.externaltools.arm-none.macos64_1.17.0.201812190825/tools/compiler/bin/../lib/gcc/arm-none-eabi/7.3.1/../../../../arm-none-eabi/lib/thumb/v7-m/libm.a(lib_a-s_matherr.o)
                0x00000000080100b8                matherr
 .text.nan      0x00000000080100bc        0xc /Applications/Eclipse.app/Contents/Eclipse/plugins/fr.ac6.mcu.externaltools.arm-none.macos64_1.17.0.201812190825/tools/compiler/bin/../lib/gcc/arm-none-eabi/7.3.1/../../../../arm-none-eabi/lib/thumb/v7-m/libm.a(lib_a-s_nan.o)
                0x00000000080100bc                nan
 .text.rint     0x00000000080100c8      0x118 /Applications/Eclipse.app/Contents/Eclipse/plugins/fr.ac6.mcu.externaltools.arm-none.macos64_1.17.0.201812190825/tools/compiler/bin/../lib/gcc/arm-none-eabi/7.3.1/../../../../arm-none-eabi/lib/thumb/v7-m/libm.a(lib_a-s_rint.o)
                0x00000000080100c8                rint
 .text.scalbn   0x00000000080101e0       0xe4 /Applications/Eclipse.app/Contents/Eclipse/plugins/fr.ac6.mcu.externaltools.arm-none.macos64_1.17.0.201812190825/tools/compiler/bin/../lib/gcc/arm-none-eabi/7.3.1/../../../../arm-none-eabi/lib/thumb/v7-m/libm.a(lib_a-s_scalbn.o)
                0x00000000080101e0                scalbn
 .text.copysign
                0x00000000080102c4       0x10 /Applications/Eclipse.app/Contents/Eclipse/plugins/fr.ac6.mcu.externaltools.arm-none.macos64_1.17.0.201812190825/tools/compiler/bin/../lib/gcc/arm-none-eabi/7.3.1/../../../../arm-none-eabi/lib/thumb/v7-m/libm.a(lib_a-s_copysign.o)
                0x00000000080102c4                copysign
 .text.__errno  0x00000000080102d4        0xc /Applications/Eclipse.app/Contents/Eclipse/plugins/fr.ac6.mcu.externaltools.arm-none.macos64_1.17.0.201812190825/tools/compiler/bin/../lib/gcc/arm-none-eabi/7.3.1/../../../../arm-none-eabi/lib/thumb/v7-m/libc_nano.a(lib_a-errno.o)
                0x00000000080102d4                __errno
 .text.__libc_init_array
                0x00000000080102e0       0x48 /Applications/Eclipse.app/Contents/Eclipse/plugins/fr.ac6.mcu.externaltools.arm-none.macos64_1.17.0.201812190825/tools/compiler/bin/../lib/gcc/arm-none-eabi/7.3.1/../../../../arm-none-eabi/lib/thumb/v7-m/libc_nano.a(lib_a-init.o)
                0x00000000080102e0                __libc_init_array
 .text.memcpy   0x0000000008010328       0x16 /Applications/Eclipse.app/Contents/Eclipse/plugins/fr.ac6.mcu.externaltools.arm-none.macos64_1.17.0.201812190825/tools/compiler/bin/../lib/gcc/arm-none-eabi/7.3.1/../../../../arm-none-eabi/lib/thumb/v7-m/libc_nano.a(lib_a-memcpy-stub.o)
                0x0000000008010328                memcpy
 *(.glue_7)
 .glue_7        0x000000000801033e        0x0 linker stubs
 *(.glue_7t)
 .glue_7t       0x000000000801033e        0x0 linker stubs
 *(.eh_frame)
 *fill*         0x000000000801033e        0x2 
 .eh_frame      0x0000000008010340        0x0 /Applications/Eclipse.app/Contents/Eclipse/plugins/fr.ac6.mcu.externaltools.arm-none.macos64_1.17.0.201812190825/tools/compiler/bin/../lib/gcc/arm-none-eabi/7.3.1/thumb/v7-m/crtbegin.o
 *(.init)
 .init          0x0000000008010340        0x4 /Applications/Eclipse.app/Contents/Eclipse/plugins/fr.ac6.mcu.externaltools.arm-none.macos64_1.17.0.201812190825/tools/compiler/bin/../lib/gcc/arm-none-eabi/7.3.1/thumb/v7-m/crti.o
                0x0000000008010340                _init
 .init          0x0000000008010344        0x8 /Applications/Eclipse.app/Contents/Eclipse/plugins/fr.ac6.mcu.externaltools.arm-none.macos64_1.17.0.201812190825/tools/compiler/bin/../lib/gcc/arm-none-eabi/7.3.1/thumb/v7-m/crtn.o
 *(.fini)
 .fini          0x000000000801034c        0x4 /Applications/Eclipse.app/Contents/Eclipse/plugins/fr.ac6.mcu.externaltools.arm-none.macos64_1.17.0.201812190825/tools/compiler/bin/../lib/gcc/arm-none-eabi/7.3.1/thumb/v7-m/crti.o
                0x000000000801034c                _fini
 .fini          0x0000000008010350        0x8 /Applications/Eclipse.app/Contents/Eclipse/plugins/fr.ac6.mcu.externaltools.arm-none.macos64_1.17.0.201812190825/tools/compiler/bin/../lib/gcc/arm-none-eabi/7.3.1/thumb/v7-m/crtn.o
                0x0000000008010358                . = ALIGN (0x4)
                0x0000000008010358                _etext = .

.vfp11_veneer   0x0000000008010358        0x0
 .vfp11_veneer  0x0000000008010358        0x0 linker stubs

.v4_bx          0x0000000008010358        0x0
 .v4_bx         0x0000000008010358        0x0 linker stubs

.iplt           0x0000000008010358        0x0
 .iplt          0x0000000008010358        0x0 /Applications/Eclipse.app/Contents/Eclipse/plugins/fr.ac6.mcu.externaltools.arm-none.macos64_1.17.0.201812190825/tools/compiler/bin/../lib/gcc/arm-none-eabi/7.3.1/thumb/v7-m/crtbegin.o

.rodata         0x0000000008010358      0x558
                0x0000000008010358                . = ALIGN (0x4)
 *(.rodata)
 .rodata        0x0000000008010358       0x12 Drivers/STM32F1xx_HAL_Driver/Src/stm32f1xx_hal_rcc.o
 *fill*         0x000000000801036a        0x2 
 .rodata        0x000000000801036c       0x12 Drivers/STM32F1xx_HAL_Driver/Src/stm32f1xx_hal_rcc_ex.o
 *fill*         0x000000000801037e        0x2 
 .rodata        0x0000000008010380      0x45a Src/main.o
 *fill*         0x00000000080107da        0x2 
 .rodata        0x00000000080107dc       0x18 Src/system_stm32f1xx.o
                0x00000000080107dc                AHBPrescTable
                0x00000000080107ec                APBPrescTable
 *(.rodata*)
 .rodata.str1.4
                0x00000000080107f4        0xd Src/adc.o
 *fill*         0x0000000008010801        0x3 
 .rodata.str1.4
                0x0000000008010804        0xd Src/dac.o
 *fill*         0x0000000008010811        0x3 
 .rodata.str1.4
                0x0000000008010814        0xe Src/main.o
 *fill*         0x0000000008010822        0x2 
 .rodata.str1.4
                0x0000000008010824        0xd Src/rtc.o
 *fill*         0x0000000008010831        0x3 
 .rodata.str1.4
                0x0000000008010834        0xd Src/spi.o
 *fill*         0x0000000008010841        0x3 
 .rodata.str1.4
                0x0000000008010844        0xf Src/usart.o
 *fill*         0x0000000008010853        0x1 
 .rodata.pow.str1.4
                0x0000000008010854        0x4 /Applications/Eclipse.app/Contents/Eclipse/plugins/fr.ac6.mcu.externaltools.arm-none.macos64_1.17.0.201812190825/tools/compiler/bin/../lib/gcc/arm-none-eabi/7.3.1/../../../../arm-none-eabi/lib/thumb/v7-m/libm.a(lib_a-w_pow.o)
 .rodata.sqrt.str1.4
                0x0000000008010858        0x5 /Applications/Eclipse.app/Contents/Eclipse/plugins/fr.ac6.mcu.externaltools.arm-none.macos64_1.17.0.201812190825/tools/compiler/bin/../lib/gcc/arm-none-eabi/7.3.1/../../../../arm-none-eabi/lib/thumb/v7-m/libm.a(lib_a-w_sqrt.o)
 .rodata.__ieee754_pow.str1.4
                0x000000000801085d        0x8 /Applications/Eclipse.app/Contents/Eclipse/plugins/fr.ac6.mcu.externaltools.arm-none.macos64_1.17.0.201812190825/tools/compiler/bin/../lib/gcc/arm-none-eabi/7.3.1/../../../../arm-none-eabi/lib/thumb/v7-m/libm.a(lib_a-e_pow.o)
                                          0x1 (size before relaxing)
 *fill*         0x000000000801085d        0x3 
 .rodata.atanhi
                0x0000000008010860       0x20 /Applications/Eclipse.app/Contents/Eclipse/plugins/fr.ac6.mcu.externaltools.arm-none.macos64_1.17.0.201812190825/tools/compiler/bin/../lib/gcc/arm-none-eabi/7.3.1/../../../../arm-none-eabi/lib/thumb/v7-m/libm.a(lib_a-s_atan.o)
 .rodata.atanlo
                0x0000000008010880       0x20 /Applications/Eclipse.app/Contents/Eclipse/plugins/fr.ac6.mcu.externaltools.arm-none.macos64_1.17.0.201812190825/tools/compiler/bin/../lib/gcc/arm-none-eabi/7.3.1/../../../../arm-none-eabi/lib/thumb/v7-m/libm.a(lib_a-s_atan.o)
 .rodata.TWO52  0x00000000080108a0       0x10 /Applications/Eclipse.app/Contents/Eclipse/plugins/fr.ac6.mcu.externaltools.arm-none.macos64_1.17.0.201812190825/tools/compiler/bin/../lib/gcc/arm-none-eabi/7.3.1/../../../../arm-none-eabi/lib/thumb/v7-m/libm.a(lib_a-s_rint.o)
                0x00000000080108b0                . = ALIGN (0x4)

.rel.dyn        0x00000000080108b0        0x0
 .rel.iplt      0x00000000080108b0        0x0 /Applications/Eclipse.app/Contents/Eclipse/plugins/fr.ac6.mcu.externaltools.arm-none.macos64_1.17.0.201812190825/tools/compiler/bin/../lib/gcc/arm-none-eabi/7.3.1/thumb/v7-m/crtbegin.o

.ARM.extab
 *(.ARM.extab* .gnu.linkonce.armextab.*)

.ARM            0x00000000080108b0        0x0
                0x00000000080108b0                __exidx_start = .
 *(.ARM.exidx*)
                0x00000000080108b0                __exidx_end = .

.preinit_array  0x00000000080108b0        0x0
                0x00000000080108b0                PROVIDE (__preinit_array_start = .)
 *(.preinit_array*)
                0x00000000080108b0                PROVIDE (__preinit_array_end = .)

.init_array     0x00000000080108b0        0x4
                0x00000000080108b0                PROVIDE (__init_array_start = .)
 *(SORT_BY_NAME(.init_array.*))
 *(.init_array*)
 .init_array    0x00000000080108b0        0x4 /Applications/Eclipse.app/Contents/Eclipse/plugins/fr.ac6.mcu.externaltools.arm-none.macos64_1.17.0.201812190825/tools/compiler/bin/../lib/gcc/arm-none-eabi/7.3.1/thumb/v7-m/crtbegin.o
                0x00000000080108b4                PROVIDE (__init_array_end = .)

.fini_array     0x00000000080108b4        0x4
                [!provide]                        PROVIDE (__fini_array_start = .)
 *(SORT_BY_NAME(.fini_array.*))
 *(.fini_array*)
 .fini_array    0x00000000080108b4        0x4 /Applications/Eclipse.app/Contents/Eclipse/plugins/fr.ac6.mcu.externaltools.arm-none.macos64_1.17.0.201812190825/tools/compiler/bin/../lib/gcc/arm-none-eabi/7.3.1/thumb/v7-m/crtbegin.o
                [!provide]                        PROVIDE (__fini_array_end = .)
                0x00000000080108b8                _sidata = LOADADDR (.data)

.data           0x0000000020000000      0xc0c load address 0x00000000080108b8
                0x0000000020000000                . = ALIGN (0x4)
                0x0000000020000000                _sdata = .
 *(.data)
 .data          0x0000000020000000        0x8 Drivers/STM32F1xx_HAL_Driver/Src/stm32f1xx_hal.o
                0x0000000020000000                uwTickFreq
                0x0000000020000004                uwTickPrio
 .data          0x0000000020000008       0x3c Src/AD5933.o
                0x0000000020000008                R_Correction
                0x0000000020000024                hz
                0x0000000020000028                K_Correction
 .data          0x0000000020000044      0xb59 Src/main.o
                0x0000000020000044                ShowPageStatusCMD
                0x0000000020000054                ShowElectrodeStatusCMD
                0x0000000020000061                Relay_Flag
                0x0000000020000064                ShowTimeNum3CMD
                0x0000000020000074                ShowTimeNum2CMD
                0x0000000020000084                ShowTimeNum1CMD
                0x0000000020000094                ShowTimeNum5CMD
                0x00000000200000a4                ShowTimeNum4CMD
                0x00000000200000b4                ShowDateNum4CMD
                0x00000000200000c4                ShowDateNum3CMD
                0x00000000200000d4                ShowDateNum7CMD
                0x00000000200000e4                ShowDateNum6CMD
                0x00000000200000f4                ShowDateNum10CMD
                0x0000000020000104                ShowDateNum9CMD
                0x0000000020000114                ShowDateNum1CMD
                0x0000000020000124                ShowDateNum2CMD
                0x0000000020000134                ShowDateNum5CMD
                0x0000000020000144                ShowDateNum8CMD
                0x0000000020000154                ChangeBrightnessCMD
                0x0000000020000160                SetBackWhiteCMD
                0x0000000020000168                ClearBackBlackCMD
                0x0000000020000170                NTC30K
                0x0000000020000300                range
                0x0000000020000304                ShowConfModeCMD
                0x0000000020000314                ShowConfTempModeCMD
                0x0000000020000324                ShowConfTempNum1CMD
                0x0000000020000334                ShowConfTempNum4CMD
                0x0000000020000344                ShowConfTempNum2CMD
                0x0000000020000354                ShowConfTempNum3CMD
                0x0000000020000364                ShowConfTempNowNum1CMD
                0x0000000020000374                ShowConfTempNowNum4CMD
                0x0000000020000384                ShowConfTempNowNum2CMD
                0x0000000020000394                ShowConfTempNowNum3CMD
                0x00000000200003a4                ShowConfPage1CMD
                0x00000000200003b4                ShowConfTempUnitCMD
                0x00000000200003c4                ShowConfTempNowUnitCMD
                0x00000000200003d4                ShowConfigSelect1CMD
                0x00000000200003e4                ShowConfigSelect2CMD
                0x00000000200003f4                ShowConf20mANum1CMD
                0x0000000020000404                ShowConf20mANum5CMD
                0x0000000020000414                ShowConf20mANum4CMD
                0x0000000020000424                ShowConf20mANum2CMD
                0x0000000020000434                ShowConf20mANum3CMD
                0x0000000020000444                ShowConf20mAUnitCMD
                0x0000000020000454                ShowConfPage1_2CMD
                0x0000000020000464                ShowConf4mAUnitCMD
                0x0000000020000474                ShowConf4mANum00CMD
                0x0000000020000484                ShowConf4mANum0CMD
                0x0000000020000494                ShowConf4mANum1CMD
                0x00000000200004a4                ShowConf4mANum5CMD
                0x00000000200004b4                ShowConf4mANum4CMD
                0x00000000200004c4                ShowConf4mANum2CMD
                0x00000000200004d4                ShowConf4mANum3CMD
                0x00000000200004e4                ShowConf20mANum00CMD
                0x00000000200004f4                ShowConf20mANum0CMD
                0x0000000020000504                ShowConf4mATempNum1CMD
                0x0000000020000514                ShowConf4mATempNum4CMD
                0x0000000020000524                ShowConf4mATempNum2CMD
                0x0000000020000534                ShowConf4mATempNum3CMD
                0x0000000020000544                ShowConf4mATempUnitCMD
                0x0000000020000554                ShowConf20mATempNum1CMD
                0x0000000020000564                ShowConf20mATempNum4CMD
                0x0000000020000574                ShowConf20mATempNum2CMD
                0x0000000020000584                ShowConf20mATempNum3CMD
                0x0000000020000594                ShowConf20mATempUnitCMD
                0x00000000200005a4                ShowConfigPage2CMD
                0x00000000200005b4                ShowConfUpLimitAutoCMD
                0x00000000200005c4                ShowConfUpLimitUnitCMD
                0x00000000200005d4                ShowConfUpLimitNum00CMD
                0x00000000200005e4                ShowConfUpLimitNum0CMD
                0x00000000200005f4                ShowConfUpLimitNum1CMD
                0x0000000020000604                ShowConfUpLimitNum5CMD
                0x0000000020000614                ShowConfUpLimitNum4CMD
                0x0000000020000624                ShowConfUpLimitNum2CMD
                0x0000000020000634                ShowConfUpLimitNum3CMD
                0x0000000020000644                ShowConfLimitDelayUnitCMD
                0x0000000020000654                ShowConfUpLimitDelayNum00CMD
                0x0000000020000664                ShowConfUpLimitDelayNum0CMD
                0x0000000020000674                ShowConfUpLimitDelayNum1CMD
                0x0000000020000684                ShowConfUpLimitDelayNum5CMD
                0x0000000020000694                ShowConfUpLimitDelayNum4CMD
                0x00000000200006a4                ShowConfUpLimitDelayNum2CMD
                0x00000000200006b4                ShowConfUpLimitDelayNum3CMD
                0x00000000200006c4                ShowConfigPage3CMD
                0x00000000200006d4                ShowConfLowLimitAutoCMD
                0x00000000200006e4                ShowConfLowLimitUnitCMD
                0x00000000200006f4                ShowConfLowLimitNum00CMD
                0x0000000020000704                ShowConfLowLimitNum0CMD
                0x0000000020000714                ShowConfLowLimitNum1CMD
                0x0000000020000724                ShowConfLowLimitNum5CMD
                0x0000000020000734                ShowConfLowLimitNum4CMD
                0x0000000020000744                ShowConfLowLimitNum2CMD
                0x0000000020000754                ShowConfLowLimitNum3CMD
                0x0000000020000764                ShowConfLowLimitDelayNum00CMD
                0x0000000020000774                ShowConfLowLimitDelayNum0CMD
                0x0000000020000784                ShowConfLowLimitDelayNum1CMD
                0x0000000020000794                ShowConfLowLimitDelayNum5CMD
                0x00000000200007a4                ShowConfLowLimitDelayNum4CMD
                0x00000000200007b4                ShowConfLowLimitDelayNum2CMD
                0x00000000200007c4                ShowConfLowLimitDelayNum3CMD
                0x00000000200007d4                ShowConfigPage4CMD
                0x00000000200007e4                ShowConfWashHoldTimeNum1CMD
                0x00000000200007f4                ShowConfWashHoldTimeNum2CMD
                0x0000000020000804                ShowConfWashHoldTimeUnitCMD
                0x0000000020000814                ShowConfWashDelayTimeNum1CMD
                0x0000000020000824                ShowConfWashDelayTimeNum2CMD
                0x0000000020000834                ShowConfWashDelayTimeUnitCMD
                0x0000000020000844                ShowConfFilterNum1CMD
                0x0000000020000854                ShowConfFilterNum2CMD
                0x0000000020000864                ShowConfFilterUnitCMD
                0x0000000020000874                ShowConfBrightnessNum2CMD
                0x0000000020000884                ShowConfBrightnessNum1CMD
                0x0000000020000894                ShowConfigPage5CMD
                0x00000000200008a4                ShowConfigPage7CMD
                0x00000000200008b4                ShowConfigPage8CMD
                0x00000000200008c4                ShowConfigPage6CMD
                0x00000000200008d4                ShowCalTypeCMD
                0x00000000200008e4                ShowCalPage2CMD
                0x00000000200008f4                ShowCalPage1CMD
                0x0000000020000904                ShowConf4mATempNum5CMD
                0x0000000020000914                ShowCalPPMFixedUnitCMD
                0x0000000020000924                SetForeBlackCMD
                0x000000002000092c                ShowConfigUnselect1CMD
                0x000000002000093c                ShowConfigSelect3CMD
                0x000000002000094c                ShowConfigUnselect2CMD
                0x000000002000095c                ShowConfigSelect4CMD
                0x000000002000096c                ShowConfigUnselect3CMD
                0x000000002000097c                ShowConfigSelect5CMD
                0x000000002000098c                ShowPassWPageCMD
                0x000000002000099c                ShowCalingStatusCMD
                0x00000000200009ac                ShowCalFinishStatus1CMD
                0x00000000200009bc                ShowCalFinishStatus2CMD
                0x00000000200009cc                ShowHistoryPage1CMD
                0x00000000200009dc                SetForeGrayCMD
                0x00000000200009e4                Show200mScmCMD
                0x00000000200009f8                Show150mScmCMD
                0x0000000020000a0c                Show100mScmCMD
                0x0000000020000a20                Show50mScmCMD
                0x0000000020000a34                Show0mScmCMD
                0x0000000020000a48                Show20MRCMD
                0x0000000020000a5c                Show15MRCMD
                0x0000000020000a70                Show10MRCMD
                0x0000000020000a84                Show5MRCMD
                0x0000000020000a98                Show0MRCMD
                0x0000000020000aac                Show700pptCMD
                0x0000000020000ac0                Show525pptCMD
                0x0000000020000ad4                Show350pptCMD
                0x0000000020000ae8                Show175pptCMD
                0x0000000020000afc                Show0pptCMD
                0x0000000020000b10                SetForeRedCMD
                0x0000000020000b18                ShowHistoryTime1CMD
                0x0000000020000b38                ShowHistoryTime2CMD
                0x0000000020000b54                SetForeBlueCMD
                0x0000000020000b5c                lastHours
                0x0000000020000b60                ShowConf20mATempNum5CMD
                0x0000000020000b70                ShowConfigUnselect4CMD
                0x0000000020000b80                ShowWashStatusCMD
                0x0000000020000b90                ShowAlarmStatusCMD
 *fill*         0x0000000020000b9d        0x3 
 .data          0x0000000020000ba0        0x4 Src/system_stm32f1xx.o
                0x0000000020000ba0                SystemCoreClock
 *(.data*)
 .data.__fdlib_version
                0x0000000020000ba4        0x1 /Applications/Eclipse.app/Contents/Eclipse/plugins/fr.ac6.mcu.externaltools.arm-none.macos64_1.17.0.201812190825/tools/compiler/bin/../lib/gcc/arm-none-eabi/7.3.1/../../../../arm-none-eabi/lib/thumb/v7-m/libm.a(lib_a-s_lib_ver.o)
                0x0000000020000ba4                __fdlib_version
 *fill*         0x0000000020000ba5        0x3 
 .data._impure_ptr
                0x0000000020000ba8        0x4 /Applications/Eclipse.app/Contents/Eclipse/plugins/fr.ac6.mcu.externaltools.arm-none.macos64_1.17.0.201812190825/tools/compiler/bin/../lib/gcc/arm-none-eabi/7.3.1/../../../../arm-none-eabi/lib/thumb/v7-m/libc_nano.a(lib_a-impure.o)
                0x0000000020000ba8                _impure_ptr
 .data.impure_data
                0x0000000020000bac       0x60 /Applications/Eclipse.app/Contents/Eclipse/plugins/fr.ac6.mcu.externaltools.arm-none.macos64_1.17.0.201812190825/tools/compiler/bin/../lib/gcc/arm-none-eabi/7.3.1/../../../../arm-none-eabi/lib/thumb/v7-m/libc_nano.a(lib_a-impure.o)
                0x0000000020000c0c                . = ALIGN (0x4)
                0x0000000020000c0c                _edata = .

.igot.plt       0x0000000020000c0c        0x0 load address 0x00000000080114c4
 .igot.plt      0x0000000020000c0c        0x0 /Applications/Eclipse.app/Contents/Eclipse/plugins/fr.ac6.mcu.externaltools.arm-none.macos64_1.17.0.201812190825/tools/compiler/bin/../lib/gcc/arm-none-eabi/7.3.1/thumb/v7-m/crtbegin.o
                0x0000000020000c0c                . = ALIGN (0x4)

.bss            0x0000000020000c10     0x1594 load address 0x00000000080114c4
                0x0000000020000c10                _sbss = .
                0x0000000020000c10                __bss_start__ = _sbss
 *(.bss)
 .bss           0x0000000020000c10       0x1c /Applications/Eclipse.app/Contents/Eclipse/plugins/fr.ac6.mcu.externaltools.arm-none.macos64_1.17.0.201812190825/tools/compiler/bin/../lib/gcc/arm-none-eabi/7.3.1/thumb/v7-m/crtbegin.o
 .bss           0x0000000020000c2c       0x1c Src/AD5933.o
                0x0000000020000c2c                rads_Correction
 .bss           0x0000000020000c48       0x3c Src/main.o
                0x0000000020000c48                Flashed
                0x0000000020000c4c                Sensor_Status
                0x0000000020000c50                Relay_Flag_Low
                0x0000000020000c51                Relay_Flag_Up
                0x0000000020000c52                Relay_WASH_Flag
                0x0000000020000c53                refreshFlag
                0x0000000020000c54                filterCNT
                0x0000000020000c55                calFlag
                0x0000000020000c64                historyFlag
                0x0000000020000c65                SPI_Flashed
                0x0000000020000c66                configFlag
                0x0000000020000c68                Button_Cal_Flag
                0x0000000020000c70                Button_Conf_Flag
                0x0000000020000c78                Button_Right_Flag
                0x0000000020000c80                Sensor_Time
 *(.bss*)
 *(COMMON)
 COMMON         0x0000000020000c84        0x4 Drivers/STM32F1xx_HAL_Driver/Src/stm32f1xx_hal.o
                0x0000000020000c84                uwTick
 COMMON         0x0000000020000c88       0x20 Drivers/STM32F1xx_HAL_Driver/Src/stm32f1xx_hal_flash.o
                0x0000000020000c88                pFlash
 COMMON         0x0000000020000ca8       0x38 Src/AD5933.o
                0x0000000020000ca8                rads
                0x0000000020000cb8                resistance
 COMMON         0x0000000020000ce0       0x74 Src/adc.o
                0x0000000020000ce0                hadc1
                0x0000000020000d10                hdma_adc1
 COMMON         0x0000000020000d54       0x14 Src/bsp_rtc.o
                0x0000000020000d54                hrtc
 COMMON         0x0000000020000d68       0x14 Src/dac.o
                0x0000000020000d68                hdac
 COMMON         0x0000000020000d7c     0x134c Src/main.o
                0x0000000020000d7c                sdateconftempstructureget
                0x0000000020000d80                sdatewashholdstructureget
                0x0000000020000d84                sdateconfstructureget
                0x0000000020000d88                f_Temp
                0x0000000020000d8c                History_TIME
                0x000000002000123c                sTime
                0x0000000020001240                tempdata
                0x00000000200012a8                f_Rs_filter
                0x00000000200012ac                f_Rs
                0x00000000200012b0                History_DATE
                0x00000000200018f0                sdatestructureget
                0x00000000200018f4                DateToUpdate
                0x00000000200018f8                stimelowlimitdelaystructureget
                0x00000000200018fc                f_Rs_fixed
                0x00000000200019ec                stimeuplimitdelaystructureget
                0x00000000200019f0                stimewashstructureget
                0x00000000200019f4                History_PPM
                0x0000000020002034                f_Temp_fixed
                0x0000000020002038                stimestructureget
                0x000000002000203c                sdatelowlimitdelaystructureget
                0x0000000020002040                ADC_ConvertedValue
                0x0000000020002048                sdateuplimitdelaystructureget
                0x000000002000204c                stimewashholdstructureget
                0x0000000020002050                sdatewashstructureget
                0x0000000020002054                f_k
                0x0000000020002058                stimeconftempstructureget
                0x000000002000205c                stimeconfstructureget
                0x0000000020002060                savedata
 COMMON         0x00000000200020c8       0x58 Src/spi.o
                0x00000000200020c8                hspi2
 COMMON         0x0000000020002120       0x84 Src/usart.o
                0x0000000020002120                hdma_usart1_rx
                0x0000000020002164                huart1
                0x00000000200021a4                . = ALIGN (0x4)
                0x00000000200021a4                _ebss = .
                0x00000000200021a4                __bss_end__ = _ebss

._user_heap_stack
                0x00000000200021a4      0x604 load address 0x00000000080114c4
                0x00000000200021a8                . = ALIGN (0x8)
 *fill*         0x00000000200021a4        0x4 
                0x00000000200021a8                PROVIDE (end = .)
                [!provide]                        PROVIDE (_end = .)
                0x00000000200023a8                . = (. + _Min_Heap_Size)
 *fill*         0x00000000200021a8      0x200 
                0x00000000200027a8                . = (. + _Min_Stack_Size)
 *fill*         0x00000000200023a8      0x400 
                0x00000000200027a8                . = ALIGN (0x8)

/DISCARD/
 libc.a(*)
 libm.a(*)
 libgcc.a(*)

.ARM.attributes
                0x0000000000000000       0x29
 *(.ARM.attributes)
 .ARM.attributes
                0x0000000000000000       0x1d /Applications/Eclipse.app/Contents/Eclipse/plugins/fr.ac6.mcu.externaltools.arm-none.macos64_1.17.0.201812190825/tools/compiler/bin/../lib/gcc/arm-none-eabi/7.3.1/thumb/v7-m/crti.o
 .ARM.attributes
                0x000000000000001d       0x2d /Applications/Eclipse.app/Contents/Eclipse/plugins/fr.ac6.mcu.externaltools.arm-none.macos64_1.17.0.201812190825/tools/compiler/bin/../lib/gcc/arm-none-eabi/7.3.1/thumb/v7-m/crtbegin.o
 .ARM.attributes
                0x000000000000004a       0x33 Drivers/STM32F1xx_HAL_Driver/Src/stm32f1xx_hal.o
 .ARM.attributes
                0x000000000000007d       0x33 Drivers/STM32F1xx_HAL_Driver/Src/stm32f1xx_hal_adc.o
 .ARM.attributes
                0x00000000000000b0       0x33 Drivers/STM32F1xx_HAL_Driver/Src/stm32f1xx_hal_adc_ex.o
 .ARM.attributes
                0x00000000000000e3       0x33 Drivers/STM32F1xx_HAL_Driver/Src/stm32f1xx_hal_cortex.o
 .ARM.attributes
                0x0000000000000116       0x33 Drivers/STM32F1xx_HAL_Driver/Src/stm32f1xx_hal_dac.o
 .ARM.attributes
                0x0000000000000149       0x33 Drivers/STM32F1xx_HAL_Driver/Src/stm32f1xx_hal_dma.o
 .ARM.attributes
                0x000000000000017c       0x33 Drivers/STM32F1xx_HAL_Driver/Src/stm32f1xx_hal_flash.o
 .ARM.attributes
                0x00000000000001af       0x33 Drivers/STM32F1xx_HAL_Driver/Src/stm32f1xx_hal_flash_ex.o
 .ARM.attributes
                0x00000000000001e2       0x33 Drivers/STM32F1xx_HAL_Driver/Src/stm32f1xx_hal_gpio.o
 .ARM.attributes
                0x0000000000000215       0x33 Drivers/STM32F1xx_HAL_Driver/Src/stm32f1xx_hal_pwr.o
 .ARM.attributes
                0x0000000000000248       0x33 Drivers/STM32F1xx_HAL_Driver/Src/stm32f1xx_hal_rcc.o
 .ARM.attributes
                0x000000000000027b       0x33 Drivers/STM32F1xx_HAL_Driver/Src/stm32f1xx_hal_rcc_ex.o
 .ARM.attributes
                0x00000000000002ae       0x33 Drivers/STM32F1xx_HAL_Driver/Src/stm32f1xx_hal_rtc.o
 .ARM.attributes
                0x00000000000002e1       0x33 Drivers/STM32F1xx_HAL_Driver/Src/stm32f1xx_hal_rtc_ex.o
 .ARM.attributes
                0x0000000000000314       0x33 Drivers/STM32F1xx_HAL_Driver/Src/stm32f1xx_hal_spi.o
 .ARM.attributes
                0x0000000000000347       0x33 Drivers/STM32F1xx_HAL_Driver/Src/stm32f1xx_hal_spi_ex.o
 .ARM.attributes
                0x000000000000037a       0x33 Drivers/STM32F1xx_HAL_Driver/Src/stm32f1xx_hal_uart.o
 .ARM.attributes
                0x00000000000003ad       0x33 Src/AD5933.o
 .ARM.attributes
                0x00000000000003e0       0x33 Src/adc.o
 .ARM.attributes
                0x0000000000000413       0x33 Src/bsp_rtc.o
 .ARM.attributes
                0x0000000000000446       0x33 Src/bsp_spi_flash.o
 .ARM.attributes
                0x0000000000000479       0x33 Src/dac.o
 .ARM.attributes
                0x00000000000004ac       0x33 Src/delay.o
 .ARM.attributes
                0x00000000000004df       0x33 Src/gpio.o
 .ARM.attributes
                0x0000000000000512       0x33 Src/main.o
 .ARM.attributes
                0x0000000000000545       0x33 Src/rtc.o
 .ARM.attributes
                0x0000000000000578       0x33 Src/spi.o
 .ARM.attributes
                0x00000000000005ab       0x33 Src/stm32f1xx_hal_msp.o
 .ARM.attributes
                0x00000000000005de       0x33 Src/stm32f1xx_it.o
 .ARM.attributes
                0x0000000000000611       0x33 Src/system_stm32f1xx.o
 .ARM.attributes
                0x0000000000000644       0x33 Src/usart.o
 .ARM.attributes
                0x0000000000000677       0x21 startup/startup_stm32f103xe.o
 .ARM.attributes
                0x0000000000000698       0x2d /Applications/Eclipse.app/Contents/Eclipse/plugins/fr.ac6.mcu.externaltools.arm-none.macos64_1.17.0.201812190825/tools/compiler/bin/../lib/gcc/arm-none-eabi/7.3.1/../../../../arm-none-eabi/lib/thumb/v7-m/libm.a(lib_a-w_atan2.o)
 .ARM.attributes
                0x00000000000006c5       0x2d /Applications/Eclipse.app/Contents/Eclipse/plugins/fr.ac6.mcu.externaltools.arm-none.macos64_1.17.0.201812190825/tools/compiler/bin/../lib/gcc/arm-none-eabi/7.3.1/../../../../arm-none-eabi/lib/thumb/v7-m/libm.a(lib_a-w_pow.o)
 .ARM.attributes
                0x00000000000006f2       0x2d /Applications/Eclipse.app/Contents/Eclipse/plugins/fr.ac6.mcu.externaltools.arm-none.macos64_1.17.0.201812190825/tools/compiler/bin/../lib/gcc/arm-none-eabi/7.3.1/../../../../arm-none-eabi/lib/thumb/v7-m/libm.a(lib_a-w_sqrt.o)
 .ARM.attributes
                0x000000000000071f       0x2d /Applications/Eclipse.app/Contents/Eclipse/plugins/fr.ac6.mcu.externaltools.arm-none.macos64_1.17.0.201812190825/tools/compiler/bin/../lib/gcc/arm-none-eabi/7.3.1/../../../../arm-none-eabi/lib/thumb/v7-m/libm.a(lib_a-e_atan2.o)
 .ARM.attributes
                0x000000000000074c       0x2d /Applications/Eclipse.app/Contents/Eclipse/plugins/fr.ac6.mcu.externaltools.arm-none.macos64_1.17.0.201812190825/tools/compiler/bin/../lib/gcc/arm-none-eabi/7.3.1/../../../../arm-none-eabi/lib/thumb/v7-m/libm.a(lib_a-e_pow.o)
 .ARM.attributes
                0x0000000000000779       0x2d /Applications/Eclipse.app/Contents/Eclipse/plugins/fr.ac6.mcu.externaltools.arm-none.macos64_1.17.0.201812190825/tools/compiler/bin/../lib/gcc/arm-none-eabi/7.3.1/../../../../arm-none-eabi/lib/thumb/v7-m/libm.a(lib_a-e_sqrt.o)
 .ARM.attributes
                0x00000000000007a6       0x2d /Applications/Eclipse.app/Contents/Eclipse/plugins/fr.ac6.mcu.externaltools.arm-none.macos64_1.17.0.201812190825/tools/compiler/bin/../lib/gcc/arm-none-eabi/7.3.1/../../../../arm-none-eabi/lib/thumb/v7-m/libm.a(lib_a-s_atan.o)
 .ARM.attributes
                0x00000000000007d3       0x2d /Applications/Eclipse.app/Contents/Eclipse/plugins/fr.ac6.mcu.externaltools.arm-none.macos64_1.17.0.201812190825/tools/compiler/bin/../lib/gcc/arm-none-eabi/7.3.1/../../../../arm-none-eabi/lib/thumb/v7-m/libm.a(lib_a-s_fabs.o)
 .ARM.attributes
                0x0000000000000800       0x2d /Applications/Eclipse.app/Contents/Eclipse/plugins/fr.ac6.mcu.externaltools.arm-none.macos64_1.17.0.201812190825/tools/compiler/bin/../lib/gcc/arm-none-eabi/7.3.1/../../../../arm-none-eabi/lib/thumb/v7-m/libm.a(lib_a-s_finite.o)
 .ARM.attributes
                0x000000000000082d       0x2d /Applications/Eclipse.app/Contents/Eclipse/plugins/fr.ac6.mcu.externaltools.arm-none.macos64_1.17.0.201812190825/tools/compiler/bin/../lib/gcc/arm-none-eabi/7.3.1/../../../../arm-none-eabi/lib/thumb/v7-m/libm.a(lib_a-s_lib_ver.o)
 .ARM.attributes
                0x000000000000085a       0x2d /Applications/Eclipse.app/Contents/Eclipse/plugins/fr.ac6.mcu.externaltools.arm-none.macos64_1.17.0.201812190825/tools/compiler/bin/../lib/gcc/arm-none-eabi/7.3.1/../../../../arm-none-eabi/lib/thumb/v7-m/libm.a(lib_a-s_matherr.o)
 .ARM.attributes
                0x0000000000000887       0x2d /Applications/Eclipse.app/Contents/Eclipse/plugins/fr.ac6.mcu.externaltools.arm-none.macos64_1.17.0.201812190825/tools/compiler/bin/../lib/gcc/arm-none-eabi/7.3.1/../../../../arm-none-eabi/lib/thumb/v7-m/libm.a(lib_a-s_nan.o)
 .ARM.attributes
                0x00000000000008b4       0x2d /Applications/Eclipse.app/Contents/Eclipse/plugins/fr.ac6.mcu.externaltools.arm-none.macos64_1.17.0.201812190825/tools/compiler/bin/../lib/gcc/arm-none-eabi/7.3.1/../../../../arm-none-eabi/lib/thumb/v7-m/libm.a(lib_a-s_rint.o)
 .ARM.attributes
                0x00000000000008e1       0x2d /Applications/Eclipse.app/Contents/Eclipse/plugins/fr.ac6.mcu.externaltools.arm-none.macos64_1.17.0.201812190825/tools/compiler/bin/../lib/gcc/arm-none-eabi/7.3.1/../../../../arm-none-eabi/lib/thumb/v7-m/libm.a(lib_a-s_scalbn.o)
 .ARM.attributes
                0x000000000000090e       0x2d /Applications/Eclipse.app/Contents/Eclipse/plugins/fr.ac6.mcu.externaltools.arm-none.macos64_1.17.0.201812190825/tools/compiler/bin/../lib/gcc/arm-none-eabi/7.3.1/../../../../arm-none-eabi/lib/thumb/v7-m/libm.a(lib_a-s_copysign.o)
 .ARM.attributes
                0x000000000000093b       0x1d /Applications/Eclipse.app/Contents/Eclipse/plugins/fr.ac6.mcu.externaltools.arm-none.macos64_1.17.0.201812190825/tools/compiler/bin/../lib/gcc/arm-none-eabi/7.3.1/thumb/v7-m/libgcc.a(_arm_addsubdf3.o)
 .ARM.attributes
                0x0000000000000958       0x1d /Applications/Eclipse.app/Contents/Eclipse/plugins/fr.ac6.mcu.externaltools.arm-none.macos64_1.17.0.201812190825/tools/compiler/bin/../lib/gcc/arm-none-eabi/7.3.1/thumb/v7-m/libgcc.a(_arm_muldivdf3.o)
 .ARM.attributes
                0x0000000000000975       0x1d /Applications/Eclipse.app/Contents/Eclipse/plugins/fr.ac6.mcu.externaltools.arm-none.macos64_1.17.0.201812190825/tools/compiler/bin/../lib/gcc/arm-none-eabi/7.3.1/thumb/v7-m/libgcc.a(_arm_cmpdf2.o)
 .ARM.attributes
                0x0000000000000992       0x1d /Applications/Eclipse.app/Contents/Eclipse/plugins/fr.ac6.mcu.externaltools.arm-none.macos64_1.17.0.201812190825/tools/compiler/bin/../lib/gcc/arm-none-eabi/7.3.1/thumb/v7-m/libgcc.a(_arm_unorddf2.o)
 .ARM.attributes
                0x00000000000009af       0x1d /Applications/Eclipse.app/Contents/Eclipse/plugins/fr.ac6.mcu.externaltools.arm-none.macos64_1.17.0.201812190825/tools/compiler/bin/../lib/gcc/arm-none-eabi/7.3.1/thumb/v7-m/libgcc.a(_arm_fixunsdfsi.o)
 .ARM.attributes
                0x00000000000009cc       0x1d /Applications/Eclipse.app/Contents/Eclipse/plugins/fr.ac6.mcu.externaltools.arm-none.macos64_1.17.0.201812190825/tools/compiler/bin/../lib/gcc/arm-none-eabi/7.3.1/thumb/v7-m/libgcc.a(_arm_truncdfsf2.o)
 .ARM.attributes
                0x00000000000009e9       0x1d /Applications/Eclipse.app/Contents/Eclipse/plugins/fr.ac6.mcu.externaltools.arm-none.macos64_1.17.0.201812190825/tools/compiler/bin/../lib/gcc/arm-none-eabi/7.3.1/thumb/v7-m/libgcc.a(_arm_addsubsf3.o)
 .ARM.attributes
                0x0000000000000a06       0x1d /Applications/Eclipse.app/Contents/Eclipse/plugins/fr.ac6.mcu.externaltools.arm-none.macos64_1.17.0.201812190825/tools/compiler/bin/../lib/gcc/arm-none-eabi/7.3.1/thumb/v7-m/libgcc.a(_arm_muldivsf3.o)
 .ARM.attributes
                0x0000000000000a23       0x1d /Applications/Eclipse.app/Contents/Eclipse/plugins/fr.ac6.mcu.externaltools.arm-none.macos64_1.17.0.201812190825/tools/compiler/bin/../lib/gcc/arm-none-eabi/7.3.1/thumb/v7-m/libgcc.a(_arm_cmpsf2.o)
 .ARM.attributes